Archive member included to satisfy reference by file (symbol)

e:/tools/stm/cubeide/stm32cubeide_1.11.0/stm32cubeide/plugins/com.st.stm32cube.ide.mcu.externaltools.gnu-tools-for-stm32.10.3-2021.10.win32_1.0.100.202210260954/tools/bin/../lib/gcc/arm-none-eabi/10.3.1/../../../../arm-none-eabi/lib/thumb/v7-m/nofp\libc_nano.a(lib_a-errno.o)
                              ./Core/Src/syscalls.o (__errno)
e:/tools/stm/cubeide/stm32cubeide_1.11.0/stm32cubeide/plugins/com.st.stm32cube.ide.mcu.externaltools.gnu-tools-for-stm32.10.3-2021.10.win32_1.0.100.202210260954/tools/bin/../lib/gcc/arm-none-eabi/10.3.1/../../../../arm-none-eabi/lib/thumb/v7-m/nofp\libc_nano.a(lib_a-exit.o)
                              e:/tools/stm/cubeide/stm32cubeide_1.11.0/stm32cubeide/plugins/com.st.stm32cube.ide.mcu.externaltools.gnu-tools-for-stm32.10.3-2021.10.win32_1.0.100.202210260954/tools/bin/../lib/gcc/arm-none-eabi/10.3.1/../../../../arm-none-eabi/lib/thumb/v7-m/nofp/crt0.o (exit)
e:/tools/stm/cubeide/stm32cubeide_1.11.0/stm32cubeide/plugins/com.st.stm32cube.ide.mcu.externaltools.gnu-tools-for-stm32.10.3-2021.10.win32_1.0.100.202210260954/tools/bin/../lib/gcc/arm-none-eabi/10.3.1/../../../../arm-none-eabi/lib/thumb/v7-m/nofp\libc_nano.a(lib_a-impure.o)
                              e:/tools/stm/cubeide/stm32cubeide_1.11.0/stm32cubeide/plugins/com.st.stm32cube.ide.mcu.externaltools.gnu-tools-for-stm32.10.3-2021.10.win32_1.0.100.202210260954/tools/bin/../lib/gcc/arm-none-eabi/10.3.1/../../../../arm-none-eabi/lib/thumb/v7-m/nofp\libc_nano.a(lib_a-exit.o) (_global_impure_ptr)
e:/tools/stm/cubeide/stm32cubeide_1.11.0/stm32cubeide/plugins/com.st.stm32cube.ide.mcu.externaltools.gnu-tools-for-stm32.10.3-2021.10.win32_1.0.100.202210260954/tools/bin/../lib/gcc/arm-none-eabi/10.3.1/../../../../arm-none-eabi/lib/thumb/v7-m/nofp\libc_nano.a(lib_a-init.o)
                              e:/tools/stm/cubeide/stm32cubeide_1.11.0/stm32cubeide/plugins/com.st.stm32cube.ide.mcu.externaltools.gnu-tools-for-stm32.10.3-2021.10.win32_1.0.100.202210260954/tools/bin/../lib/gcc/arm-none-eabi/10.3.1/../../../../arm-none-eabi/lib/thumb/v7-m/nofp/crt0.o (__libc_init_array)
e:/tools/stm/cubeide/stm32cubeide_1.11.0/stm32cubeide/plugins/com.st.stm32cube.ide.mcu.externaltools.gnu-tools-for-stm32.10.3-2021.10.win32_1.0.100.202210260954/tools/bin/../lib/gcc/arm-none-eabi/10.3.1/../../../../arm-none-eabi/lib/thumb/v7-m/nofp\libc_nano.a(lib_a-memset.o)
                              e:/tools/stm/cubeide/stm32cubeide_1.11.0/stm32cubeide/plugins/com.st.stm32cube.ide.mcu.externaltools.gnu-tools-for-stm32.10.3-2021.10.win32_1.0.100.202210260954/tools/bin/../lib/gcc/arm-none-eabi/10.3.1/../../../../arm-none-eabi/lib/thumb/v7-m/nofp/crt0.o (memset)

Discarded input sections

 .text          0x0000000000000000        0x0 e:/tools/stm/cubeide/stm32cubeide_1.11.0/stm32cubeide/plugins/com.st.stm32cube.ide.mcu.externaltools.gnu-tools-for-stm32.10.3-2021.10.win32_1.0.100.202210260954/tools/bin/../lib/gcc/arm-none-eabi/10.3.1/thumb/v7-m/nofp/crti.o
 .data          0x0000000000000000        0x0 e:/tools/stm/cubeide/stm32cubeide_1.11.0/stm32cubeide/plugins/com.st.stm32cube.ide.mcu.externaltools.gnu-tools-for-stm32.10.3-2021.10.win32_1.0.100.202210260954/tools/bin/../lib/gcc/arm-none-eabi/10.3.1/thumb/v7-m/nofp/crti.o
 .bss           0x0000000000000000        0x0 e:/tools/stm/cubeide/stm32cubeide_1.11.0/stm32cubeide/plugins/com.st.stm32cube.ide.mcu.externaltools.gnu-tools-for-stm32.10.3-2021.10.win32_1.0.100.202210260954/tools/bin/../lib/gcc/arm-none-eabi/10.3.1/thumb/v7-m/nofp/crti.o
 .data          0x0000000000000000        0x4 e:/tools/stm/cubeide/stm32cubeide_1.11.0/stm32cubeide/plugins/com.st.stm32cube.ide.mcu.externaltools.gnu-tools-for-stm32.10.3-2021.10.win32_1.0.100.202210260954/tools/bin/../lib/gcc/arm-none-eabi/10.3.1/thumb/v7-m/nofp/crtbegin.o
 .rodata        0x0000000000000000       0x24 e:/tools/stm/cubeide/stm32cubeide_1.11.0/stm32cubeide/plugins/com.st.stm32cube.ide.mcu.externaltools.gnu-tools-for-stm32.10.3-2021.10.win32_1.0.100.202210260954/tools/bin/../lib/gcc/arm-none-eabi/10.3.1/thumb/v7-m/nofp/crtbegin.o
 .text          0x0000000000000000       0x7c e:/tools/stm/cubeide/stm32cubeide_1.11.0/stm32cubeide/plugins/com.st.stm32cube.ide.mcu.externaltools.gnu-tools-for-stm32.10.3-2021.10.win32_1.0.100.202210260954/tools/bin/../lib/gcc/arm-none-eabi/10.3.1/../../../../arm-none-eabi/lib/thumb/v7-m/nofp/crt0.o
 .data          0x0000000000000000        0x0 e:/tools/stm/cubeide/stm32cubeide_1.11.0/stm32cubeide/plugins/com.st.stm32cube.ide.mcu.externaltools.gnu-tools-for-stm32.10.3-2021.10.win32_1.0.100.202210260954/tools/bin/../lib/gcc/arm-none-eabi/10.3.1/../../../../arm-none-eabi/lib/thumb/v7-m/nofp/crt0.o
[...]
Memory Configuration

Name             Origin             Length             Attributes
RAM              0x0000000020000000 0x0000000000005000 xrw
FLASH            0x0000000008000000 0x0000000000010000 xr
*default*        0x0000000000000000 0xffffffffffffffff

Linker script and memory map

LOAD e:/tools/stm/cubeide/stm32cubeide_1.11.0/stm32cubeide/plugins/com.st.stm32cube.ide.mcu.externaltools.gnu-tools-for-stm32.10.3-2021.10.win32_1.0.100.202210260954/tools/bin/../lib/gcc/arm-none-eabi/10.3.1/thumb/v7-m/nofp/crti.o
LOAD e:/tools/stm/cubeide/stm32cubeide_1.11.0/stm32cubeide/plugins/com.st.stm32cube.ide.mcu.externaltools.gnu-tools-for-stm32.10.3-2021.10.win32_1.0.100.202210260954/tools/bin/../lib/gcc/arm-none-eabi/10.3.1/thumb/v7-m/nofp/crtbegin.o
LOAD e:/tools/stm/cubeide/stm32cubeide_1.11.0/stm32cubeide/plugins/com.st.stm32cube.ide.mcu.externaltools.gnu-tools-for-stm32.10.3-2021.10.win32_1.0.100.202210260954/tools/bin/../lib/gcc/arm-none-eabi/10.3.1/../../../../arm-none-eabi/lib/thumb/v7-m/nofp/crt0.o
LOAD ./Core/Src/main.o
LOAD ./Core/Src/stm32f1xx_hal_msp.o
LOAD ./Core/Src/stm32f1xx_it.o
LOAD ./Core/Src/syscalls.o
LOAD ./Core/Src/sysmem.o
LOAD ./Core/Src/system_stm32f1xx.o
LOAD ./Core/Startup/startup_stm32f103c8tx.o
LOAD ./Drivers/STM32F1xx_HAL_Driver/Src/stm32f1xx_hal.o
LOAD ./Drivers/STM32F1xx_HAL_Driver/Src/stm32f1xx_hal_cortex.o
LOAD ./Drivers/STM32F1xx_HAL_Driver/Src/stm32f1xx_hal_dma.o
LOAD ./Drivers/STM32F1xx_HAL_Driver/Src/stm32f1xx_hal_exti.o
LOAD ./Drivers/STM32F1xx_HAL_Driver/Src/stm32f1xx_hal_flash.o
LOAD ./Drivers/STM32F1xx_HAL_Driver/Src/stm32f1xx_hal_flash_ex.o
LOAD ./Drivers/STM32F1xx_HAL_Driver/Src/stm32f1xx_hal_gpio.o
LOAD ./Drivers/STM32F1xx_HAL_Driver/Src/stm32f1xx_hal_gpio_ex.o
LOAD ./Drivers/STM32F1xx_HAL_Driver/Src/stm32f1xx_hal_pcd.o
LOAD ./Drivers/STM32F1xx_HAL_Driver/Src/stm32f1xx_hal_pcd_ex.o
LOAD ./Drivers/STM32F1xx_HAL_Driver/Src/stm32f1xx_hal_pwr.o
LOAD ./Drivers/STM32F1xx_HAL_Driver/Src/stm32f1xx_hal_rcc.o
LOAD ./Drivers/STM32F1xx_HAL_Driver/Src/stm32f1xx_hal_rcc_ex.o
LOAD ./Drivers/STM32F1xx_HAL_Driver/Src/stm32f1xx_hal_tim.o
LOAD ./Drivers/STM32F1xx_HAL_Driver/Src/stm32f1xx_hal_tim_ex.o
LOAD ./Drivers/STM32F1xx_HAL_Driver/Src/stm32f1xx_ll_usb.o
LOAD ./Middlewares/ST/STM32_USB_Device_Library/Class/CDC/Src/usbd_cdc.o
LOAD ./Middlewares/ST/STM32_USB_Device_Library/Core/Src/usbd_core.o
LOAD ./Middlewares/ST/STM32_USB_Device_Library/Core/Src/usbd_ctlreq.o
LOAD ./Middlewares/ST/STM32_USB_Device_Library/Core/Src/usbd_ioreq.o
LOAD ./USB_DEVICE/App/usb_device.o
LOAD ./USB_DEVICE/App/usbd_cdc_if.o
LOAD ./USB_DEVICE/App/usbd_desc.o
LOAD ./USB_DEVICE/Target/usbd_conf.o
START GROUP
LOAD e:/tools/stm/cubeide/stm32cubeide_1.11.0/stm32cubeide/plugins/com.st.stm32cube.ide.mcu.externaltools.gnu-tools-for-stm32.10.3-2021.10.win32_1.0.100.202210260954/tools/bin/../lib/gcc/arm-none-eabi/10.3.1/../../../../arm-none-eabi/lib/thumb/v7-m/nofp\libc_nano.a
LOAD e:/tools/stm/cubeide/stm32cubeide_1.11.0/stm32cubeide/plugins/com.st.stm32cube.ide.mcu.externaltools.gnu-tools-for-stm32.10.3-2021.10.win32_1.0.100.202210260954/tools/bin/../lib/gcc/arm-none-eabi/10.3.1/../../../../arm-none-eabi/lib/thumb/v7-m/nofp\libm.a
END GROUP
START GROUP
LOAD e:/tools/stm/cubeide/stm32cubeide_1.11.0/stm32cubeide/plugins/com.st.stm32cube.ide.mcu.externaltools.gnu-tools-for-stm32.10.3-2021.10.win32_1.0.100.202210260954/tools/bin/../lib/gcc/arm-none-eabi/10.3.1/thumb/v7-m/nofp\libgcc.a
LOAD e:/tools/stm/cubeide/stm32cubeide_1.11.0/stm32cubeide/plugins/com.st.stm32cube.ide.mcu.externaltools.gnu-tools-for-stm32.10.3-2021.10.win32_1.0.100.202210260954/tools/bin/../lib/gcc/arm-none-eabi/10.3.1/../../../../arm-none-eabi/lib/thumb/v7-m/nofp\libc_nano.a
END GROUP
START GROUP
LOAD e:/tools/stm/cubeide/stm32cubeide_1.11.0/stm32cubeide/plugins/com.st.stm32cube.ide.mcu.externaltools.gnu-tools-for-stm32.10.3-2021.10.win32_1.0.100.202210260954/tools/bin/../lib/gcc/arm-none-eabi/10.3.1/thumb/v7-m/nofp\libgcc.a
LOAD e:/tools/stm/cubeide/stm32cubeide_1.11.0/stm32cubeide/plugins/com.st.stm32cube.ide.mcu.externaltools.gnu-tools-for-stm32.10.3-2021.10.win32_1.0.100.202210260954/tools/bin/../lib/gcc/arm-none-eabi/10.3.1/../../../../arm-none-eabi/lib/thumb/v7-m/nofp\libc_nano.a
LOAD e:/tools/stm/cubeide/stm32cubeide_1.11.0/stm32cubeide/plugins/com.st.stm32cube.ide.mcu.externaltools.gnu-tools-for-stm32.10.3-2021.10.win32_1.0.100.202210260954/tools/bin/../lib/gcc/arm-none-eabi/10.3.1/../../../../arm-none-eabi/lib/thumb/v7-m/nofp\libnosys.a
END GROUP
START GROUP
LOAD e:/tools/stm/cubeide/stm32cubeide_1.11.0/stm32cubeide/plugins/com.st.stm32cube.ide.mcu.externaltools.gnu-tools-for-stm32.10.3-2021.10.win32_1.0.100.202210260954/tools/bin/../lib/gcc/arm-none-eabi/10.3.1/thumb/v7-m/nofp\libgcc.a
LOAD e:/tools/stm/cubeide/stm32cubeide_1.11.0/stm32cubeide/plugins/com.st.stm32cube.ide.mcu.externaltools.gnu-tools-for-stm32.10.3-2021.10.win32_1.0.100.202210260954/tools/bin/../lib/gcc/arm-none-eabi/10.3.1/../../../../arm-none-eabi/lib/thumb/v7-m/nofp\libc_nano.a
LOAD e:/tools/stm/cubeide/stm32cubeide_1.11.0/stm32cubeide/plugins/com.st.stm32cube.ide.mcu.externaltools.gnu-tools-for-stm32.10.3-2021.10.win32_1.0.100.202210260954/tools/bin/../lib/gcc/arm-none-eabi/10.3.1/../../../../arm-none-eabi/lib/thumb/v7-m/nofp\libnosys.a
END GROUP
LOAD e:/tools/stm/cubeide/stm32cubeide_1.11.0/stm32cubeide/plugins/com.st.stm32cube.ide.mcu.externaltools.gnu-tools-for-stm32.10.3-2021.10.win32_1.0.100.202210260954/tools/bin/../lib/gcc/arm-none-eabi/10.3.1/thumb/v7-m/nofp/crtend.o
LOAD e:/tools/stm/cubeide/stm32cubeide_1.11.0/stm32cubeide/plugins/com.st.stm32cube.ide.mcu.externaltools.gnu-tools-for-stm32.10.3-2021.10.win32_1.0.100.202210260954/tools/bin/../lib/gcc/arm-none-eabi/10.3.1/thumb/v7-m/nofp/crtn.o
                0x0000000020005000                _estack = (ORIGIN (RAM) + LENGTH (RAM))
                0x0000000000000200                _Min_Heap_Size = 0x200
                0x0000000000000400                _Min_Stack_Size = 0x400

.isr_vector     0x0000000008000000      0x10c
                0x0000000008000000                . = ALIGN (0x4)
 *(.isr_vector)
 .isr_vector    0x0000000008000000      0x10c ./Core/Startup/startup_stm32f103c8tx.o
                0x0000000008000000                g_pfnVectors
                0x000000000800010c                . = ALIGN (0x4)

.text           0x000000000800010c     0x7054
                0x000000000800010c                . = ALIGN (0x4)
 *(.text)
 .text          0x000000000800010c       0x40 e:/tools/stm/cubeide/stm32cubeide_1.11.0/stm32cubeide/plugins/com.st.stm32cube.ide.mcu.externaltools.gnu-tools-for-stm32.10.3-2021.10.win32_1.0.100.202210260954/tools/bin/../lib/gcc/arm-none-eabi/10.3.1/thumb/v7-m/nofp/crtbegin.o
 *(.text*)
 .text.main     0x000000000800014c       0x16 ./Core/Src/main.o
                0x000000000800014c                main
 .text.SystemClock_Config
                0x0000000008000162       0xb4 ./Core/Src/main.o
                0x0000000008000162                SystemClock_Config
 *fill*         0x0000000008000216        0x2 
 .text.MX_GPIO_Init
                0x0000000008000218       0x44 ./Core/Src/main.o
 .text.Error_Handler
                0x000000000800025c        0xa ./Core/Src/main.o
                0x000000000800025c                Error_Handler
 *fill*         0x0000000008000266        0x2 
 .text.HAL_MspInit
                0x0000000008000268       0x44 ./Core/Src/stm32f1xx_hal_msp.o
                0x0000000008000268                HAL_MspInit
 .text.NMI_Handler
                0x00000000080002ac        0x6 ./Core/Src/stm32f1xx_it.o
                0x00000000080002ac                NMI_Handler
 .text.HardFault_Handler
                0x00000000080002b2        0x6 ./Core/Src/stm32f1xx_it.o
                0x00000000080002b2                HardFault_Handler
 .text.MemManage_Handler
                0x00000000080002b8        0x6 ./Core/Src/stm32f1xx_it.o
                0x00000000080002b8                MemManage_Handler
 .text.BusFault_Handler
                0x00000000080002be        0x6 ./Core/Src/stm32f1xx_it.o
                0x00000000080002be                BusFault_Handler
 .text.UsageFault_Handler
                0x00000000080002c4        0x6 ./Core/Src/stm32f1xx_it.o
                0x00000000080002c4                UsageFault_Handler
 .text.SVC_Handler
                0x00000000080002ca        0xc ./Core/Src/stm32f1xx_it.o
                0x00000000080002ca                SVC_Handler
 .text.DebugMon_Handler
                0x00000000080002d6        0xc ./Core/Src/stm32f1xx_it.o
                0x00000000080002d6                DebugMon_Handler
 .text.PendSV_Handler
                0x00000000080002e2        0xc ./Core/Src/stm32f1xx_it.o
                0x00000000080002e2                PendSV_Handler
 .text.SysTick_Handler
                0x00000000080002ee        0xc ./Core/Src/stm32f1xx_it.o
                0x00000000080002ee                SysTick_Handler
 *fill*         0x00000000080002fa        0x2 
 .text.USB_LP_CAN1_RX0_IRQHandler
                0x00000000080002fc       0x14 ./Core/Src/stm32f1xx_it.o
                0x00000000080002fc                USB_LP_CAN1_RX0_IRQHandler
 .text.SystemInit
                0x0000000008000310        0xc ./Core/Src/system_stm32f1xx.o
                0x0000000008000310                SystemInit
 .text.Reset_Handler
                0x000000000800031c       0x48 ./Core/Startup/startup_stm32f103c8tx.o
                0x000000000800031c                Reset_Handler
 .text.Default_Handler
                0x0000000008000364        0x2 ./Core/Startup/startup_stm32f103c8tx.o
                0x0000000008000364                RTC_Alarm_IRQHandler
                0x0000000008000364                EXTI2_IRQHandler
                0x0000000008000364                TIM1_CC_IRQHandler
                0x0000000008000364                PVD_IRQHandler
                0x0000000008000364                EXTI3_IRQHandler
                0x0000000008000364                EXTI0_IRQHandler
                0x0000000008000364                I2C2_EV_IRQHandler
                0x0000000008000364                ADC1_2_IRQHandler
                0x0000000008000364                SPI1_IRQHandler
                0x0000000008000364                TAMPER_IRQHandler
                0x0000000008000364                DMA1_Channel4_IRQHandler
                0x0000000008000364                USART3_IRQHandler
                0x0000000008000364                RTC_IRQHandler
                0x0000000008000364                DMA1_Channel7_IRQHandler
                0x0000000008000364                CAN1_RX1_IRQHandler
                0x0000000008000364                TIM4_IRQHandler
                0x0000000008000364                I2C1_EV_IRQHandler
                0x0000000008000364                DMA1_Channel6_IRQHandler
                0x0000000008000364                TIM3_IRQHandler
                0x0000000008000364                RCC_IRQHandler
                0x0000000008000364                TIM1_TRG_COM_IRQHandler
                0x0000000008000364                DMA1_Channel1_IRQHandler
                0x0000000008000364                Default_Handler
                0x0000000008000364                EXTI15_10_IRQHandler
                0x0000000008000364                EXTI9_5_IRQHandler
                0x0000000008000364                SPI2_IRQHandler
                0x0000000008000364                DMA1_Channel5_IRQHandler
                0x0000000008000364                EXTI4_IRQHandler
                0x0000000008000364                USB_HP_CAN1_TX_IRQHandler
                0x0000000008000364                DMA1_Channel3_IRQHandler
                0x0000000008000364                TIM1_UP_IRQHandler
                0x0000000008000364                WWDG_IRQHandler
                0x0000000008000364                TIM2_IRQHandler
                0x0000000008000364                TIM1_BRK_IRQHandler
                0x0000000008000364                EXTI1_IRQHandler
                0x0000000008000364                USART2_IRQHandler
                0x0000000008000364                I2C2_ER_IRQHandler
                0x0000000008000364                DMA1_Channel2_IRQHandler
                0x0000000008000364                CAN1_SCE_IRQHandler
                0x0000000008000364                FLASH_IRQHandler
                0x0000000008000364                USART1_IRQHandler
                0x0000000008000364                I2C1_ER_IRQHandler
                0x0000000008000364                USBWakeUp_IRQHandler
 *fill*         0x0000000008000366        0x2 
 .text.HAL_Init
                0x0000000008000368       0x2c ./Drivers/STM32F1xx_HAL_Driver/Src/stm32f1xx_hal.o
                0x0000000008000368                HAL_Init
 .text.HAL_InitTick
                0x0000000008000394       0x60 ./Drivers/STM32F1xx_HAL_Driver/Src/stm32f1xx_hal.o
                0x0000000008000394                HAL_InitTick
 .text.HAL_IncTick
                0x00000000080003f4       0x24 ./Drivers/STM32F1xx_HAL_Driver/Src/stm32f1xx_hal.o
                0x00000000080003f4                HAL_IncTick
 .text.HAL_GetTick
                0x0000000008000418       0x14 ./Drivers/STM32F1xx_HAL_Driver/Src/stm32f1xx_hal.o
                0x0000000008000418                HAL_GetTick
 .text.__NVIC_SetPriorityGrouping
                0x000000000800042c       0x48 ./Drivers/STM32F1xx_HAL_Driver/Src/stm32f1xx_hal_cortex.o
 .text.__NVIC_GetPriorityGrouping
                0x0000000008000474       0x1c ./Drivers/STM32F1xx_HAL_Driver/Src/stm32f1xx_hal_cortex.o
 .text.__NVIC_EnableIRQ
                0x0000000008000490       0x38 ./Drivers/STM32F1xx_HAL_Driver/Src/stm32f1xx_hal_cortex.o
 .text.__NVIC_SetPriority
                0x00000000080004c8       0x54 ./Drivers/STM32F1xx_HAL_Driver/Src/stm32f1xx_hal_cortex.o
 .text.NVIC_EncodePriority
                0x000000000800051c       0x64 ./Drivers/STM32F1xx_HAL_Driver/Src/stm32f1xx_hal_cortex.o
 .text.SysTick_Config
                0x0000000008000580       0x44 ./Drivers/STM32F1xx_HAL_Driver/Src/stm32f1xx_hal_cortex.o
 .text.HAL_NVIC_SetPriorityGrouping
                0x00000000080005c4       0x16 ./Drivers/STM32F1xx_HAL_Driver/Src/stm32f1xx_hal_cortex.o
                0x00000000080005c4                HAL_NVIC_SetPriorityGrouping
 .text.HAL_NVIC_SetPriority
                0x00000000080005da       0x38 ./Drivers/STM32F1xx_HAL_Driver/Src/stm32f1xx_hal_cortex.o
                0x00000000080005da                HAL_NVIC_SetPriority
 .text.HAL_NVIC_EnableIRQ
                0x0000000008000612       0x1c ./Drivers/STM32F1xx_HAL_Driver/Src/stm32f1xx_hal_cortex.o
                0x0000000008000612                HAL_NVIC_EnableIRQ
 .text.HAL_SYSTICK_Config
                0x000000000800062e       0x18 ./Drivers/STM32F1xx_HAL_Driver/Src/stm32f1xx_hal_cortex.o
                0x000000000800062e                HAL_SYSTICK_Config
 .text.HAL_PCD_Init
                0x0000000008000646      0x1fe ./Drivers/STM32F1xx_HAL_Driver/Src/stm32f1xx_hal_pcd.o
                0x0000000008000646                HAL_PCD_Init
 .text.HAL_PCD_Start
                0x0000000008000844       0x4c ./Drivers/STM32F1xx_HAL_Driver/Src/stm32f1xx_hal_pcd.o
                0x0000000008000844                HAL_PCD_Start
 .text.HAL_PCD_IRQHandler
                0x0000000008000890      0x260 ./Drivers/STM32F1xx_HAL_Driver/Src/stm32f1xx_hal_pcd.o
                0x0000000008000890                HAL_PCD_IRQHandler
 .text.HAL_PCD_SetAddress
                0x0000000008000af0       0x4a ./Drivers/STM32F1xx_HAL_Driver/Src/stm32f1xx_hal_pcd.o
                0x0000000008000af0                HAL_PCD_SetAddress
 .text.HAL_PCD_EP_Open
                0x0000000008000b3a       0xba ./Drivers/STM32F1xx_HAL_Driver/Src/stm32f1xx_hal_pcd.o
                0x0000000008000b3a                HAL_PCD_EP_Open
 .text.HAL_PCD_EP_Close
                0x0000000008000bf4       0x90 ./Drivers/STM32F1xx_HAL_Driver/Src/stm32f1xx_hal_pcd.o
                0x0000000008000bf4                HAL_PCD_EP_Close
 .text.HAL_PCD_EP_Receive
                0x0000000008000c84       0x62 ./Drivers/STM32F1xx_HAL_Driver/Src/stm32f1xx_hal_pcd.o
                0x0000000008000c84                HAL_PCD_EP_Receive
 .text.HAL_PCD_EP_GetRxCount
                0x0000000008000ce6       0x2e ./Drivers/STM32F1xx_HAL_Driver/Src/stm32f1xx_hal_pcd.o
                0x0000000008000ce6                HAL_PCD_EP_GetRxCount
 .text.HAL_PCD_EP_Transmit
                0x0000000008000d14       0x6e ./Drivers/STM32F1xx_HAL_Driver/Src/stm32f1xx_hal_pcd.o
                0x0000000008000d14                HAL_PCD_EP_Transmit
 .text.HAL_PCD_EP_SetStall
                0x0000000008000d82       0xc0 ./Drivers/STM32F1xx_HAL_Driver/Src/stm32f1xx_hal_pcd.o
                0x0000000008000d82                HAL_PCD_EP_SetStall
 .text.HAL_PCD_EP_ClrStall
                0x0000000008000e42       0xa8 ./Drivers/STM32F1xx_HAL_Driver/Src/stm32f1xx_hal_pcd.o
                0x0000000008000e42                HAL_PCD_EP_ClrStall
 .text.PCD_EP_ISR_Handler
                0x0000000008000eea      0x7a6 ./Drivers/STM32F1xx_HAL_Driver/Src/stm32f1xx_hal_pcd.o
 .text.HAL_PCD_EP_DB_Receive
                0x0000000008001690      0x21a ./Drivers/STM32F1xx_HAL_Driver/Src/stm32f1xx_hal_pcd.o
 .text.HAL_PCD_EP_DB_Transmit
                0x00000000080018aa      0x7f4 ./Drivers/STM32F1xx_HAL_Driver/Src/stm32f1xx_hal_pcd.o
 .text.HAL_PCDEx_PMAConfig
                0x000000000800209e       0x84 ./Drivers/STM32F1xx_HAL_Driver/Src/stm32f1xx_hal_pcd_ex.o
                0x000000000800209e                HAL_PCDEx_PMAConfig
 *fill*         0x0000000008002122        0x2 
 .text.HAL_RCC_OscConfig
                0x0000000008002124      0x504 ./Drivers/STM32F1xx_HAL_Driver/Src/stm32f1xx_hal_rcc.o
                0x0000000008002124                HAL_RCC_OscConfig
 .text.HAL_RCC_ClockConfig
                0x0000000008002628      0x1d4 ./Drivers/STM32F1xx_HAL_Driver/Src/stm32f1xx_hal_rcc.o
                0x0000000008002628                HAL_RCC_ClockConfig
 .text.HAL_RCC_GetSysClockFreq
                0x00000000080027fc       0xa8 ./Drivers/STM32F1xx_HAL_Driver/Src/stm32f1xx_hal_rcc.o
                0x00000000080027fc                HAL_RCC_GetSysClockFreq
 .text.RCC_Delay
                0x00000000080028a4       0x3c ./Drivers/STM32F1xx_HAL_Driver/Src/stm32f1xx_hal_rcc.o
 .text.HAL_RCCEx_PeriphCLKConfig
                0x00000000080028e0      0x16c ./Drivers/STM32F1xx_HAL_Driver/Src/stm32f1xx_hal_rcc_ex.o
                0x00000000080028e0                HAL_RCCEx_PeriphCLKConfig
 .text.USB_CoreInit
                0x0000000008002a4c       0x20 ./Drivers/STM32F1xx_HAL_Driver/Src/stm32f1xx_ll_usb.o
                0x0000000008002a4c                USB_CoreInit
 .text.USB_EnableGlobalInt
                0x0000000008002a6c       0x2c ./Drivers/STM32F1xx_HAL_Driver/Src/stm32f1xx_ll_usb.o
                0x0000000008002a6c                USB_EnableGlobalInt
 .text.USB_DisableGlobalInt
                0x0000000008002a98       0x34 ./Drivers/STM32F1xx_HAL_Driver/Src/stm32f1xx_ll_usb.o
                0x0000000008002a98                USB_DisableGlobalInt
 .text.USB_SetCurrentMode
                0x0000000008002acc       0x18 ./Drivers/STM32F1xx_HAL_Driver/Src/stm32f1xx_ll_usb.o
                0x0000000008002acc                USB_SetCurrentMode
 .text.USB_DevInit
                0x0000000008002ae4       0x40 ./Drivers/STM32F1xx_HAL_Driver/Src/stm32f1xx_ll_usb.o
                0x0000000008002ae4                USB_DevInit
 .text.USB_ActivateEndpoint
                0x0000000008002b24      0x780 ./Drivers/STM32F1xx_HAL_Driver/Src/stm32f1xx_ll_usb.o
                0x0000000008002b24                USB_ActivateEndpoint
 .text.USB_DeactivateEndpoint
                0x00000000080032a4      0x3d8 ./Drivers/STM32F1xx_HAL_Driver/Src/stm32f1xx_ll_usb.o
                0x00000000080032a4                USB_DeactivateEndpoint
 .text.USB_EPStartXfer
                0x000000000800367c     0x1762 ./Drivers/STM32F1xx_HAL_Driver/Src/stm32f1xx_ll_usb.o
                0x000000000800367c                USB_EPStartXfer
 .text.USB_EPSetStall
                0x0000000008004dde       0xa0 ./Drivers/STM32F1xx_HAL_Driver/Src/stm32f1xx_ll_usb.o
                0x0000000008004dde                USB_EPSetStall
 .text.USB_EPClearStall
                0x0000000008004e7e      0x15a ./Drivers/STM32F1xx_HAL_Driver/Src/stm32f1xx_ll_usb.o
                0x0000000008004e7e                USB_EPClearStall
 .text.USB_SetDevAddress
                0x0000000008004fd8       0x26 ./Drivers/STM32F1xx_HAL_Driver/Src/stm32f1xx_ll_usb.o
                0x0000000008004fd8                USB_SetDevAddress
 .text.USB_DevConnect
                0x0000000008004ffe       0x14 ./Drivers/STM32F1xx_HAL_Driver/Src/stm32f1xx_ll_usb.o
                0x0000000008004ffe                USB_DevConnect
 .text.USB_DevDisconnect
                0x0000000008005012       0x14 ./Drivers/STM32F1xx_HAL_Driver/Src/stm32f1xx_ll_usb.o
                0x0000000008005012                USB_DevDisconnect
 .text.USB_ReadInterrupts
                0x0000000008005026       0x1e ./Drivers/STM32F1xx_HAL_Driver/Src/stm32f1xx_ll_usb.o
                0x0000000008005026                USB_ReadInterrupts
 .text.USB_EP0_OutStart
                0x0000000008005044       0x16 ./Drivers/STM32F1xx_HAL_Driver/Src/stm32f1xx_ll_usb.o
                0x0000000008005044                USB_EP0_OutStart
 .text.USB_WritePMA
                0x000000000800505a       0x8a ./Drivers/STM32F1xx_HAL_Driver/Src/stm32f1xx_ll_usb.o
                0x000000000800505a                USB_WritePMA
 .text.USB_ReadPMA
                0x00000000080050e4       0x9e ./Drivers/STM32F1xx_HAL_Driver/Src/stm32f1xx_ll_usb.o
                0x00000000080050e4                USB_ReadPMA
 .text.USBD_CDC_Init
                0x0000000008005182       0xf4 ./Middlewares/ST/STM32_USB_Device_Library/Class/CDC/Src/usbd_cdc.o
 .text.USBD_CDC_DeInit
                0x0000000008005276       0x6e ./Middlewares/ST/STM32_USB_Device_Library/Class/CDC/Src/usbd_cdc.o
 .text.USBD_CDC_Setup
                0x00000000080052e4      0x146 ./Middlewares/ST/STM32_USB_Device_Library/Class/CDC/Src/usbd_cdc.o
 .text.USBD_CDC_DataIn
                0x000000000800542a       0xa6 ./Middlewares/ST/STM32_USB_Device_Library/Class/CDC/Src/usbd_cdc.o
 .text.USBD_CDC_DataOut
                0x00000000080054d0       0x56 ./Middlewares/ST/STM32_USB_Device_Library/Class/CDC/Src/usbd_cdc.o
 .text.USBD_CDC_EP0_RxReady
                0x0000000008005526       0x50 ./Middlewares/ST/STM32_USB_Device_Library/Class/CDC/Src/usbd_cdc.o
 *fill*         0x0000000008005576        0x2 
 .text.USBD_CDC_GetFSCfgDesc
                0x0000000008005578       0x20 ./Middlewares/ST/STM32_USB_Device_Library/Class/CDC/Src/usbd_cdc.o
 .text.USBD_CDC_GetHSCfgDesc
                0x0000000008005598       0x20 ./Middlewares/ST/STM32_USB_Device_Library/Class/CDC/Src/usbd_cdc.o
 .text.USBD_CDC_GetOtherSpeedCfgDesc
                0x00000000080055b8       0x20 ./Middlewares/ST/STM32_USB_Device_Library/Class/CDC/Src/usbd_cdc.o
 .text.USBD_CDC_GetDeviceQualifierDescriptor
                0x00000000080055d8       0x20 ./Middlewares/ST/STM32_USB_Device_Library/Class/CDC/Src/usbd_cdc.o
                0x00000000080055d8                USBD_CDC_GetDeviceQualifierDescriptor
 .text.USBD_CDC_RegisterInterface
                0x00000000080055f8       0x2c ./Middlewares/ST/STM32_USB_Device_Library/Class/CDC/Src/usbd_cdc.o
                0x00000000080055f8                USBD_CDC_RegisterInterface
 .text.USBD_CDC_SetTxBuffer
                0x0000000008005624       0x32 ./Middlewares/ST/STM32_USB_Device_Library/Class/CDC/Src/usbd_cdc.o
                0x0000000008005624                USBD_CDC_SetTxBuffer
 .text.USBD_CDC_SetRxBuffer
                0x0000000008005656       0x26 ./Middlewares/ST/STM32_USB_Device_Library/Class/CDC/Src/usbd_cdc.o
                0x0000000008005656                USBD_CDC_SetRxBuffer
 .text.USBD_CDC_ReceivePacket
                0x000000000800567c       0x54 ./Middlewares/ST/STM32_USB_Device_Library/Class/CDC/Src/usbd_cdc.o
                0x000000000800567c                USBD_CDC_ReceivePacket
 .text.USBD_Init
                0x00000000080056d0       0x56 ./Middlewares/ST/STM32_USB_Device_Library/Core/Src/usbd_core.o
                0x00000000080056d0                USBD_Init
 .text.USBD_RegisterClass
                0x0000000008005726       0x32 ./Middlewares/ST/STM32_USB_Device_Library/Core/Src/usbd_core.o
                0x0000000008005726                USBD_RegisterClass
 .text.USBD_Start
                0x0000000008005758       0x18 ./Middlewares/ST/STM32_USB_Device_Library/Core/Src/usbd_core.o
                0x0000000008005758                USBD_Start
 .text.USBD_RunTestMode
                0x0000000008005770       0x14 ./Middlewares/ST/STM32_USB_Device_Library/Core/Src/usbd_core.o
                0x0000000008005770                USBD_RunTestMode
 .text.USBD_SetClassConfig
                0x0000000008005784       0x3e ./Middlewares/ST/STM32_USB_Device_Library/Core/Src/usbd_core.o
                0x0000000008005784                USBD_SetClassConfig
 .text.USBD_ClrClassConfig
                0x00000000080057c2       0x26 ./Middlewares/ST/STM32_USB_Device_Library/Core/Src/usbd_core.o
                0x00000000080057c2                USBD_ClrClassConfig
 .text.USBD_LL_SetupStage
                0x00000000080057e8       0x9a ./Middlewares/ST/STM32_USB_Device_Library/Core/Src/usbd_core.o
                0x00000000080057e8                USBD_LL_SetupStage
 .text.USBD_LL_DataOutStage
                0x0000000008005882       0xe2 ./Middlewares/ST/STM32_USB_Device_Library/Core/Src/usbd_core.o
                0x0000000008005882                USBD_LL_DataOutStage
 .text.USBD_LL_DataInStage
                0x0000000008005964      0x14a ./Middlewares/ST/STM32_USB_Device_Library/Core/Src/usbd_core.o
                0x0000000008005964                USBD_LL_DataInStage
 .text.USBD_LL_Reset
                0x0000000008005aae       0x82 ./Middlewares/ST/STM32_USB_Device_Library/Core/Src/usbd_core.o
                0x0000000008005aae                USBD_LL_Reset
 .text.USBD_LL_SetSpeed
                0x0000000008005b30       0x1e ./Middlewares/ST/STM32_USB_Device_Library/Core/Src/usbd_core.o
                0x0000000008005b30                USBD_LL_SetSpeed
 .text.USBD_LL_Suspend
                0x0000000008005b4e       0x28 ./Middlewares/ST/STM32_USB_Device_Library/Core/Src/usbd_core.o
                0x0000000008005b4e                USBD_LL_Suspend
 .text.USBD_LL_Resume
                0x0000000008005b76       0x2a ./Middlewares/ST/STM32_USB_Device_Library/Core/Src/usbd_core.o
                0x0000000008005b76                USBD_LL_Resume
 .text.USBD_LL_SOF
                0x0000000008005ba0       0x34 ./Middlewares/ST/STM32_USB_Device_Library/Core/Src/usbd_core.o
                0x0000000008005ba0                USBD_LL_SOF
 .text.USBD_StdDevReq
                0x0000000008005bd4       0xd4 ./Middlewares/ST/STM32_USB_Device_Library/Core/Src/usbd_ctlreq.o
                0x0000000008005bd4                USBD_StdDevReq
 .text.USBD_StdItfReq
                0x0000000008005ca8       0x90 ./Middlewares/ST/STM32_USB_Device_Library/Core/Src/usbd_ctlreq.o
                0x0000000008005ca8                USBD_StdItfReq
 .text.USBD_StdEPReq
                0x0000000008005d38      0x2c6 ./Middlewares/ST/STM32_USB_Device_Library/Core/Src/usbd_ctlreq.o
                0x0000000008005d38                USBD_StdEPReq
 *fill*         0x0000000008005ffe        0x2 
 .text.USBD_GetDescriptor
                0x0000000008006000      0x2d0 ./Middlewares/ST/STM32_USB_Device_Library/Core/Src/usbd_ctlreq.o
 .text.USBD_SetAddress
                0x00000000080062d0       0x86 ./Middlewares/ST/STM32_USB_Device_Library/Core/Src/usbd_ctlreq.o
 *fill*         0x0000000008006356        0x2 
 .text.USBD_SetConfig
                0x0000000008006358      0x11c ./Middlewares/ST/STM32_USB_Device_Library/Core/Src/usbd_ctlreq.o
 .text.USBD_GetConfig
                0x0000000008006474       0x6a ./Middlewares/ST/STM32_USB_Device_Library/Core/Src/usbd_ctlreq.o
 .text.USBD_GetStatus
                0x00000000080064de       0x66 ./Middlewares/ST/STM32_USB_Device_Library/Core/Src/usbd_ctlreq.o
 .text.USBD_SetFeature
                0x0000000008006544       0x28 ./Middlewares/ST/STM32_USB_Device_Library/Core/Src/usbd_ctlreq.o
 .text.USBD_ClrFeature
                0x000000000800656c       0x42 ./Middlewares/ST/STM32_USB_Device_Library/Core/Src/usbd_ctlreq.o
 .text.USBD_ParseSetupRequest
                0x00000000080065ae       0x78 ./Middlewares/ST/STM32_USB_Device_Library/Core/Src/usbd_ctlreq.o
                0x00000000080065ae                USBD_ParseSetupRequest
 .text.USBD_CtlError
                0x0000000008006626       0x22 ./Middlewares/ST/STM32_USB_Device_Library/Core/Src/usbd_ctlreq.o
                0x0000000008006626                USBD_CtlError
 .text.USBD_GetString
                0x0000000008006648       0x84 ./Middlewares/ST/STM32_USB_Device_Library/Core/Src/usbd_ctlreq.o
                0x0000000008006648                USBD_GetString
 .text.USBD_GetLen
                0x00000000080066cc       0x2e ./Middlewares/ST/STM32_USB_Device_Library/Core/Src/usbd_ctlreq.o
 .text.USBD_CtlSendData
                0x00000000080066fa       0x38 ./Middlewares/ST/STM32_USB_Device_Library/Core/Src/usbd_ioreq.o
                0x00000000080066fa                USBD_CtlSendData
 .text.USBD_CtlContinueSendData
                0x0000000008006732       0x24 ./Middlewares/ST/STM32_USB_Device_Library/Core/Src/usbd_ioreq.o
                0x0000000008006732                USBD_CtlContinueSendData
 .text.USBD_CtlPrepareRx
                0x0000000008006756       0x3c ./Middlewares/ST/STM32_USB_Device_Library/Core/Src/usbd_ioreq.o
                0x0000000008006756                USBD_CtlPrepareRx
 .text.USBD_CtlContinueRx
                0x0000000008006792       0x24 ./Middlewares/ST/STM32_USB_Device_Library/Core/Src/usbd_ioreq.o
                0x0000000008006792                USBD_CtlContinueRx
 .text.USBD_CtlSendStatus
                0x00000000080067b6       0x26 ./Middlewares/ST/STM32_USB_Device_Library/Core/Src/usbd_ioreq.o
                0x00000000080067b6                USBD_CtlSendStatus
 .text.USBD_CtlReceiveStatus
                0x00000000080067dc       0x26 ./Middlewares/ST/STM32_USB_Device_Library/Core/Src/usbd_ioreq.o
                0x00000000080067dc                USBD_CtlReceiveStatus
 *fill*         0x0000000008006802        0x2 
 .text.MX_USB_DEVICE_Init
                0x0000000008006804       0x60 ./USB_DEVICE/App/usb_device.o
                0x0000000008006804                MX_USB_DEVICE_Init
 .text.CDC_Init_FS
                0x0000000008006864       0x28 ./USB_DEVICE/App/usbd_cdc_if.o
 .text.CDC_DeInit_FS
                0x000000000800688c        0xe ./USB_DEVICE/App/usbd_cdc_if.o
 *fill*         0x000000000800689a        0x2 
 .text.CDC_Control_FS
                0x000000000800689c       0xbc ./USB_DEVICE/App/usbd_cdc_if.o
 .text.CDC_Receive_FS
                0x0000000008006958       0x28 ./USB_DEVICE/App/usbd_cdc_if.o
 .text.USBD_FS_DeviceDescriptor
                0x0000000008006980       0x24 ./USB_DEVICE/App/usbd_desc.o
                0x0000000008006980                USBD_FS_DeviceDescriptor
 .text.USBD_FS_LangIDStrDescriptor
                0x00000000080069a4       0x24 ./USB_DEVICE/App/usbd_desc.o
                0x00000000080069a4                USBD_FS_LangIDStrDescriptor
 .text.USBD_FS_ProductStrDescriptor
                0x00000000080069c8       0x3c ./USB_DEVICE/App/usbd_desc.o
                0x00000000080069c8                USBD_FS_ProductStrDescriptor
 .text.USBD_FS_ManufacturerStrDescriptor
                0x0000000008006a04       0x28 ./USB_DEVICE/App/usbd_desc.o
                0x0000000008006a04                USBD_FS_ManufacturerStrDescriptor
 .text.USBD_FS_SerialStrDescriptor
                0x0000000008006a2c       0x24 ./USB_DEVICE/App/usbd_desc.o
                0x0000000008006a2c                USBD_FS_SerialStrDescriptor
 .text.USBD_FS_ConfigStrDescriptor
                0x0000000008006a50       0x3c ./USB_DEVICE/App/usbd_desc.o
                0x0000000008006a50                USBD_FS_ConfigStrDescriptor
 .text.USBD_FS_InterfaceStrDescriptor
                0x0000000008006a8c       0x3c ./USB_DEVICE/App/usbd_desc.o
                0x0000000008006a8c                USBD_FS_InterfaceStrDescriptor
 .text.Get_SerialNum
                0x0000000008006ac8       0x58 ./USB_DEVICE/App/usbd_desc.o
 .text.IntToUnicode
                0x0000000008006b20       0x7c ./USB_DEVICE/App/usbd_desc.o
 .text.HAL_PCD_MspInit
                0x0000000008006b9c       0x4c ./USB_DEVICE/Target/usbd_conf.o
                0x0000000008006b9c                HAL_PCD_MspInit
 .text.HAL_PCD_SetupStageCallback
                0x0000000008006be8       0x24 ./USB_DEVICE/Target/usbd_conf.o
                0x0000000008006be8                HAL_PCD_SetupStageCallback
 .text.HAL_PCD_DataOutStageCallback
                0x0000000008006c0c       0x36 ./USB_DEVICE/Target/usbd_conf.o
                0x0000000008006c0c                HAL_PCD_DataOutStageCallback
 .text.HAL_PCD_DataInStageCallback
                0x0000000008006c42       0x34 ./USB_DEVICE/Target/usbd_conf.o
                0x0000000008006c42                HAL_PCD_DataInStageCallback
 .text.HAL_PCD_SOFCallback
                0x0000000008006c76       0x1c ./USB_DEVICE/Target/usbd_conf.o
                0x0000000008006c76                HAL_PCD_SOFCallback
 .text.HAL_PCD_ResetCallback
                0x0000000008006c92       0x3c ./USB_DEVICE/Target/usbd_conf.o
                0x0000000008006c92                HAL_PCD_ResetCallback
 *fill*         0x0000000008006cce        0x2 
 .text.HAL_PCD_SuspendCallback
                0x0000000008006cd0       0x34 ./USB_DEVICE/Target/usbd_conf.o
                0x0000000008006cd0                HAL_PCD_SuspendCallback
 .text.HAL_PCD_ResumeCallback
                0x0000000008006d04       0x1c ./USB_DEVICE/Target/usbd_conf.o
                0x0000000008006d04                HAL_PCD_ResumeCallback
 .text.USBD_LL_Init
                0x0000000008006d20       0xb4 ./USB_DEVICE/Target/usbd_conf.o
                0x0000000008006d20                USBD_LL_Init
 .text.USBD_LL_Start
                0x0000000008006dd4       0x36 ./USB_DEVICE/Target/usbd_conf.o
                0x0000000008006dd4                USBD_LL_Start
 .text.USBD_LL_OpenEP
                0x0000000008006e0a       0x4c ./USB_DEVICE/Target/usbd_conf.o
                0x0000000008006e0a                USBD_LL_OpenEP
 .text.USBD_LL_CloseEP
                0x0000000008006e56       0x3e ./USB_DEVICE/Target/usbd_conf.o
                0x0000000008006e56                USBD_LL_CloseEP
 .text.USBD_LL_StallEP
                0x0000000008006e94       0x3e ./USB_DEVICE/Target/usbd_conf.o
                0x0000000008006e94                USBD_LL_StallEP
 .text.USBD_LL_ClearStallEP
                0x0000000008006ed2       0x3e ./USB_DEVICE/Target/usbd_conf.o
                0x0000000008006ed2                USBD_LL_ClearStallEP
 .text.USBD_LL_IsStallEP
                0x0000000008006f10       0x58 ./USB_DEVICE/Target/usbd_conf.o
                0x0000000008006f10                USBD_LL_IsStallEP
 .text.USBD_LL_SetUSBAddress
                0x0000000008006f68       0x3e ./USB_DEVICE/Target/usbd_conf.o
                0x0000000008006f68                USBD_LL_SetUSBAddress
 .text.USBD_LL_Transmit
                0x0000000008006fa6       0x46 ./USB_DEVICE/Target/usbd_conf.o
                0x0000000008006fa6                USBD_LL_Transmit
 .text.USBD_LL_PrepareReceive
                0x0000000008006fec       0x46 ./USB_DEVICE/Target/usbd_conf.o
                0x0000000008006fec                USBD_LL_PrepareReceive
 .text.USBD_LL_GetRxDataSize
                0x0000000008007032       0x26 ./USB_DEVICE/Target/usbd_conf.o
                0x0000000008007032                USBD_LL_GetRxDataSize
 .text.USBD_static_malloc
                0x0000000008007058       0x18 ./USB_DEVICE/Target/usbd_conf.o
                0x0000000008007058                USBD_static_malloc
 .text.USBD_static_free
                0x0000000008007070       0x12 ./USB_DEVICE/Target/usbd_conf.o
                0x0000000008007070                USBD_static_free
 .text.HAL_PCDEx_SetConnectionState
                0x0000000008007082       0x16 ./USB_DEVICE/Target/usbd_conf.o
                0x0000000008007082                HAL_PCDEx_SetConnectionState
 .text.USBD_Get_USB_Status
                0x0000000008007098       0x58 ./USB_DEVICE/Target/usbd_conf.o
 .text.__libc_init_array
                0x00000000080070f0       0x48 e:/tools/stm/cubeide/stm32cubeide_1.11.0/stm32cubeide/plugins/com.st.stm32cube.ide.mcu.externaltools.gnu-tools-for-stm32.10.3-2021.10.win32_1.0.100.202210260954/tools/bin/../lib/gcc/arm-none-eabi/10.3.1/../../../../arm-none-eabi/lib/thumb/v7-m/nofp\libc_nano.a(lib_a-init.o)
                0x00000000080070f0                __libc_init_array
 .text.memset   0x0000000008007138       0x10 e:/tools/stm/cubeide/stm32cubeide_1.11.0/stm32cubeide/plugins/com.st.stm32cube.ide.mcu.externaltools.gnu-tools-for-stm32.10.3-2021.10.win32_1.0.100.202210260954/tools/bin/../lib/gcc/arm-none-eabi/10.3.1/../../../../arm-none-eabi/lib/thumb/v7-m/nofp\libc_nano.a(lib_a-memset.o)
                0x0000000008007138                memset
 *(.glue_7)
 .glue_7        0x0000000008007148        0x0 linker stubs
 *(.glue_7t)
 .glue_7t       0x0000000008007148        0x0 linker stubs
 *(.eh_frame)
 .eh_frame      0x0000000008007148        0x0 e:/tools/stm/cubeide/stm32cubeide_1.11.0/stm32cubeide/plugins/com.st.stm32cube.ide.mcu.externaltools.gnu-tools-for-stm32.10.3-2021.10.win32_1.0.100.202210260954/tools/bin/../lib/gcc/arm-none-eabi/10.3.1/thumb/v7-m/nofp/crtbegin.o
 *(.init)
 .init          0x0000000008007148        0x4 e:/tools/stm/cubeide/stm32cubeide_1.11.0/stm32cubeide/plugins/com.st.stm32cube.ide.mcu.externaltools.gnu-tools-for-stm32.10.3-2021.10.win32_1.0.100.202210260954/tools/bin/../lib/gcc/arm-none-eabi/10.3.1/thumb/v7-m/nofp/crti.o
                0x0000000008007148                _init
 .init          0x000000000800714c        0x8 e:/tools/stm/cubeide/stm32cubeide_1.11.0/stm32cubeide/plugins/com.st.stm32cube.ide.mcu.externaltools.gnu-tools-for-stm32.10.3-2021.10.win32_1.0.100.202210260954/tools/bin/../lib/gcc/arm-none-eabi/10.3.1/thumb/v7-m/nofp/crtn.o
 *(.fini)
 .fini          0x0000000008007154        0x4 e:/tools/stm/cubeide/stm32cubeide_1.11.0/stm32cubeide/plugins/com.st.stm32cube.ide.mcu.externaltools.gnu-tools-for-stm32.10.3-2021.10.win32_1.0.100.202210260954/tools/bin/../lib/gcc/arm-none-eabi/10.3.1/thumb/v7-m/nofp/crti.o
                0x0000000008007154                _fini
 .fini          0x0000000008007158        0x8 e:/tools/stm/cubeide/stm32cubeide_1.11.0/stm32cubeide/plugins/com.st.stm32cube.ide.mcu.externaltools.gnu-tools-for-stm32.10.3-2021.10.win32_1.0.100.202210260954/tools/bin/../lib/gcc/arm-none-eabi/10.3.1/thumb/v7-m/nofp/crtn.o
                0x0000000008007160                . = ALIGN (0x4)
                0x0000000008007160                _etext = .

.vfp11_veneer   0x0000000008007160        0x0
 .vfp11_veneer  0x0000000008007160        0x0 linker stubs

.v4_bx          0x0000000008007160        0x0
 .v4_bx         0x0000000008007160        0x0 linker stubs

.iplt           0x0000000008007160        0x0
 .iplt          0x0000000008007160        0x0 e:/tools/stm/cubeide/stm32cubeide_1.11.0/stm32cubeide/plugins/com.st.stm32cube.ide.mcu.externaltools.gnu-tools-for-stm32.10.3-2021.10.win32_1.0.100.202210260954/tools/bin/../lib/gcc/arm-none-eabi/10.3.1/thumb/v7-m/nofp/crtbegin.o

.rodata         0x0000000008007160       0x6c
                0x0000000008007160                . = ALIGN (0x4)
 *(.rodata)
 .rodata        0x0000000008007160       0x46 ./USB_DEVICE/App/usbd_desc.o
 *(.rodata*)
 *fill*         0x00000000080071a6        0x2 
 .rodata.AHBPrescTable
                0x00000000080071a8       0x10 ./Core/Src/system_stm32f1xx.o
                0x00000000080071a8                AHBPrescTable
 .rodata.aPLLMULFactorTable.1
                0x00000000080071b8       0x10 ./Drivers/STM32F1xx_HAL_Driver/Src/stm32f1xx_hal_rcc.o
 .rodata.aPredivFactorTable.0
                0x00000000080071c8        0x2 ./Drivers/STM32F1xx_HAL_Driver/Src/stm32f1xx_hal_rcc.o
                0x00000000080071cc                . = ALIGN (0x4)
 *fill*         0x00000000080071ca        0x2 

.rel.dyn        0x00000000080071cc        0x0
 .rel.iplt      0x00000000080071cc        0x0 e:/tools/stm/cubeide/stm32cubeide_1.11.0/stm32cubeide/plugins/com.st.stm32cube.ide.mcu.externaltools.gnu-tools-for-stm32.10.3-2021.10.win32_1.0.100.202210260954/tools/bin/../lib/gcc/arm-none-eabi/10.3.1/thumb/v7-m/nofp/crtbegin.o

.ARM.extab      0x00000000080071cc        0x0
                0x00000000080071cc                . = ALIGN (0x4)
 *(.ARM.extab* .gnu.linkonce.armextab.*)
                0x00000000080071cc                . = ALIGN (0x4)

.ARM            0x00000000080071cc        0x0
                0x00000000080071cc                . = ALIGN (0x4)
                0x00000000080071cc                __exidx_start = .
 *(.ARM.exidx*)
                0x00000000080071cc                __exidx_end = .
                0x00000000080071cc                . = ALIGN (0x4)

.preinit_array  0x00000000080071cc        0x0
                0x00000000080071cc                . = ALIGN (0x4)
                0x00000000080071cc                PROVIDE (__preinit_array_start = .)
 *(.preinit_array*)
                0x00000000080071cc                PROVIDE (__preinit_array_end = .)
                0x00000000080071cc                . = ALIGN (0x4)

.init_array     0x00000000080071cc        0x4
                0x00000000080071cc                . = ALIGN (0x4)
                0x00000000080071cc                PROVIDE (__init_array_start = .)
 *(SORT_BY_NAME(.init_array.*))
 *(.init_array*)
 .init_array    0x00000000080071cc        0x4 e:/tools/stm/cubeide/stm32cubeide_1.11.0/stm32cubeide/plugins/com.st.stm32cube.ide.mcu.externaltools.gnu-tools-for-stm32.10.3-2021.10.win32_1.0.100.202210260954/tools/bin/../lib/gcc/arm-none-eabi/10.3.1/thumb/v7-m/nofp/crtbegin.o
                0x00000000080071d0                PROVIDE (__init_array_end = .)
                0x00000000080071d0                . = ALIGN (0x4)

.fini_array     0x00000000080071d0        0x4
                0x00000000080071d0                . = ALIGN (0x4)
                [!provide]                        PROVIDE (__fini_array_start = .)
 *(SORT_BY_NAME(.fini_array.*))
 *(.fini_array*)
 .fini_array    0x00000000080071d0        0x4 e:/tools/stm/cubeide/stm32cubeide_1.11.0/stm32cubeide/plugins/com.st.stm32cube.ide.mcu.externaltools.gnu-tools-for-stm32.10.3-2021.10.win32_1.0.100.202210260954/tools/bin/../lib/gcc/arm-none-eabi/10.3.1/thumb/v7-m/nofp/crtbegin.o
                [!provide]                        PROVIDE (__fini_array_end = .)
                0x00000000080071d4                . = ALIGN (0x4)
                0x00000000080071d4                _sidata = LOADADDR (.data)

.data           0x0000000020000000      0x17c load address 0x00000000080071d4
                0x0000000020000000                . = ALIGN (0x4)
                0x0000000020000000                _sdata = .
 *(.data)
 *(.data*)
 .data.SystemCoreClock
                0x0000000020000000        0x4 ./Core/Src/system_stm32f1xx.o
                0x0000000020000000                SystemCoreClock
 .data.uwTickPrio
                0x0000000020000004        0x4 ./Drivers/STM32F1xx_HAL_Driver/Src/stm32f1xx_hal.o
                0x0000000020000004                uwTickPrio
 .data.uwTickFreq
                0x0000000020000008        0x1 ./Drivers/STM32F1xx_HAL_Driver/Src/stm32f1xx_hal.o
                0x0000000020000008                uwTickFreq
 *fill*         0x0000000020000009        0x3 
 .data.USBD_CDC_DeviceQualifierDesc
                0x000000002000000c        0xa ./Middlewares/ST/STM32_USB_Device_Library/Class/CDC/Src/usbd_cdc.o
 *fill*         0x0000000020000016        0x2 
 .data.USBD_CDC
                0x0000000020000018       0x38 ./Middlewares/ST/STM32_USB_Device_Library/Class/CDC/Src/usbd_cdc.o
                0x0000000020000018                USBD_CDC
 .data.USBD_CDC_CfgHSDesc
                0x0000000020000050       0x43 ./Middlewares/ST/STM32_USB_Device_Library/Class/CDC/Src/usbd_cdc.o
                0x0000000020000050                USBD_CDC_CfgHSDesc
 *fill*         0x0000000020000093        0x1 
 .data.USBD_CDC_CfgFSDesc
                0x0000000020000094       0x43 ./Middlewares/ST/STM32_USB_Device_Library/Class/CDC/Src/usbd_cdc.o
                0x0000000020000094                USBD_CDC_CfgFSDesc
 *fill*         0x00000000200000d7        0x1 
 .data.USBD_CDC_OtherSpeedCfgDesc
                0x00000000200000d8       0x43 ./Middlewares/ST/STM32_USB_Device_Library/Class/CDC/Src/usbd_cdc.o
                0x00000000200000d8                USBD_CDC_OtherSpeedCfgDesc
 *fill*         0x000000002000011b        0x1 
 .data.USBD_Interface_fops_FS
                0x000000002000011c       0x10 ./USB_DEVICE/App/usbd_cdc_if.o
                0x000000002000011c                USBD_Interface_fops_FS
 .data.FS_Desc  0x000000002000012c       0x1c ./USB_DEVICE/App/usbd_desc.o
                0x000000002000012c                FS_Desc
 .data.USBD_FS_DeviceDesc
                0x0000000020000148       0x12 ./USB_DEVICE/App/usbd_desc.o
                0x0000000020000148                USBD_FS_DeviceDesc
 *fill*         0x000000002000015a        0x2 
 .data.USBD_LangIDDesc
                0x000000002000015c        0x4 ./USB_DEVICE/App/usbd_desc.o
                0x000000002000015c                USBD_LangIDDesc
 .data.USBD_StringSerial
                0x0000000020000160       0x1a ./USB_DEVICE/App/usbd_desc.o
                0x0000000020000160                USBD_StringSerial
 *(.RamFunc)
 *(.RamFunc*)
                0x000000002000017c                . = ALIGN (0x4)
 *fill*         0x000000002000017a        0x2 
                0x000000002000017c                _edata = .

.igot.plt       0x000000002000017c        0x0 load address 0x0000000008007350
 .igot.plt      0x000000002000017c        0x0 e:/tools/stm/cubeide/stm32cubeide_1.11.0/stm32cubeide/plugins/com.st.stm32cube.ide.mcu.externaltools.gnu-tools-for-stm32.10.3-2021.10.win32_1.0.100.202210260954/tools/bin/../lib/gcc/arm-none-eabi/10.3.1/thumb/v7-m/nofp/crtbegin.o
                0x000000002000017c                . = ALIGN (0x4)

.bss            0x000000002000017c     0x11f8 load address 0x0000000008007350
                0x000000002000017c                _sbss = .
                0x000000002000017c                __bss_start__ = _sbss
 *(.bss)
 .bss           0x000000002000017c       0x1c e:/tools/stm/cubeide/stm32cubeide_1.11.0/stm32cubeide/plugins/com.st.stm32cube.ide.mcu.externaltools.gnu-tools-for-stm32.10.3-2021.10.win32_1.0.100.202210260954/tools/bin/../lib/gcc/arm-none-eabi/10.3.1/thumb/v7-m/nofp/crtbegin.o
 *(.bss*)
 .bss.uwTick    0x0000000020000198        0x4 ./Drivers/STM32F1xx_HAL_Driver/Src/stm32f1xx_hal.o
                0x0000000020000198                uwTick
 .bss.cfgidx.0  0x000000002000019c        0x1 ./Middlewares/ST/STM32_USB_Device_Library/Core/Src/usbd_ctlreq.o
 *fill*         0x000000002000019d        0x3 
 .bss.hUsbDeviceFS
                0x00000000200001a0      0x2c4 ./USB_DEVICE/App/usb_device.o
                0x00000000200001a0                hUsbDeviceFS
 .bss.UserRxBufferFS
                0x0000000020000464      0x400 ./USB_DEVICE/App/usbd_cdc_if.o
                0x0000000020000464                UserRxBufferFS
 .bss.UserTxBufferFS
                0x0000000020000864      0x400 ./USB_DEVICE/App/usbd_cdc_if.o
                0x0000000020000864                UserTxBufferFS
 .bss.USBD_StrDesc
                0x0000000020000c64      0x200 ./USB_DEVICE/App/usbd_desc.o
                0x0000000020000c64                USBD_StrDesc
 .bss.hpcd_USB_FS
                0x0000000020000e64      0x2f0 ./USB_DEVICE/Target/usbd_conf.o
                0x0000000020000e64                hpcd_USB_FS
 .bss.mem.0     0x0000000020001154      0x220 ./USB_DEVICE/Target/usbd_conf.o
 *(COMMON)
                0x0000000020001374                . = ALIGN (0x4)
                0x0000000020001374                _ebss = .
                0x0000000020001374                __bss_end__ = _ebss

._user_heap_stack
                0x0000000020001374      0x604 load address 0x0000000008007350
                0x0000000020001378                . = ALIGN (0x8)
 *fill*         0x0000000020001374        0x4 
                [!provide]                        PROVIDE (end = .)
                0x0000000020001378                PROVIDE (_end = .)
                0x0000000020001578                . = (. + _Min_Heap_Size)
 *fill*         0x0000000020001378      0x200 
                0x0000000020001978                . = (. + _Min_Stack_Size)
 *fill*         0x0000000020001578      0x400 
                0x0000000020001978                . = ALIGN (0x8)

/DISCARD/
 libc.a(*)
 libm.a(*)
 libgcc.a(*)

.ARM.attributes
                0x0000000000000000       0x29
 *(.ARM.attributes)
 .ARM.attributes
                0x0000000000000000       0x1d e:/tools/stm/cubeide/stm32cubeide_1.11.0/stm32cubeide/plugins/com.st.stm32cube.ide.mcu.externaltools.gnu-tools-for-stm32.10.3-2021.10.win32_1.0.100.202210260954/tools/bin/../lib/gcc/arm-none-eabi/10.3.1/thumb/v7-m/nofp/crti.o
 .ARM.attributes
                0x000000000000001d       0x2d e:/tools/stm/cubeide/stm32cubeide_1.11.0/stm32cubeide/plugins/com.st.stm32cube.ide.mcu.externaltools.gnu-tools-for-stm32.10.3-2021.10.win32_1.0.100.202210260954/tools/bin/../lib/gcc/arm-none-eabi/10.3.1/thumb/v7-m/nofp/crtbegin.o
 .ARM.attributes
                0x000000000000004a       0x2d ./Core/Src/main.o
 .ARM.attributes
                0x0000000000000077       0x2d ./Core/Src/stm32f1xx_hal_msp.o
 .ARM.attributes
                0x00000000000000a4       0x2d ./Core/Src/stm32f1xx_it.o
 .ARM.attributes
                0x00000000000000d1       0x2d ./Core/Src/system_stm32f1xx.o
 .ARM.attributes
                0x00000000000000fe       0x21 ./Core/Startup/startup_stm32f103c8tx.o
 .ARM.attributes
                0x000000000000011f       0x2d ./Drivers/STM32F1xx_HAL_Driver/Src/stm32f1xx_hal.o
 .ARM.attributes
                0x000000000000014c       0x2d ./Drivers/STM32F1xx_HAL_Driver/Src/stm32f1xx_hal_cortex.o
 .ARM.attributes
                0x0000000000000179       0x2d ./Drivers/STM32F1xx_HAL_Driver/Src/stm32f1xx_hal_pcd.o
 .ARM.attributes
                0x00000000000001a6       0x2d ./Drivers/STM32F1xx_HAL_Driver/Src/stm32f1xx_hal_pcd_ex.o
 .ARM.attributes
                0x00000000000001d3       0x2d ./Drivers/STM32F1xx_HAL_Driver/Src/stm32f1xx_hal_rcc.o
 .ARM.attributes
                0x0000000000000200       0x2d ./Drivers/STM32F1xx_HAL_Driver/Src/stm32f1xx_hal_rcc_ex.o
 .ARM.attributes
                0x000000000000022d       0x2d ./Drivers/STM32F1xx_HAL_Driver/Src/stm32f1xx_ll_usb.o
 .ARM.attributes
                0x000000000000025a       0x2d ./Middlewares/ST/STM32_USB_Device_Library/Class/CDC/Src/usbd_cdc.o
 .ARM.attributes
                0x0000000000000287       0x2d ./Middlewares/ST/STM32_USB_Device_Library/Core/Src/usbd_core.o
 .ARM.attributes
                0x00000000000002b4       0x2d ./Middlewares/ST/STM32_USB_Device_Library/Core/Src/usbd_ctlreq.o
 .ARM.attributes
                0x00000000000002e1       0x2d ./Middlewares/ST/STM32_USB_Device_Library/Core/Src/usbd_ioreq.o
 .ARM.attributes
                0x000000000000030e       0x2d ./USB_DEVICE/App/usb_device.o
 .ARM.attributes
                0x000000000000033b       0x2d ./USB_DEVICE/App/usbd_cdc_if.o
 .ARM.attributes
                0x0000000000000368       0x2d ./USB_DEVICE/App/usbd_desc.o
 .ARM.attributes
                0x0000000000000395       0x2d ./USB_DEVICE/Target/usbd_conf.o
 .ARM.attributes
                0x00000000000003c2       0x2d e:/tools/stm/cubeide/stm32cubeide_1.11.0/stm32cubeide/plugins/com.st.stm32cube.ide.mcu.externaltools.gnu-tools-for-stm32.10.3-2021.10.win32_1.0.100.202210260954/tools/bin/../lib/gcc/arm-none-eabi/10.3.1/../../../../arm-none-eabi/lib/thumb/v7-m/nofp\libc_nano.a(lib_a-init.o)
 .ARM.attributes
                0x00000000000003ef       0x2d e:/tools/stm/cubeide/stm32cubeide_1.11.0/stm32cubeide/plugins/com.st.stm32cube.ide.mcu.externaltools.gnu-tools-for-stm32.10.3-2021.10.win32_1.0.100.202210260954/tools/bin/../lib/gcc/arm-none-eabi/10.3.1/../../../../arm-none-eabi/lib/thumb/v7-m/nofp\libc_nano.a(lib_a-memset.o)
 .ARM.attributes
                0x000000000000041c       0x1d e:/tools/stm/cubeide/stm32cubeide_1.11.0/stm32cubeide/plugins/com.st.stm32cube.ide.mcu.externaltools.gnu-tools-for-stm32.10.3-2021.10.win32_1.0.100.202210260954/tools/bin/../lib/gcc/arm-none-eabi/10.3.1/thumb/v7-m/nofp/crtn.o
OUTPUT(Dilithium_F103.elf elf32-littlearm)
LOAD linker stubs
LOAD e:/tools/stm/cubeide/stm32cubeide_1.11.0/stm32cubeide/plugins/com.st.stm32cube.ide.mcu.externaltools.gnu-tools-for-stm32.10.3-2021.10.win32_1.0.100.202210260954/tools/bin/../lib/gcc/arm-none-eabi/10.3.1/../../../../arm-none-eabi/lib/thumb/v7-m/nofp\libc.a
LOAD e:/tools/stm/cubeide/stm32cubeide_1.11.0/stm32cubeide/plugins/com.st.stm32cube.ide.mcu.externaltools.gnu-tools-for-stm32.10.3-2021.10.win32_1.0.100.202210260954/tools/bin/../lib/gcc/arm-none-eabi/10.3.1/../../../../arm-none-eabi/lib/thumb/v7-m/nofp\libm.a
LOAD e:/tools/stm/cubeide/stm32cubeide_1.11.0/stm32cubeide/plugins/com.st.stm32cube.ide.mcu.externaltools.gnu-tools-for-stm32.10.3-2021.10.win32_1.0.100.202210260954/tools/bin/../lib/gcc/arm-none-eabi/10.3.1/thumb/v7-m/nofp\libgcc.a

.debug_info     0x0000000000000000     0xbe16
 .debug_info    0x0000000000000000      0x41e ./Core/Src/main.o
 .debug_info    0x000000000000041e      0x180 ./Core/Src/stm32f1xx_hal_msp.o
 .debug_info    0x000000000000059e      0x653 ./Core/Src/stm32f1xx_it.o
 .debug_info    0x0000000000000bf1      0x23d ./Core/Src/system_stm32f1xx.o
 .debug_info    0x0000000000000e2e       0x22 ./Core/Startup/startup_stm32f103c8tx.o
 .debug_info    0x0000000000000e50      0x734 ./Drivers/STM32F1xx_HAL_Driver/Src/stm32f1xx_hal.o
 .debug_info    0x0000000000001584      0xb20 ./Drivers/STM32F1xx_HAL_Driver/Src/stm32f1xx_hal_cortex.o
 .debug_info    0x00000000000020a4     0x182e ./Drivers/STM32F1xx_HAL_Driver/Src/stm32f1xx_hal_pcd.o
 .debug_info    0x00000000000038d2      0x71a ./Drivers/STM32F1xx_HAL_Driver/Src/stm32f1xx_hal_pcd_ex.o
 .debug_info    0x0000000000003fec      0x865 ./Drivers/STM32F1xx_HAL_Driver/Src/stm32f1xx_hal_rcc.o
 .debug_info    0x0000000000004851      0x3e6 ./Drivers/STM32F1xx_HAL_Driver/Src/stm32f1xx_hal_rcc_ex.o
 .debug_info    0x0000000000004c37     0x18d8 ./Drivers/STM32F1xx_HAL_Driver/Src/stm32f1xx_ll_usb.o
 .debug_info    0x000000000000650f     0x10e3 ./Middlewares/ST/STM32_USB_Device_Library/Class/CDC/Src/usbd_cdc.o
 .debug_info    0x00000000000075f2      0xb02 ./Middlewares/ST/STM32_USB_Device_Library/Core/Src/usbd_core.o
 .debug_info    0x00000000000080f4      0x9b6 ./Middlewares/ST/STM32_USB_Device_Library/Core/Src/usbd_ctlreq.o
 .debug_info    0x0000000000008aaa      0x715 ./Middlewares/ST/STM32_USB_Device_Library/Core/Src/usbd_ioreq.o
 .debug_info    0x00000000000091bf      0x679 ./USB_DEVICE/App/usb_device.o
 .debug_info    0x0000000000009838      0x828 ./USB_DEVICE/App/usbd_cdc_if.o
 .debug_info    0x000000000000a060      0x484 ./USB_DEVICE/App/usbd_desc.o
 .debug_info    0x000000000000a4e4     0x1932 ./USB_DEVICE/Target/usbd_conf.o

.debug_abbrev   0x0000000000000000     0x2634
 .debug_abbrev  0x0000000000000000      0x1d4 ./Core/Src/main.o
 .debug_abbrev  0x00000000000001d4       0xc2 ./Core/Src/stm32f1xx_hal_msp.o
 .debug_abbrev  0x0000000000000296      0x188 ./Core/Src/stm32f1xx_it.o
 .debug_abbrev  0x000000000000041e      0x13b ./Core/Src/system_stm32f1xx.o
 .debug_abbrev  0x0000000000000559       0x12 ./Core/Startup/startup_stm32f103c8tx.o
 .debug_abbrev  0x000000000000056b      0x1fb ./Drivers/STM32F1xx_HAL_Driver/Src/stm32f1xx_hal.o
 .debug_abbrev  0x0000000000000766      0x2ed ./Drivers/STM32F1xx_HAL_Driver/Src/stm32f1xx_hal_cortex.o
 .debug_abbrev  0x0000000000000a53      0x2c0 ./Drivers/STM32F1xx_HAL_Driver/Src/stm32f1xx_hal_pcd.o
 .debug_abbrev  0x0000000000000d13      0x17f ./Drivers/STM32F1xx_HAL_Driver/Src/stm32f1xx_hal_pcd_ex.o
 .debug_abbrev  0x0000000000000e92      0x2a8 ./Drivers/STM32F1xx_HAL_Driver/Src/stm32f1xx_hal_rcc.o
 .debug_abbrev  0x000000000000113a      0x182 ./Drivers/STM32F1xx_HAL_Driver/Src/stm32f1xx_hal_rcc_ex.o
 .debug_abbrev  0x00000000000012bc      0x1d4 ./Drivers/STM32F1xx_HAL_Driver/Src/stm32f1xx_ll_usb.o
 .debug_abbrev  0x0000000000001490      0x2c0 ./Middlewares/ST/STM32_USB_Device_Library/Class/CDC/Src/usbd_cdc.o
 .debug_abbrev  0x0000000000001750      0x236 ./Middlewares/ST/STM32_USB_Device_Library/Core/Src/usbd_core.o
 .debug_abbrev  0x0000000000001986      0x257 ./Middlewares/ST/STM32_USB_Device_Library/Core/Src/usbd_ctlreq.o
 .debug_abbrev  0x0000000000001bdd      0x183 ./Middlewares/ST/STM32_USB_Device_Library/Core/Src/usbd_ioreq.o
 .debug_abbrev  0x0000000000001d60      0x183 ./USB_DEVICE/App/usb_device.o
 .debug_abbrev  0x0000000000001ee3      0x252 ./USB_DEVICE/App/usbd_cdc_if.o
 .debug_abbrev  0x0000000000002135      0x1fa ./USB_DEVICE/App/usbd_desc.o
 .debug_abbrev  0x000000000000232f      0x305 ./USB_DEVICE/Target/usbd_conf.o

.debug_aranges  0x0000000000000000      0xa18
 .debug_aranges
                0x0000000000000000       0x38 ./Core/Src/main.o
 .debug_aranges
                0x0000000000000038       0x20 ./Core/Src/stm32f1xx_hal_msp.o
 .debug_aranges
                0x0000000000000058       0x68 ./Core/Src/stm32f1xx_it.o
 .debug_aranges
                0x00000000000000c0       0x28 ./Core/Src/system_stm32f1xx.o
 .debug_aranges
                0x00000000000000e8       0x28 ./Core/Startup/startup_stm32f103c8tx.o
 .debug_aranges
                0x0000000000000110       0xe0 ./Drivers/STM32F1xx_HAL_Driver/Src/stm32f1xx_hal.o
 .debug_aranges
                0x00000000000001f0      0x100 ./Drivers/STM32F1xx_HAL_Driver/Src/stm32f1xx_hal_cortex.o
 .debug_aranges
                0x00000000000002f0      0x140 ./Drivers/STM32F1xx_HAL_Driver/Src/stm32f1xx_hal_pcd.o
 .debug_aranges
                0x0000000000000430       0x38 ./Drivers/STM32F1xx_HAL_Driver/Src/stm32f1xx_hal_pcd_ex.o
 .debug_aranges
                0x0000000000000468       0x90 ./Drivers/STM32F1xx_HAL_Driver/Src/stm32f1xx_hal_rcc.o
 .debug_aranges
                0x00000000000004f8       0x30 ./Drivers/STM32F1xx_HAL_Driver/Src/stm32f1xx_hal_rcc_ex.o
 .debug_aranges
                0x0000000000000528       0xf8 ./Drivers/STM32F1xx_HAL_Driver/Src/stm32f1xx_ll_usb.o
 .debug_aranges
                0x0000000000000620       0x90 ./Middlewares/ST/STM32_USB_Device_Library/Class/CDC/Src/usbd_cdc.o
 .debug_aranges
                0x00000000000006b0       0xb8 ./Middlewares/ST/STM32_USB_Device_Library/Core/Src/usbd_core.o
 .debug_aranges
                0x0000000000000768       0x88 ./Middlewares/ST/STM32_USB_Device_Library/Core/Src/usbd_ctlreq.o
 .debug_aranges
                0x00000000000007f0       0x50 ./Middlewares/ST/STM32_USB_Device_Library/Core/Src/usbd_ioreq.o
 .debug_aranges
                0x0000000000000840       0x20 ./USB_DEVICE/App/usb_device.o
 .debug_aranges
                0x0000000000000860       0x40 ./USB_DEVICE/App/usbd_cdc_if.o
 .debug_aranges
                0x00000000000008a0       0x60 ./USB_DEVICE/App/usbd_desc.o
 .debug_aranges
                0x0000000000000900      0x118 ./USB_DEVICE/Target/usbd_conf.o

.debug_ranges   0x0000000000000000      0x8e0
 .debug_ranges  0x0000000000000000       0x28 ./Core/Src/main.o
 .debug_ranges  0x0000000000000028       0x10 ./Core/Src/stm32f1xx_hal_msp.o
 .debug_ranges  0x0000000000000038       0x58 ./Core/Src/stm32f1xx_it.o
 .debug_ranges  0x0000000000000090       0x18 ./Core/Src/system_stm32f1xx.o
 .debug_ranges  0x00000000000000a8       0x20 ./Core/Startup/startup_stm32f103c8tx.o
 .debug_ranges  0x00000000000000c8       0xd0 ./Drivers/STM32F1xx_HAL_Driver/Src/stm32f1xx_hal.o
 .debug_ranges  0x0000000000000198       0xf0 ./Drivers/STM32F1xx_HAL_Driver/Src/stm32f1xx_hal_cortex.o
 .debug_ranges  0x0000000000000288      0x130 ./Drivers/STM32F1xx_HAL_Driver/Src/stm32f1xx_hal_pcd.o
 .debug_ranges  0x00000000000003b8       0x28 ./Drivers/STM32F1xx_HAL_Driver/Src/stm32f1xx_hal_pcd_ex.o
 .debug_ranges  0x00000000000003e0       0x80 ./Drivers/STM32F1xx_HAL_Driver/Src/stm32f1xx_hal_rcc.o
 .debug_ranges  0x0000000000000460       0x20 ./Drivers/STM32F1xx_HAL_Driver/Src/stm32f1xx_hal_rcc_ex.o
 .debug_ranges  0x0000000000000480       0xe8 ./Drivers/STM32F1xx_HAL_Driver/Src/stm32f1xx_ll_usb.o
 .debug_ranges  0x0000000000000568       0x80 ./Middlewares/ST/STM32_USB_Device_Library/Class/CDC/Src/usbd_cdc.o
 .debug_ranges  0x00000000000005e8       0xa8 ./Middlewares/ST/STM32_USB_Device_Library/Core/Src/usbd_core.o
 .debug_ranges  0x0000000000000690       0x78 ./Middlewares/ST/STM32_USB_Device_Library/Core/Src/usbd_ctlreq.o
 .debug_ranges  0x0000000000000708       0x40 ./Middlewares/ST/STM32_USB_Device_Library/Core/Src/usbd_ioreq.o
 .debug_ranges  0x0000000000000748       0x10 ./USB_DEVICE/App/usb_device.o
 .debug_ranges  0x0000000000000758       0x30 ./USB_DEVICE/App/usbd_cdc_if.o
 .debug_ranges  0x0000000000000788       0x50 ./USB_DEVICE/App/usbd_desc.o
 .debug_ranges  0x00000000000007d8      0x108 ./USB_DEVICE/Target/usbd_conf.o

.debug_macro    0x0000000000000000    0x193cc
 .debug_macro   0x0000000000000000      0x39d ./Core/Src/main.o
 .debug_macro   0x000000000000039d      0xa6c ./Core/Src/main.o
 .debug_macro   0x0000000000000e09      0x215 ./Core/Src/main.o
 .debug_macro   0x000000000000101e       0x2e ./Core/Src/main.o
 .debug_macro   0x000000000000104c       0x22 ./Core/Src/main.o
 .debug_macro   0x000000000000106e       0x22 ./Core/Src/main.o
 .debug_macro   0x0000000000001090       0x8e ./Core/Src/main.o
 .debug_macro   0x000000000000111e       0x51 ./Core/Src/main.o
 .debug_macro   0x000000000000116f      0x103 ./Core/Src/main.o
 .debug_macro   0x0000000000001272       0x6a ./Core/Src/main.o
 .debug_macro   0x00000000000012dc      0x1df ./Core/Src/main.o
 .debug_macro   0x00000000000014bb       0x1c ./Core/Src/main.o
 .debug_macro   0x00000000000014d7       0x22 ./Core/Src/main.o
 .debug_macro   0x00000000000014f9       0xbd ./Core/Src/main.o
 .debug_macro   0x00000000000015b6      0xd23 ./Core/Src/main.o
 .debug_macro   0x00000000000022d9     0xe09e ./Core/Src/main.o
 .debug_macro   0x0000000000010377       0x6d ./Core/Src/main.o
 .debug_macro   0x00000000000103e4     0x348d ./Core/Src/main.o
 .debug_macro   0x0000000000013871      0x174 ./Core/Src/main.o
 .debug_macro   0x00000000000139e5       0x5c ./Core/Src/main.o
 .debug_macro   0x0000000000013a41      0x5bc ./Core/Src/main.o
 .debug_macro   0x0000000000013ffd      0x289 ./Core/Src/main.o
 .debug_macro   0x0000000000014286      0x1cb ./Core/Src/main.o
 .debug_macro   0x0000000000014451      0x114 ./Core/Src/main.o
 .debug_macro   0x0000000000014565      0x1b2 ./Core/Src/main.o
 .debug_macro   0x0000000000014717       0x27 ./Core/Src/main.o
 .debug_macro   0x000000000001473e      0x136 ./Core/Src/main.o
 .debug_macro   0x0000000000014874      0x1bc ./Core/Src/main.o
 .debug_macro   0x0000000000014a30       0x34 ./Core/Src/main.o
 .debug_macro   0x0000000000014a64       0x3c ./Core/Src/main.o
 .debug_macro   0x0000000000014aa0       0x57 ./Core/Src/main.o
 .debug_macro   0x0000000000014af7       0x87 ./Core/Src/main.o
 .debug_macro   0x0000000000014b7e      0x240 ./Core/Src/main.o
 .debug_macro   0x0000000000014dbe      0x140 ./Core/Src/main.o
 .debug_macro   0x0000000000014efe       0xab ./Core/Src/main.o
 .debug_macro   0x0000000000014fa9      0x242 ./Core/Src/main.o
 .debug_macro   0x00000000000151eb       0x83 ./Core/Src/main.o
 .debug_macro   0x000000000001526e       0x52 ./Core/Src/main.o
 .debug_macro   0x00000000000152c0       0x18 ./Core/Src/main.o
 .debug_macro   0x00000000000152d8       0x3c ./Core/Src/main.o
 .debug_macro   0x0000000000015314       0x34 ./Core/Src/main.o
 .debug_macro   0x0000000000015348       0x16 ./Core/Src/main.o
 .debug_macro   0x000000000001535e       0x35 ./Core/Src/main.o
 .debug_macro   0x0000000000015393      0x341 ./Core/Src/main.o
 .debug_macro   0x00000000000156d4       0x10 ./Core/Src/main.o
 .debug_macro   0x00000000000156e4       0x16 ./Core/Src/main.o
 .debug_macro   0x00000000000156fa       0x43 ./Core/Src/main.o
 .debug_macro   0x000000000001573d       0x34 ./Core/Src/main.o
 .debug_macro   0x0000000000015771       0x10 ./Core/Src/main.o
 .debug_macro   0x0000000000015781       0x58 ./Core/Src/main.o
 .debug_macro   0x00000000000157d9       0x71 ./Core/Src/main.o
 .debug_macro   0x000000000001584a       0x1c ./Core/Src/main.o
 .debug_macro   0x0000000000015866      0x12a ./Core/Src/main.o
 .debug_macro   0x0000000000015990       0x10 ./Core/Src/main.o
 .debug_macro   0x00000000000159a0       0x1c ./Core/Src/main.o
 .debug_macro   0x00000000000159bc       0x52 ./Core/Src/main.o
 .debug_macro   0x0000000000015a0e       0x22 ./Core/Src/main.o
 .debug_macro   0x0000000000015a30       0x10 ./Core/Src/main.o
 .debug_macro   0x0000000000015a40       0x52 ./Core/Src/main.o
 .debug_macro   0x0000000000015a92       0xd5 ./Core/Src/main.o
 .debug_macro   0x0000000000015b67       0x1c ./Core/Src/main.o
 .debug_macro   0x0000000000015b83       0x3d ./Core/Src/main.o
 .debug_macro   0x0000000000015bc0       0x16 ./Core/Src/main.o
 .debug_macro   0x0000000000015bd6      0x145 ./Core/Src/main.o
 .debug_macro   0x0000000000015d1b       0x16 ./Core/Src/main.o
 .debug_macro   0x0000000000015d31       0x16 ./Core/Src/main.o
 .debug_macro   0x0000000000015d47       0x29 ./Core/Src/main.o
 .debug_macro   0x0000000000015d70       0x16 ./Core/Src/main.o
 .debug_macro   0x0000000000015d86       0x20 ./Core/Src/main.o
 .debug_macro   0x0000000000015da6       0x5f ./Core/Src/main.o
 .debug_macro   0x0000000000015e05      0x1c8 ./Core/Src/main.o
 .debug_macro   0x0000000000015fcd      0x1b2 ./Core/Src/stm32f1xx_hal_msp.o
 .debug_macro   0x000000000001617f      0x1bc ./Core/Src/stm32f1xx_it.o
 .debug_macro   0x000000000001633b      0x1a8 ./Core/Src/system_stm32f1xx.o
 .debug_macro   0x00000000000164e3      0x1cc ./Drivers/STM32F1xx_HAL_Driver/Src/stm32f1xx_hal.o
 .debug_macro   0x00000000000166af      0x1a8 ./Drivers/STM32F1xx_HAL_Driver/Src/stm32f1xx_hal_cortex.o
 .debug_macro   0x0000000000016857      0x1b4 ./Drivers/STM32F1xx_HAL_Driver/Src/stm32f1xx_hal_pcd.o
 .debug_macro   0x0000000000016a0b      0x1a8 ./Drivers/STM32F1xx_HAL_Driver/Src/stm32f1xx_hal_pcd_ex.o
 .debug_macro   0x0000000000016bb3      0x1ba ./Drivers/STM32F1xx_HAL_Driver/Src/stm32f1xx_hal_rcc.o
 .debug_macro   0x0000000000016d6d      0x1a8 ./Drivers/STM32F1xx_HAL_Driver/Src/stm32f1xx_hal_rcc_ex.o
 .debug_macro   0x0000000000016f15      0x1a8 ./Drivers/STM32F1xx_HAL_Driver/Src/stm32f1xx_ll_usb.o
 .debug_macro   0x00000000000170bd      0x3c8 ./Middlewares/ST/STM32_USB_Device_Library/Class/CDC/Src/usbd_cdc.o
 .debug_macro   0x0000000000017485       0x97 ./Middlewares/ST/STM32_USB_Device_Library/Class/CDC/Src/usbd_cdc.o
 .debug_macro   0x000000000001751c       0xfd ./Middlewares/ST/STM32_USB_Device_Library/Class/CDC/Src/usbd_cdc.o
 .debug_macro   0x0000000000017619       0x56 ./Middlewares/ST/STM32_USB_Device_Library/Class/CDC/Src/usbd_cdc.o
 .debug_macro   0x000000000001766f       0x8f ./Middlewares/ST/STM32_USB_Device_Library/Class/CDC/Src/usbd_cdc.o
 .debug_macro   0x00000000000176fe      0x3af ./Middlewares/ST/STM32_USB_Device_Library/Core/Src/usbd_core.o
 .debug_macro   0x0000000000017aad      0x1ce ./Middlewares/ST/STM32_USB_Device_Library/Core/Src/usbd_core.o
 .debug_macro   0x0000000000017c7b      0x3b9 ./Middlewares/ST/STM32_USB_Device_Library/Core/Src/usbd_ctlreq.o
 .debug_macro   0x0000000000018034      0x3b5 ./Middlewares/ST/STM32_USB_Device_Library/Core/Src/usbd_ioreq.o
 .debug_macro   0x00000000000183e9      0x3ee ./USB_DEVICE/App/usb_device.o
 .debug_macro   0x00000000000187d7       0x22 ./USB_DEVICE/App/usb_device.o
 .debug_macro   0x00000000000187f9       0x16 ./USB_DEVICE/App/usb_device.o
 .debug_macro   0x000000000001880f      0x3d3 ./USB_DEVICE/App/usbd_cdc_if.o
 .debug_macro   0x0000000000018be2       0x10 ./USB_DEVICE/App/usbd_cdc_if.o
 .debug_macro   0x0000000000018bf2      0x3ec ./USB_DEVICE/App/usbd_desc.o
 .debug_macro   0x0000000000018fde       0x1c ./USB_DEVICE/App/usbd_desc.o
 .debug_macro   0x0000000000018ffa      0x3d2 ./USB_DEVICE/Target/usbd_conf.o

.debug_line     0x0000000000000000     0xe315
 .debug_line    0x0000000000000000      0xb0e ./Core/Src/main.o
 .debug_line    0x0000000000000b0e      0x6e3 ./Core/Src/stm32f1xx_hal_msp.o
 .debug_line    0x00000000000011f1      0x7be ./Core/Src/stm32f1xx_it.o
 .debug_line    0x00000000000019af      0x762 ./Core/Src/system_stm32f1xx.o
 .debug_line    0x0000000000002111       0x86 ./Core/Startup/startup_stm32f103c8tx.o
 .debug_line    0x0000000000002197      0x98f ./Drivers/STM32F1xx_HAL_Driver/Src/stm32f1xx_hal.o
 .debug_line    0x0000000000002b26      0xb77 ./Drivers/STM32F1xx_HAL_Driver/Src/stm32f1xx_hal_cortex.o
 .debug_line    0x000000000000369d     0x13c0 ./Drivers/STM32F1xx_HAL_Driver/Src/stm32f1xx_hal_pcd.o
 .debug_line    0x0000000000004a5d      0x75d ./Drivers/STM32F1xx_HAL_Driver/Src/stm32f1xx_hal_pcd_ex.o
 .debug_line    0x00000000000051ba      0xd9b ./Drivers/STM32F1xx_HAL_Driver/Src/stm32f1xx_hal_rcc.o
 .debug_line    0x0000000000005f55      0x8d6 ./Drivers/STM32F1xx_HAL_Driver/Src/stm32f1xx_hal_rcc_ex.o
 .debug_line    0x000000000000682b     0x1044 ./Drivers/STM32F1xx_HAL_Driver/Src/stm32f1xx_ll_usb.o
 .debug_line    0x000000000000786f      0xe44 ./Middlewares/ST/STM32_USB_Device_Library/Class/CDC/Src/usbd_cdc.o
 .debug_line    0x00000000000086b3      0xec4 ./Middlewares/ST/STM32_USB_Device_Library/Core/Src/usbd_core.o
 .debug_line    0x0000000000009577     0x10e6 ./Middlewares/ST/STM32_USB_Device_Library/Core/Src/usbd_ctlreq.o
 .debug_line    0x000000000000a65d      0xb5a ./Middlewares/ST/STM32_USB_Device_Library/Core/Src/usbd_ioreq.o
 .debug_line    0x000000000000b1b7      0xb1a ./USB_DEVICE/App/usb_device.o
 .debug_line    0x000000000000bcd1      0xb62 ./USB_DEVICE/App/usbd_cdc_if.o
 .debug_line    0x000000000000c833      0xbe3 ./USB_DEVICE/App/usbd_desc.o
 .debug_line    0x000000000000d416      0xeff ./USB_DEVICE/Target/usbd_conf.o

.debug_str      0x0000000000000000    0x846a0
 .debug_str     0x0000000000000000    0x81bce ./Core/Src/main.o
                                      0x81f55 (size before relaxing)
 .debug_str     0x0000000000081bce       0x2c ./Core/Src/stm32f1xx_hal_msp.o
                                      0x7d4d4 (size before relaxing)
 .debug_str     0x0000000000081bfa      0x427 ./Core/Src/stm32f1xx_it.o
                                      0x7d8d6 (size before relaxing)
 .debug_str     0x0000000000082021       0x7e ./Core/Src/system_stm32f1xx.o
                                      0x7d52d (size before relaxing)
 .debug_str     0x000000000008209f       0x36 ./Core/Startup/startup_stm32f103c8tx.o
                                         0x67 (size before relaxing)
 .debug_str     0x00000000000820d5      0x607 ./Drivers/STM32F1xx_HAL_Driver/Src/stm32f1xx_hal.o
                                      0x7dc60 (size before relaxing)
 .debug_str     0x00000000000826dc      0x293 ./Drivers/STM32F1xx_HAL_Driver/Src/stm32f1xx_hal_cortex.o
                                      0x7dbac (size before relaxing)
 .debug_str     0x000000000008296f      0x5da ./Drivers/STM32F1xx_HAL_Driver/Src/stm32f1xx_hal_pcd.o
                                      0x7de3f (size before relaxing)
 .debug_str     0x0000000000082f49      0x170 ./Drivers/STM32F1xx_HAL_Driver/Src/stm32f1xx_hal_pcd_ex.o
                                      0x7d9a1 (size before relaxing)
 .debug_str     0x00000000000830b9      0x264 ./Drivers/STM32F1xx_HAL_Driver/Src/stm32f1xx_hal_rcc.o
                                      0x7d95c (size before relaxing)
 .debug_str     0x000000000008331d       0x9f ./Drivers/STM32F1xx_HAL_Driver/Src/stm32f1xx_hal_rcc_ex.o
                                      0x7d6ac (size before relaxing)
 .debug_str     0x00000000000833bc      0x129 ./Drivers/STM32F1xx_HAL_Driver/Src/stm32f1xx_ll_usb.o
                                      0x7d9f3 (size before relaxing)
 .debug_str     0x00000000000834e5      0x967 ./Middlewares/ST/STM32_USB_Device_Library/Class/CDC/Src/usbd_cdc.o
                                      0x82a49 (size before relaxing)
 .debug_str     0x0000000000083e4c      0x281 ./Middlewares/ST/STM32_USB_Device_Library/Core/Src/usbd_core.o
                                      0x82384 (size before relaxing)
 .debug_str     0x00000000000840cd      0x120 ./Middlewares/ST/STM32_USB_Device_Library/Core/Src/usbd_ctlreq.o
                                      0x8229e (size before relaxing)
 .debug_str     0x00000000000841ed       0x51 ./Middlewares/ST/STM32_USB_Device_Library/Core/Src/usbd_ioreq.o
                                      0x821cb (size before relaxing)
 .debug_str     0x000000000008423e      0x105 ./USB_DEVICE/App/usb_device.o
                                      0x82556 (size before relaxing)
 .debug_str     0x0000000000084343       0x8d ./USB_DEVICE/App/usbd_cdc_if.o
                                      0x8257c (size before relaxing)
 .debug_str     0x00000000000843d0      0x258 ./USB_DEVICE/App/usbd_desc.o
                                      0x82107 (size before relaxing)
 .debug_str     0x0000000000084628       0x78 ./USB_DEVICE/Target/usbd_conf.o
                                      0x82fd6 (size before relaxing)

.comment        0x0000000000000000       0x50
 .comment       0x0000000000000000       0x50 ./Core/Src/main.o
                                         0x51 (size before relaxing)
 .comment       0x0000000000000050       0x51 ./Core/Src/stm32f1xx_hal_msp.o
 .comment       0x0000000000000050       0x51 ./Core/Src/stm32f1xx_it.o
 .comment       0x0000000000000050       0x51 ./Core/Src/system_stm32f1xx.o
 .comment       0x0000000000000050       0x51 ./Drivers/STM32F1xx_HAL_Driver/Src/stm32f1xx_hal.o
 .comment       0x0000000000000050       0x51 ./Drivers/STM32F1xx_HAL_Driver/Src/stm32f1xx_hal_cortex.o
 .comment       0x0000000000000050       0x51 ./Drivers/STM32F1xx_HAL_Driver/Src/stm32f1xx_hal_pcd.o
 .comment       0x0000000000000050       0x51 ./Drivers/STM32F1xx_HAL_Driver/Src/stm32f1xx_hal_pcd_ex.o
 .comment       0x0000000000000050       0x51 ./Drivers/STM32F1xx_HAL_Driver/Src/stm32f1xx_hal_rcc.o
 .comment       0x0000000000000050       0x51 ./Drivers/STM32F1xx_HAL_Driver/Src/stm32f1xx_hal_rcc_ex.o
 .comment       0x0000000000000050       0x51 ./Drivers/STM32F1xx_HAL_Driver/Src/stm32f1xx_ll_usb.o
 .comment       0x0000000000000050       0x51 ./Middlewares/ST/STM32_USB_Device_Library/Class/CDC/Src/usbd_cdc.o
 .comment       0x0000000000000050       0x51 ./Middlewares/ST/STM32_USB_Device_Library/Core/Src/usbd_core.o
 .comment       0x0000000000000050       0x51 ./Middlewares/ST/STM32_USB_Device_Library/Core/Src/usbd_ctlreq.o
 .comment       0x0000000000000050       0x51 ./Middlewares/ST/STM32_USB_Device_Library/Core/Src/usbd_ioreq.o
 .comment       0x0000000000000050       0x51 ./USB_DEVICE/App/usb_device.o
 .comment       0x0000000000000050       0x51 ./USB_DEVICE/App/usbd_cdc_if.o
 .comment       0x0000000000000050       0x51 ./USB_DEVICE/App/usbd_desc.o
 .comment       0x0000000000000050       0x51 ./USB_DEVICE/Target/usbd_conf.o

.debug_frame    0x0000000000000000     0x269c
 .debug_frame   0x0000000000000000       0x90 ./Core/Src/main.o
 .debug_frame   0x0000000000000090       0x38 ./Core/Src/stm32f1xx_hal_msp.o
 .debug_frame   0x00000000000000c8      0x120 ./Core/Src/stm32f1xx_it.o
 .debug_frame   0x00000000000001e8       0x58 ./Core/Src/system_stm32f1xx.o
 .debug_frame   0x0000000000000240      0x334 ./Drivers/STM32F1xx_HAL_Driver/Src/stm32f1xx_hal.o
 .debug_frame   0x0000000000000574      0x428 ./Drivers/STM32F1xx_HAL_Driver/Src/stm32f1xx_hal_cortex.o
 .debug_frame   0x000000000000099c      0x59c ./Drivers/STM32F1xx_HAL_Driver/Src/stm32f1xx_hal_pcd.o
 .debug_frame   0x0000000000000f38       0xb0 ./Drivers/STM32F1xx_HAL_Driver/Src/stm32f1xx_hal_pcd_ex.o
 .debug_frame   0x0000000000000fe8      0x218 ./Drivers/STM32F1xx_HAL_Driver/Src/stm32f1xx_hal_rcc.o
 .debug_frame   0x0000000000001200       0x80 ./Drivers/STM32F1xx_HAL_Driver/Src/stm32f1xx_hal_rcc_ex.o
 .debug_frame   0x0000000000001280      0x478 ./Drivers/STM32F1xx_HAL_Driver/Src/stm32f1xx_ll_usb.o
 .debug_frame   0x00000000000016f8      0x248 ./Middlewares/ST/STM32_USB_Device_Library/Class/CDC/Src/usbd_cdc.o
 .debug_frame   0x0000000000001940      0x300 ./Middlewares/ST/STM32_USB_Device_Library/Core/Src/usbd_core.o
 .debug_frame   0x0000000000001c40      0x218 ./Middlewares/ST/STM32_USB_Device_Library/Core/Src/usbd_ctlreq.o
 .debug_frame   0x0000000000001e58      0x10c ./Middlewares/ST/STM32_USB_Device_Library/Core/Src/usbd_ioreq.o
 .debug_frame   0x0000000000001f64       0x2c ./USB_DEVICE/App/usb_device.o
 .debug_frame   0x0000000000001f90       0xbc ./USB_DEVICE/App/usbd_cdc_if.o
 .debug_frame   0x000000000000204c      0x160 ./USB_DEVICE/App/usbd_desc.o
 .debug_frame   0x00000000000021ac      0x4a4 ./USB_DEVICE/Target/usbd_conf.o
 .debug_frame   0x0000000000002650       0x2c e:/tools/stm/cubeide/stm32cubeide_1.11.0/stm32cubeide/plugins/com.st.stm32cube.ide.mcu.externaltools.gnu-tools-for-stm32.10.3-2021.10.win32_1.0.100.202210260954/tools/bin/../lib/gcc/arm-none-eabi/10.3.1/../../../../arm-none-eabi/lib/thumb/v7-m/nofp\libc_nano.a(lib_a-init.o)
 .debug_frame   0x000000000000267c       0x20 e:/tools/stm/cubeide/stm32cubeide_1.11.0/stm32cubeide/plugins/com.st.stm32cube.ide.mcu.externaltools.gnu-tools-for-stm32.10.3-2021.10.win32_1.0.100.202210260954/tools/bin/../lib/gcc/arm-none-eabi/10.3.1/../../../../arm-none-eabi/lib/thumb/v7-m/nofp\libc_nano.a(lib_a-memset.o)
