F:/MasterDiploma2/src_STM32/Mac_802_15_4_FFD/STM32_WPAN/App/app_ffd_mac_802_15_4_process.c:76:14:APP_MAC_mlmeAssociateCnfCb	16	static
F:/MasterDiploma2/src_STM32/Mac_802_15_4_FFD/STM32_WPAN/App/app_ffd_mac_802_15_4_process.c:81:14:APP_MAC_mlmeAssociateIndCb	56	static
F:/MasterDiploma2/src_STM32/Mac_802_15_4_FFD/STM32_WPAN/App/app_ffd_mac_802_15_4_process.c:108:14:APP_MAC_mlmeBeaconNotifyIndCb	16	static
F:/MasterDiploma2/src_STM32/Mac_802_15_4_FFD/STM32_WPAN/App/app_ffd_mac_802_15_4_process.c:113:14:APP_MAC_mlmeCommStatusIndCb	16	static
F:/MasterDiploma2/src_STM32/Mac_802_15_4_FFD/STM32_WPAN/App/app_ffd_mac_802_15_4_process.c:118:14:APP_MAC_mlmeDisassociateCnfCb	16	static
F:/MasterDiploma2/src_STM32/Mac_802_15_4_FFD/STM32_WPAN/App/app_ffd_mac_802_15_4_process.c:124:14:APP_MAC_mlmeDisassociateIndCb	16	static
F:/MasterDiploma2/src_STM32/Mac_802_15_4_FFD/STM32_WPAN/App/app_ffd_mac_802_15_4_process.c:130:14:APP_MAC_mlmeGetCnfCb	16	static
F:/MasterDiploma2/src_STM32/Mac_802_15_4_FFD/STM32_WPAN/App/app_ffd_mac_802_15_4_process.c:136:14:APP_MAC_mlmeOrphanIndCb	16	static
F:/MasterDiploma2/src_STM32/Mac_802_15_4_FFD/STM32_WPAN/App/app_ffd_mac_802_15_4_process.c:142:14:APP_MAC_mlmePollCnfCb	16	static
F:/MasterDiploma2/src_STM32/Mac_802_15_4_FFD/STM32_WPAN/App/app_ffd_mac_802_15_4_process.c:148:14:APP_MAC_mlmeResetCnfCb	16	static
F:/MasterDiploma2/src_STM32/Mac_802_15_4_FFD/STM32_WPAN/App/app_ffd_mac_802_15_4_process.c:155:14:APP_MAC_mlmeRxEnableCnfCb	16	static
F:/MasterDiploma2/src_STM32/Mac_802_15_4_FFD/STM32_WPAN/App/app_ffd_mac_802_15_4_process.c:161:14:APP_MAC_mlmeScanCnfCb	16	static
F:/MasterDiploma2/src_STM32/Mac_802_15_4_FFD/STM32_WPAN/App/app_ffd_mac_802_15_4_process.c:167:14:APP_MAC_mlmeSetCnfCb	16	static
F:/MasterDiploma2/src_STM32/Mac_802_15_4_FFD/STM32_WPAN/App/app_ffd_mac_802_15_4_process.c:174:14:APP_MAC_mlmeStartCnfCb	16	static
F:/MasterDiploma2/src_STM32/Mac_802_15_4_FFD/STM32_WPAN/App/app_ffd_mac_802_15_4_process.c:181:14:APP_MAC_mcpsDataIndCb	16	static
F:/MasterDiploma2/src_STM32/Mac_802_15_4_FFD/STM32_WPAN/App/app_ffd_mac_802_15_4_process.c:204:14:APP_MAC_mcpsDataCnfCb	16	static
F:/MasterDiploma2/src_STM32/Mac_802_15_4_FFD/STM32_WPAN/App/app_ffd_mac_802_15_4_process.c:210:14:APP_MAC_mcpsPurgeCnfCb	16	static
F:/MasterDiploma2/src_STM32/Mac_802_15_4_FFD/STM32_WPAN/App/app_ffd_mac_802_15_4_process.c:216:14:APP_MAC_mlmeSyncLossIndCb	16	static
F:/MasterDiploma2/src_STM32/Mac_802_15_4_FFD/STM32_WPAN/App/app_ffd_mac_802_15_4_process.c:222:14:APP_MAC_mlmeCalibrateCnfCb	16	static
F:/MasterDiploma2/src_STM32/Mac_802_15_4_FFD/STM32_WPAN/App/app_ffd_mac_802_15_4_process.c:229:14:APP_MAC_mlmeDpsCnfCb	16	static
F:/MasterDiploma2/src_STM32/Mac_802_15_4_FFD/STM32_WPAN/App/app_ffd_mac_802_15_4_process.c:235:14:APP_MAC_mlmeDpsIndCb	16	static
F:/MasterDiploma2/src_STM32/Mac_802_15_4_FFD/STM32_WPAN/App/app_ffd_mac_802_15_4_process.c:241:14:APP_MAC_mlmeSoundingCnfCb	16	static
F:/MasterDiploma2/src_STM32/Mac_802_15_4_FFD/STM32_WPAN/App/app_ffd_mac_802_15_4_process.c:246:14:APP_MAC_mlmeGtsCnfCb	16	static
F:/MasterDiploma2/src_STM32/Mac_802_15_4_FFD/STM32_WPAN/App/app_ffd_mac_802_15_4_process.c:252:14:APP_MAC_mlmeGtsIndCb	16	static
F:/MasterDiploma2/src_STM32/Mac_802_15_4_FFD/STM32_WPAN/App/app_ffd_mac_802_15_4_process.c:258:14:APP_MAC_mlmePollIndCb	16	static
F:/MasterDiploma2/src_STM32/Mac_802_15_4_FFD/STM32_WPAN/App/app_ffd_mac_802_15_4_process.c:265:9:checkMsgXorSignature	24	static
