../Drivers/STM32WBxx_HAL_Driver/Inc/stm32wbxx_ll_bus.h:364:22:LL_AHB1_GRP1_EnableClock	24	static
../Drivers/STM32WBxx_HAL_Driver/Inc/stm32wbxx_ll_bus.h:539:22:LL_AHB2_GRP1_EnableClock	24	static
../Core/Src/main.c:100:5:main	8192	static
../Core/Src/main.c:242:6:SystemClock_Config	112	static
../Core/Src/main.c:295:6:PeriphCommonClock_Config	88	static
../Core/Src/main.c:320:13:MX_IPCC_Init	8	static
../Core/Src/main.c:346:13:MX_RF_Init	4	static
../Core/Src/main.c:367:13:MX_RNG_Init	8	static
../Core/Src/main.c:394:13:MX_RTC_Init	8	static
../Core/Src/main.c:437:13:MX_USART1_UART_Init	8	static
../Core/Src/main.c:483:13:MX_DMA_Init	8	static
../Core/Src/main.c:502:13:MX_GPIO_Init	32	static
../Core/Src/main.c:548:6:Error_Handler	8	static,ignoring_inline_asm
