../Drivers/STM32WBxx_HAL_Driver/Inc/stm32wbxx_ll_bus.h:364:22:LL_AHB1_GRP1_EnableClock	24	static
../Drivers/STM32WBxx_HAL_Driver/Inc/stm32wbxx_ll_bus.h:539:22:LL_AHB2_GRP1_EnableClock	24	static
../Core/Src/main.c:119:5:main	8184	static
../Core/Src/main.c:406:6:SystemClock_Config	112	static
../Core/Src/main.c:459:6:PeriphCommonClock_Config	88	static
../Core/Src/main.c:486:13:MX_AES1_Init	8	static
../Core/Src/main.c:519:13:MX_IPCC_Init	8	static
../Core/Src/main.c:545:13:MX_RF_Init	4	static
../Core/Src/main.c:566:13:MX_RNG_Init	8	static
../Core/Src/main.c:593:13:MX_RTC_Init	8	static
../Core/Src/main.c:636:13:MX_USART1_UART_Init	8	static
../Core/Src/main.c:682:13:MX_DMA_Init	8	static
../Core/Src/main.c:701:13:MX_GPIO_Init	32	static
../Core/Src/main.c:740:12:sign_verify_test_assert	32	static
../Core/Src/main.c:768:6:Error_Handler	8	static,ignoring_inline_asm
