F:/MasterDiploma2/src_STM32/Mac_802_15_4_FFD/Core/Src/app_entry.c:98:6:APP_ENTRY_Init	16	static
F:/MasterDiploma2/src_STM32/Mac_802_15_4_FFD/Core/Src/app_entry.c:117:13:appe_Tl_Init	40	static
F:/MasterDiploma2/src_STM32/Mac_802_15_4_FFD/Core/Src/app_entry.c:143:13:Led_Init	8	static
F:/MasterDiploma2/src_STM32/Mac_802_15_4_FFD/Core/Src/app_entry.c:156:13:APPE_StatusNot	16	static
F:/MasterDiploma2/src_STM32/Mac_802_15_4_FFD/Core/Src/app_entry.c:162:6:APP_ENTRY_Init_FFD	4	static
F:/MasterDiploma2/src_STM32/Mac_802_15_4_FFD/Core/Src/app_entry.c:175:13:APPE_UserEvtRx	16	static
F:/MasterDiploma2/src_STM32/Mac_802_15_4_FFD/Core/Src/app_entry.c:187:6:APP_ENTRY_TL_MAC_802_15_4_Init	8	static
F:/MasterDiploma2/src_STM32/Mac_802_15_4_FFD/Core/Src/app_entry.c:200:6:APP_ENTRY_ProcessMsgFromRFCoreTask	8	static
F:/MasterDiploma2/src_STM32/Mac_802_15_4_FFD/Core/Src/app_entry.c:210:6:TL_TRACES_EvtReceived	16	static
F:/MasterDiploma2/src_STM32/Mac_802_15_4_FFD/Core/Src/app_entry.c:229:6:UTIL_SEQ_EvtIdle	16	static
F:/MasterDiploma2/src_STM32/Mac_802_15_4_FFD/Core/Src/app_entry.c:261:6:shci_notify_asynch_evt	16	static
F:/MasterDiploma2/src_STM32/Mac_802_15_4_FFD/Core/Src/app_entry.c:267:6:shci_cmd_resp_release	16	static
F:/MasterDiploma2/src_STM32/Mac_802_15_4_FFD/Core/Src/app_entry.c:273:6:shci_cmd_resp_wait	16	static
F:/MasterDiploma2/src_STM32/Mac_802_15_4_FFD/Core/Src/app_entry.c:285:6:DbgOutputInit	8	static
F:/MasterDiploma2/src_STM32/Mac_802_15_4_FFD/Core/Src/app_entry.c:297:6:DbgOutputTraces	24	static
F:/MasterDiploma2/src_STM32/Mac_802_15_4_FFD/Core/Src/app_entry.c:311:6:APP_ENTRY_RegisterCmdBuffer	16	static
F:/MasterDiploma2/src_STM32/Mac_802_15_4_FFD/Core/Src/app_entry.c:316:17:MAC_802_15_4_GetCmdBuffer	4	static
F:/MasterDiploma2/src_STM32/Mac_802_15_4_FFD/Core/Src/app_entry.c:321:11:MAC_802_15_4_GetRspPayEvt	4	static
F:/MasterDiploma2/src_STM32/Mac_802_15_4_FFD/Core/Src/app_entry.c:326:11:MAC_802_15_4_GetNotificationBuffer	4	static
F:/MasterDiploma2/src_STM32/Mac_802_15_4_FFD/Core/Src/app_entry.c:331:30:MAC_802_15_4_GetNotificationPayloadBuffer	4	static
F:/MasterDiploma2/src_STM32/Mac_802_15_4_FFD/Core/Src/app_entry.c:343:6:Mac_802_15_4_CmdTransfer	8	static
F:/MasterDiploma2/src_STM32/Mac_802_15_4_FFD/Core/Src/app_entry.c:352:6:TL_MAC_802_15_4_CmdEvtReceived	16	static
F:/MasterDiploma2/src_STM32/Mac_802_15_4_FFD/Core/Src/app_entry.c:358:6:TL_MAC_802_15_4_NotReceived	16	static
F:/MasterDiploma2/src_STM32/Mac_802_15_4_FFD/Core/Src/app_entry.c:373:6:Mac_802_15_4_PreCmdProcessing	8	static
F:/MasterDiploma2/src_STM32/Mac_802_15_4_FFD/Core/Src/app_entry.c:390:13:Wait_Getting_Ack_From_RFCore	8	static
F:/MasterDiploma2/src_STM32/Mac_802_15_4_FFD/Core/Src/app_entry.c:402:13:Receive_Ack_From_RFCore	8	static
F:/MasterDiploma2/src_STM32/Mac_802_15_4_FFD/Core/Src/app_entry.c:413:13:Receive_Notification_From_RFCore	8	static
