../../Drivers/STM32WBxx_HAL_Driver/Inc/stm32wbxx_ll_exti.h:391:22:LL_EXTI_EnableIT_32_63	16	static
../../Drivers/STM32WBxx_HAL_Driver/Inc/stm32wbxx_ll_exti.h:417:22:LL_C2_EXTI_EnableIT_32_63	16	static
../../Drivers/STM32WBxx_HAL_Driver/Inc/stm32wbxx_ll_rcc.h:1623:22:LL_RCC_LSE_Enable	4	static
../../Drivers/STM32WBxx_HAL_Driver/Inc/stm32wbxx_ll_rcc.h:1725:26:LL_RCC_LSE_IsReady	4	static
../../Drivers/STM32WBxx_HAL_Driver/Inc/stm32wbxx_ll_rcc.h:2101:22:LL_RCC_SetRFWKPClockSource	16	static
../../Drivers/STM32WBxx_HAL_Driver/Inc/stm32wbxx_ll_rcc.h:2349:22:LL_RCC_SetClkAfterWakeFromStop	16	static
../../Drivers/STM32WBxx_HAL_Driver/Inc/stm32wbxx_ll_rcc.h:2913:22:LL_RCC_ForceBackupDomainReset	4	static
../../Drivers/STM32WBxx_HAL_Driver/Inc/stm32wbxx_ll_rcc.h:2923:22:LL_RCC_ReleaseBackupDomainReset	4	static
../../Drivers/STM32WBxx_HAL_Driver/Inc/stm32wbxx_ll_rcc.h:4138:26:LL_RCC_IsActiveFlag_PINRST	4	static
../../Drivers/STM32WBxx_HAL_Driver/Inc/stm32wbxx_ll_rcc.h:4148:26:LL_RCC_IsActiveFlag_SFTRST	4	static
../../Drivers/STM32WBxx_HAL_Driver/Inc/stm32wbxx_ll_bus.h:744:22:LL_AHB3_GRP1_EnableClock	24	static
../../Drivers/STM32WBxx_HAL_Driver/Inc/stm32wbxx_ll_ipcc.h:312:22:LL_C1_IPCC_DisableTransmitChannel	16	static
../../Drivers/STM32WBxx_HAL_Driver/Inc/stm32wbxx_ll_ipcc.h:381:22:LL_C1_IPCC_DisableReceiveChannel	16	static
../../Drivers/STM32WBxx_HAL_Driver/Inc/stm32wbxx_ll_ipcc.h:450:22:LL_C2_IPCC_DisableTransmitChannel	16	static
../../Drivers/STM32WBxx_HAL_Driver/Inc/stm32wbxx_ll_ipcc.h:519:22:LL_C2_IPCC_DisableReceiveChannel	16	static
../../Drivers/STM32WBxx_HAL_Driver/Inc/stm32wbxx_ll_ipcc.h:574:22:LL_C1_IPCC_ClearFlag_CHx	16	static
../../Drivers/STM32WBxx_HAL_Driver/Inc/stm32wbxx_ll_ipcc.h:645:22:LL_C2_IPCC_ClearFlag_CHx	16	static
F:/MasterDiploma2/src_STM32/Mac_802_15_4_FFD/Core/Src/main.c:59:5:main	8	static
F:/MasterDiploma2/src_STM32/Mac_802_15_4_FFD/Core/Src/main.c:113:13:Reset_Device	8	static
F:/MasterDiploma2/src_STM32/Mac_802_15_4_FFD/Core/Src/main.c:131:13:Reset_IPCC	8	static
F:/MasterDiploma2/src_STM32/Mac_802_15_4_FFD/Core/Src/main.c:176:13:Reset_BackupDomain	8	static
F:/MasterDiploma2/src_STM32/Mac_802_15_4_FFD/Core/Src/main.c:207:13:SystemClock_Config	8	static
F:/MasterDiploma2/src_STM32/Mac_802_15_4_FFD/Core/Src/main.c:237:13:SystemPower_Config	8	static
F:/MasterDiploma2/src_STM32/Mac_802_15_4_FFD/Core/Src/main.c:258:13:Init_Debug	8	static
