F:/MasterDiploma2/src_STM32/Mac_802_15_4_FFD/Core/Src/stm32wbxx_it.c:37:6:NMI_Handler	4	static
F:/MasterDiploma2/src_STM32/Mac_802_15_4_FFD/Core/Src/stm32wbxx_it.c:46:6:HardFault_Handler	4	static
F:/MasterDiploma2/src_STM32/Mac_802_15_4_FFD/Core/Src/stm32wbxx_it.c:56:6:SysTick_Handler	8	static
F:/MasterDiploma2/src_STM32/Mac_802_15_4_FFD/Core/Src/stm32wbxx_it.c:66:6:SVC_Handler	4	static
F:/MasterDiploma2/src_STM32/Mac_802_15_4_FFD/Core/Src/stm32wbxx_it.c:75:6:DebugMon_Handler	4	static
F:/MasterDiploma2/src_STM32/Mac_802_15_4_FFD/Core/Src/stm32wbxx_it.c:84:6:PendSV_Handler	4	static
F:/MasterDiploma2/src_STM32/Mac_802_15_4_FFD/Core/Src/stm32wbxx_it.c:93:6:IPCC_C1_RX_IRQHandler	8	static
F:/MasterDiploma2/src_STM32/Mac_802_15_4_FFD/Core/Src/stm32wbxx_it.c:103:6:IPCC_C1_TX_IRQHandler	8	static
F:/MasterDiploma2/src_STM32/Mac_802_15_4_FFD/Core/Src/stm32wbxx_it.c:114:6:USART1_IRQHandler	8	static
F:/MasterDiploma2/src_STM32/Mac_802_15_4_FFD/Core/Src/stm32wbxx_it.c:126:6:DMA2_Channel4_IRQHandler	8	static
F:/MasterDiploma2/src_STM32/Mac_802_15_4_FFD/Core/Src/stm32wbxx_it.c:138:6:LPUART1_IRQHandler	8	static
F:/MasterDiploma2/src_STM32/Mac_802_15_4_FFD/Core/Src/stm32wbxx_it.c:150:6:DMA1_Channel4_IRQHandler	8	static
