../dilithium5-AES-R/src/fips202.c:24:17:load64	48	static
../dilithium5-AES-R/src/fips202.c:42:13:store64	40	static
../dilithium5-AES-R/src/fips202.c:84:13:KeccakF1600_StatePermute	2984	static
../dilithium5-AES-R/src/fips202.c:356:13:keccak_init	24	static
../dilithium5-AES-R/src/fips202.c:377:21:keccak_absorb	88	static
../dilithium5-AES-R/src/fips202.c:441:13:keccak_finalize	64	static
../dilithium5-AES-R/src/fips202.c:464:13:keccak_squeezeblocks	32	static
../dilithium5-AES-R/src/fips202.c:495:21:keccak_squeeze	40	static
../dilithium5-AES-R/src/fips202.c:556:6:pqcrystals_fips202_ref_shake128_init	16	static
../dilithium5-AES-R/src/fips202.c:571:6:pqcrystals_fips202_ref_shake128_absorb	32	static
../dilithium5-AES-R/src/fips202.c:583:6:pqcrystals_fips202_ref_shake128_finalize	16	static
../dilithium5-AES-R/src/fips202.c:602:6:pqcrystals_fips202_ref_shake128_squeezeblocks	24	static
../dilithium5-AES-R/src/fips202.c:618:6:pqcrystals_fips202_ref_shake128_squeeze	32	static
../dilithium5-AES-R/src/fips202.c:631:6:pqcrystals_fips202_ref_shake256_init	16	static
../dilithium5-AES-R/src/fips202.c:646:6:pqcrystals_fips202_ref_shake256_absorb	32	static
../dilithium5-AES-R/src/fips202.c:658:6:pqcrystals_fips202_ref_shake256_finalize	16	static
../dilithium5-AES-R/src/fips202.c:677:6:pqcrystals_fips202_ref_shake256_squeezeblocks	24	static
../dilithium5-AES-R/src/fips202.c:693:6:pqcrystals_fips202_ref_shake256_squeeze	32	static
../dilithium5-AES-R/src/fips202.c:708:6:pqcrystals_fips202_ref_shake128	232	static
../dilithium5-AES-R/src/fips202.c:728:6:pqcrystals_fips202_ref_shake256	232	static
../dilithium5-AES-R/src/fips202.c:747:6:pqcrystals_fips202_ref_sha3_256	240	static
../dilithium5-AES-R/src/fips202.c:766:6:pqcrystals_fips202_ref_sha3_512	240	static
