../dilithium5-AES-R/src/packing.c:16:6:pqcrystals_dilithium2aes_r_ref_pack_pk	32	static
../dilithium5-AES-R/src/packing.c:39:6:pqcrystals_dilithium2aes_r_ref_unpack_pk	32	static
../dilithium5-AES-R/src/packing.c:65:6:pqcrystals_dilithium2aes_r_ref_pack_sk	32	static
../dilithium5-AES-R/src/packing.c:99:6:pqcrystals_dilithium2aes_r_ref_pack_sk_r	32	static
../dilithium5-AES-R/src/packing.c:151:6:pqcrystals_dilithium2aes_r_ref_unpack_sk	32	static
../dilithium5-AES-R/src/packing.c:185:6:pqcrystals_dilithium2aes_r_ref_unpack_sk_r	32	static
../dilithium5-AES-R/src/packing.c:232:6:pqcrystals_dilithium2aes_r_ref_pack_sig	40	static
../dilithium5-AES-R/src/packing.c:274:5:pqcrystals_dilithium2aes_r_ref_unpack_sig	40	static
../dilithium5-AES-R/src/packing.c:332:12:verify_sig_h_malform	32	static
../dilithium5-AES-R/src/packing.c:378:5:verify_sig_z_h_malform	1048	static
../dilithium5-AES-R/src/packing.c:392:6:unpack_sig_c	24	static
../dilithium5-AES-R/src/packing.c:398:6:unpack_sig_z	24	static
../dilithium5-AES-R/src/packing.c:402:6:unpack_pk_rho	24	static
../dilithium5-AES-R/src/packing.c:411:6:unpack_pk_t1	24	static
