../dilithium5-AES-R/src/polyvec.c:27:6:polyvec_matrix_poly_smul_montgomery	4128	static
../dilithium5-AES-R/src/polyvec.c:65:6:polyvec_matrix_poly_ymul_montgomery	2088	static
../dilithium5-AES-R/src/polyvec.c:123:6:polyvec_compute_z_montgomery	2088	static
../dilithium5-AES-R/src/polyvec.c:178:6:polyvec_compute_h_montgomery	1056	static
../dilithium5-AES-R/src/polyvec.c:223:6:polyvec_reconstruct_w1_montgomery	4192	static
../dilithium5-AES-R/src/polyvec.c:310:6:pqcrystals_dilithium2aes_r_ref_polyvec_matrix_expand	24	static
../dilithium5-AES-R/src/polyvec.c:318:6:pqcrystals_dilithium2aes_r_ref_polyvec_matrix_pointwise_montgomery	32	static
../dilithium5-AES-R/src/polyvec.c:329:6:pqcrystals_dilithium2aes_r_ref_polyvecl_uniform_eta	32	static
../dilithium5-AES-R/src/polyvec.c:336:6:pqcrystals_dilithium2aes_r_ref_polyvecl_uniform_gamma1	32	static
../dilithium5-AES-R/src/polyvec.c:343:6:pqcrystals_dilithium2aes_r_ref_polyvecl_reduce	24	static
../dilithium5-AES-R/src/polyvec.c:358:6:pqcrystals_dilithium2aes_r_ref_polyvecl_freeze	24	static
../dilithium5-AES-R/src/polyvec.c:375:6:pqcrystals_dilithium2aes_r_ref_polyvecl_add	32	static
../dilithium5-AES-R/src/polyvec.c:390:6:pqcrystals_dilithium2aes_r_ref_polyvecl_ntt	24	static
../dilithium5-AES-R/src/polyvec.c:397:6:pqcrystals_dilithium2aes_r_ref_polyvecl_invntt_tomont	24	static
../dilithium5-AES-R/src/polyvec.c:404:6:pqcrystals_dilithium2aes_r_ref_polyvecl_pointwise_poly_montgomery	32	static
../dilithium5-AES-R/src/polyvec.c:422:6:pqcrystals_dilithium2aes_r_ref_polyvecl_pointwise_acc_montgomery	1056	static
../dilithium5-AES-R/src/polyvec.c:448:5:pqcrystals_dilithium2aes_r_ref_polyvecl_chknorm	24	static
../dilithium5-AES-R/src/polyvec.c:462:6:pqcrystals_dilithium2aes_r_ref_polyveck_uniform_eta	32	static
../dilithium5-AES-R/src/polyvec.c:477:6:pqcrystals_dilithium2aes_r_ref_polyveck_reduce	24	static
../dilithium5-AES-R/src/polyvec.c:492:6:pqcrystals_dilithium2aes_r_ref_polyveck_caddq	24	static
../dilithium5-AES-R/src/polyvec.c:507:6:pqcrystals_dilithium2aes_r_ref_polyveck_freeze	24	static
../dilithium5-AES-R/src/polyvec.c:524:6:pqcrystals_dilithium2aes_r_ref_polyveck_add	32	static
../dilithium5-AES-R/src/polyvec.c:542:6:pqcrystals_dilithium2aes_r_ref_polyveck_sub	32	static
../dilithium5-AES-R/src/polyvec.c:557:6:pqcrystals_dilithium2aes_r_ref_polyveck_shiftl	24	static
../dilithium5-AES-R/src/polyvec.c:572:6:pqcrystals_dilithium2aes_r_ref_polyveck_ntt	24	static
../dilithium5-AES-R/src/polyvec.c:588:6:pqcrystals_dilithium2aes_r_ref_polyveck_invntt_tomont	24	static
../dilithium5-AES-R/src/polyvec.c:595:6:pqcrystals_dilithium2aes_r_ref_polyveck_pointwise_poly_montgomery	32	static
../dilithium5-AES-R/src/polyvec.c:615:5:pqcrystals_dilithium2aes_r_ref_polyveck_chknorm	24	static
../dilithium5-AES-R/src/polyvec.c:639:6:pqcrystals_dilithium2aes_r_ref_polyveck_power2round	32	static
../dilithium5-AES-R/src/polyvec.c:661:6:pqcrystals_dilithium2aes_r_ref_polyveck_decompose	32	static
../dilithium5-AES-R/src/polyvec.c:679:14:pqcrystals_dilithium2aes_r_ref_polyveck_make_hint	32	static
../dilithium5-AES-R/src/polyvec.c:701:6:pqcrystals_dilithium2aes_r_ref_polyveck_use_hint	32	static
../dilithium5-AES-R/src/polyvec.c:708:6:polyveck_use_hint_r	32	static
../dilithium5-AES-R/src/polyvec.c:715:6:pqcrystals_dilithium2aes_r_ref_polyveck_pack_w1	24	static
