../dilithium5-AES-R/src/poly.c:28:6:pqcrystals_dilithium2aes_r_ref_poly_reduce	24	static
../dilithium5-AES-R/src/poly.c:46:6:pqcrystals_dilithium2aes_r_ref_poly_caddq	24	static
../dilithium5-AES-R/src/poly.c:64:6:pqcrystals_dilithium2aes_r_ref_poly_freeze	24	static
../dilithium5-AES-R/src/poly.c:83:6:pqcrystals_dilithium2aes_r_ref_poly_add	32	static
../dilithium5-AES-R/src/poly.c:104:6:pqcrystals_dilithium2aes_r_ref_poly_sub	32	static
../dilithium5-AES-R/src/poly.c:122:6:pqcrystals_dilithium2aes_r_ref_poly_shiftl	24	static
../dilithium5-AES-R/src/poly.c:140:6:pqcrystals_dilithium2aes_r_ref_poly_ntt	16	static
../dilithium5-AES-R/src/poly.c:157:6:pqcrystals_dilithium2aes_r_ref_poly_invntt_tomont	16	static
../dilithium5-AES-R/src/poly.c:176:6:pqcrystals_dilithium2aes_r_ref_poly_pointwise_montgomery	56	static
../dilithium5-AES-R/src/poly.c:198:6:pqcrystals_dilithium2aes_r_ref_poly_power2round	32	static
../dilithium5-AES-R/src/poly.c:221:6:pqcrystals_dilithium2aes_r_ref_poly_decompose	32	static
../dilithium5-AES-R/src/poly.c:244:14:pqcrystals_dilithium2aes_r_ref_poly_make_hint	32	static
../dilithium5-AES-R/src/poly.c:266:6:pqcrystals_dilithium2aes_r_ref_poly_use_hint	32	static
../dilithium5-AES-R/src/poly.c:287:5:pqcrystals_dilithium2aes_r_ref_poly_chknorm	24	static
../dilithium5-AES-R/src/poly.c:327:21:rej_uniform	40	static
../dilithium5-AES-R/src/poly.c:363:6:pqcrystals_dilithium2aes_r_ref_poly_uniform	1840	static
../dilithium5-AES-R/src/poly.c:402:21:rej_eta	40	static
../dilithium5-AES-R/src/poly.c:453:6:pqcrystals_dilithium2aes_r_ref_poly_uniform_eta	1248	static
../dilithium5-AES-R/src/poly.c:489:6:pqcrystals_dilithium2aes_r_ref_poly_uniform_gamma1	1624	static
../dilithium5-AES-R/src/poly.c:511:6:pqcrystals_dilithium2aes_r_ref_poly_challenge	408	static
../dilithium5-AES-R/src/poly.c:554:6:pqcrystals_dilithium2aes_r_ref_polyeta_pack	32	static
../dilithium5-AES-R/src/poly.c:593:6:pqcrystals_dilithium2aes_r_ref_polyeta_unpack	24	static
../dilithium5-AES-R/src/poly.c:639:6:pqcrystals_dilithium2aes_r_ref_polyt1_pack	24	static
../dilithium5-AES-R/src/poly.c:663:6:pqcrystals_dilithium2aes_r_ref_polyt1_unpack	24	static
../dilithium5-AES-R/src/poly.c:686:6:pqcrystals_dilithium2aes_r_ref_polyt0_pack	56	static
../dilithium5-AES-R/src/poly.c:734:6:pqcrystals_dilithium2aes_r_ref_polyt0_unpack	24	static
../dilithium5-AES-R/src/poly.c:798:6:pqcrystals_dilithium2aes_r_ref_polyz_pack	40	static
../dilithium5-AES-R/src/poly.c:849:6:pqcrystals_dilithium2aes_r_ref_polyz_unpack	24	static
../dilithium5-AES-R/src/poly.c:910:6:pqcrystals_dilithium2aes_r_ref_polyw1_pack	24	static
