../dilithium5-AES-R/src/poly.c:32:6:pqcrystals_dilithium2aes_r_ref_poly_reduce	24	static
../dilithium5-AES-R/src/poly.c:50:6:pqcrystals_dilithium2aes_r_ref_poly_caddq	24	static
../dilithium5-AES-R/src/poly.c:68:6:pqcrystals_dilithium2aes_r_ref_poly_freeze	24	static
../dilithium5-AES-R/src/poly.c:87:6:pqcrystals_dilithium2aes_r_ref_poly_add	32	static
../dilithium5-AES-R/src/poly.c:108:6:pqcrystals_dilithium2aes_r_ref_poly_sub	32	static
../dilithium5-AES-R/src/poly.c:126:6:pqcrystals_dilithium2aes_r_ref_poly_shiftl	24	static
../dilithium5-AES-R/src/poly.c:144:6:pqcrystals_dilithium2aes_r_ref_poly_ntt	16	static
../dilithium5-AES-R/src/poly.c:161:6:pqcrystals_dilithium2aes_r_ref_poly_invntt_tomont	16	static
../dilithium5-AES-R/src/poly.c:180:6:pqcrystals_dilithium2aes_r_ref_poly_pointwise_montgomery	56	static
../dilithium5-AES-R/src/poly.c:202:6:pqcrystals_dilithium2aes_r_ref_poly_power2round	32	static
../dilithium5-AES-R/src/poly.c:225:6:pqcrystals_dilithium2aes_r_ref_poly_decompose	32	static
../dilithium5-AES-R/src/poly.c:248:14:pqcrystals_dilithium2aes_r_ref_poly_make_hint	32	static
../dilithium5-AES-R/src/poly.c:270:6:pqcrystals_dilithium2aes_r_ref_poly_use_hint	32	static
../dilithium5-AES-R/src/poly.c:280:6:poly_use_hint_r	32	static
../dilithium5-AES-R/src/poly.c:301:5:pqcrystals_dilithium2aes_r_ref_poly_chknorm	24	static
../dilithium5-AES-R/src/poly.c:341:21:rej_uniform	40	static
../dilithium5-AES-R/src/poly.c:377:6:pqcrystals_dilithium2aes_r_ref_poly_uniform	832	static
../dilithium5-AES-R/src/poly.c:442:21:rej_eta	40	static
../dilithium5-AES-R/src/poly.c:493:6:pqcrystals_dilithium2aes_r_ref_poly_uniform_eta	240	static
../dilithium5-AES-R/src/poly.c:529:6:pqcrystals_dilithium2aes_r_ref_poly_uniform_gamma1	616	static
../dilithium5-AES-R/src/poly.c:551:6:pqcrystals_dilithium2aes_r_ref_poly_challenge	408	static
../dilithium5-AES-R/src/poly.c:594:6:pqcrystals_dilithium2aes_r_ref_polyeta_pack	32	static
../dilithium5-AES-R/src/poly.c:633:6:pqcrystals_dilithium2aes_r_ref_polyeta_unpack	24	static
../dilithium5-AES-R/src/poly.c:679:6:pqcrystals_dilithium2aes_r_ref_polyt1_pack	24	static
../dilithium5-AES-R/src/poly.c:703:6:pqcrystals_dilithium2aes_r_ref_polyt1_unpack	24	static
../dilithium5-AES-R/src/poly.c:726:6:pqcrystals_dilithium2aes_r_ref_polyt0_pack	56	static
../dilithium5-AES-R/src/poly.c:774:6:pqcrystals_dilithium2aes_r_ref_polyt0_unpack	24	static
../dilithium5-AES-R/src/poly.c:838:6:pqcrystals_dilithium2aes_r_ref_polyz_pack	40	static
../dilithium5-AES-R/src/poly.c:889:6:pqcrystals_dilithium2aes_r_ref_polyz_unpack	24	static
../dilithium5-AES-R/src/poly.c:950:6:pqcrystals_dilithium2aes_r_ref_polyw1_pack	24	static
