../dilithium5-AES-R/src/polyvec.c:24:6:polyvec_matrix_poly_smul_montgomery	4128	static
../dilithium5-AES-R/src/polyvec.c:62:6:polyvec_matrix_poly_ymul_montgomery	2088	static
../dilithium5-AES-R/src/polyvec.c:100:6:polyvec_compute_z_montgomery	2088	static
../dilithium5-AES-R/src/polyvec.c:134:6:polyvec_compute_h_montgomery	1056	static
../dilithium5-AES-R/src/polyvec.c:165:6:polyvec_reconstruct_w1_montgomery	4192	static
../dilithium5-AES-R/src/polyvec.c:211:6:pqcrystals_dilithium2aes_r_ref_polyvec_matrix_expand	24	static
../dilithium5-AES-R/src/polyvec.c:219:6:pqcrystals_dilithium2aes_r_ref_polyvec_matrix_pointwise_montgomery	32	static
../dilithium5-AES-R/src/polyvec.c:230:6:pqcrystals_dilithium2aes_r_ref_polyvecl_uniform_eta	32	static
../dilithium5-AES-R/src/polyvec.c:237:6:pqcrystals_dilithium2aes_r_ref_polyvecl_uniform_gamma1	32	static
../dilithium5-AES-R/src/polyvec.c:244:6:pqcrystals_dilithium2aes_r_ref_polyvecl_reduce	24	static
../dilithium5-AES-R/src/polyvec.c:259:6:pqcrystals_dilithium2aes_r_ref_polyvecl_freeze	24	static
../dilithium5-AES-R/src/polyvec.c:276:6:pqcrystals_dilithium2aes_r_ref_polyvecl_add	32	static
../dilithium5-AES-R/src/polyvec.c:291:6:pqcrystals_dilithium2aes_r_ref_polyvecl_ntt	24	static
../dilithium5-AES-R/src/polyvec.c:298:6:pqcrystals_dilithium2aes_r_ref_polyvecl_invntt_tomont	24	static
../dilithium5-AES-R/src/polyvec.c:305:6:pqcrystals_dilithium2aes_r_ref_polyvecl_pointwise_poly_montgomery	32	static
../dilithium5-AES-R/src/polyvec.c:323:6:pqcrystals_dilithium2aes_r_ref_polyvecl_pointwise_acc_montgomery	1056	static
../dilithium5-AES-R/src/polyvec.c:349:5:pqcrystals_dilithium2aes_r_ref_polyvecl_chknorm	24	static
../dilithium5-AES-R/src/polyvec.c:363:6:pqcrystals_dilithium2aes_r_ref_polyveck_uniform_eta	32	static
../dilithium5-AES-R/src/polyvec.c:378:6:pqcrystals_dilithium2aes_r_ref_polyveck_reduce	24	static
../dilithium5-AES-R/src/polyvec.c:393:6:pqcrystals_dilithium2aes_r_ref_polyveck_caddq	24	static
../dilithium5-AES-R/src/polyvec.c:408:6:pqcrystals_dilithium2aes_r_ref_polyveck_freeze	24	static
../dilithium5-AES-R/src/polyvec.c:425:6:pqcrystals_dilithium2aes_r_ref_polyveck_add	32	static
../dilithium5-AES-R/src/polyvec.c:443:6:pqcrystals_dilithium2aes_r_ref_polyveck_sub	32	static
../dilithium5-AES-R/src/polyvec.c:458:6:pqcrystals_dilithium2aes_r_ref_polyveck_shiftl	24	static
../dilithium5-AES-R/src/polyvec.c:473:6:pqcrystals_dilithium2aes_r_ref_polyveck_ntt	24	static
../dilithium5-AES-R/src/polyvec.c:489:6:pqcrystals_dilithium2aes_r_ref_polyveck_invntt_tomont	24	static
../dilithium5-AES-R/src/polyvec.c:496:6:pqcrystals_dilithium2aes_r_ref_polyveck_pointwise_poly_montgomery	32	static
../dilithium5-AES-R/src/polyvec.c:516:5:pqcrystals_dilithium2aes_r_ref_polyveck_chknorm	24	static
../dilithium5-AES-R/src/polyvec.c:540:6:pqcrystals_dilithium2aes_r_ref_polyveck_power2round	32	static
../dilithium5-AES-R/src/polyvec.c:562:6:pqcrystals_dilithium2aes_r_ref_polyveck_decompose	32	static
../dilithium5-AES-R/src/polyvec.c:580:14:pqcrystals_dilithium2aes_r_ref_polyveck_make_hint	32	static
../dilithium5-AES-R/src/polyvec.c:602:6:pqcrystals_dilithium2aes_r_ref_polyveck_use_hint	32	static
../dilithium5-AES-R/src/polyvec.c:609:6:polyveck_use_hint_r	32	static
../dilithium5-AES-R/src/polyvec.c:616:6:pqcrystals_dilithium2aes_r_ref_polyveck_pack_w1	24	static
