Archive member included to satisfy reference by file (symbol)

e:/tools/stm/cubeide/stm32cubeide_1.11.0/stm32cubeide/plugins/com.st.stm32cube.ide.mcu.externaltools.gnu-tools-for-stm32.10.3-2021.10.win32_1.0.100.202210260954/tools/bin/../lib/gcc/arm-none-eabi/10.3.1/../../../../arm-none-eabi/lib/thumb/v7e-m+fp/hard\libc_nano.a(lib_a-errno.o)
                              ./Core/Src/syscalls.o (__errno)
e:/tools/stm/cubeide/stm32cubeide_1.11.0/stm32cubeide/plugins/com.st.stm32cube.ide.mcu.externaltools.gnu-tools-for-stm32.10.3-2021.10.win32_1.0.100.202210260954/tools/bin/../lib/gcc/arm-none-eabi/10.3.1/../../../../arm-none-eabi/lib/thumb/v7e-m+fp/hard\libc_nano.a(lib_a-exit.o)
                              e:/tools/stm/cubeide/stm32cubeide_1.11.0/stm32cubeide/plugins/com.st.stm32cube.ide.mcu.externaltools.gnu-tools-for-stm32.10.3-2021.10.win32_1.0.100.202210260954/tools/bin/../lib/gcc/arm-none-eabi/10.3.1/../../../../arm-none-eabi/lib/thumb/v7e-m+fp/hard/crt0.o (exit)
e:/tools/stm/cubeide/stm32cubeide_1.11.0/stm32cubeide/plugins/com.st.stm32cube.ide.mcu.externaltools.gnu-tools-for-stm32.10.3-2021.10.win32_1.0.100.202210260954/tools/bin/../lib/gcc/arm-none-eabi/10.3.1/../../../../arm-none-eabi/lib/thumb/v7e-m+fp/hard\libc_nano.a(lib_a-impure.o)
                              e:/tools/stm/cubeide/stm32cubeide_1.11.0/stm32cubeide/plugins/com.st.stm32cube.ide.mcu.externaltools.gnu-tools-for-stm32.10.3-2021.10.win32_1.0.100.202210260954/tools/bin/../lib/gcc/arm-none-eabi/10.3.1/../../../../arm-none-eabi/lib/thumb/v7e-m+fp/hard\libc_nano.a(lib_a-exit.o) (_global_impure_ptr)
e:/tools/stm/cubeide/stm32cubeide_1.11.0/stm32cubeide/plugins/com.st.stm32cube.ide.mcu.externaltools.gnu-tools-for-stm32.10.3-2021.10.win32_1.0.100.202210260954/tools/bin/../lib/gcc/arm-none-eabi/10.3.1/../../../../arm-none-eabi/lib/thumb/v7e-m+fp/hard\libc_nano.a(lib_a-init.o)
                              e:/tools/stm/cubeide/stm32cubeide_1.11.0/stm32cubeide/plugins/com.st.stm32cube.ide.mcu.externaltools.gnu-tools-for-stm32.10.3-2021.10.win32_1.0.100.202210260954/tools/bin/../lib/gcc/arm-none-eabi/10.3.1/../../../../arm-none-eabi/lib/thumb/v7e-m+fp/hard/crt0.o (__libc_init_array)
e:/tools/stm/cubeide/stm32cubeide_1.11.0/stm32cubeide/plugins/com.st.stm32cube.ide.mcu.externaltools.gnu-tools-for-stm32.10.3-2021.10.win32_1.0.100.202210260954/tools/bin/../lib/gcc/arm-none-eabi/10.3.1/../../../../arm-none-eabi/lib/thumb/v7e-m+fp/hard\libc_nano.a(lib_a-memcpy-stub.o)
                              ./dilithium5-AES-R/src/aes256ctr.o (memcpy)
e:/tools/stm/cubeide/stm32cubeide_1.11.0/stm32cubeide/plugins/com.st.stm32cube.ide.mcu.externaltools.gnu-tools-for-stm32.10.3-2021.10.win32_1.0.100.202210260954/tools/bin/../lib/gcc/arm-none-eabi/10.3.1/../../../../arm-none-eabi/lib/thumb/v7e-m+fp/hard\libc_nano.a(lib_a-memset.o)
                              e:/tools/stm/cubeide/stm32cubeide_1.11.0/stm32cubeide/plugins/com.st.stm32cube.ide.mcu.externaltools.gnu-tools-for-stm32.10.3-2021.10.win32_1.0.100.202210260954/tools/bin/../lib/gcc/arm-none-eabi/10.3.1/../../../../arm-none-eabi/lib/thumb/v7e-m+fp/hard/crt0.o (memset)
e:/tools/stm/cubeide/stm32cubeide_1.11.0/stm32cubeide/plugins/com.st.stm32cube.ide.mcu.externaltools.gnu-tools-for-stm32.10.3-2021.10.win32_1.0.100.202210260954/tools/bin/../lib/gcc/arm-none-eabi/10.3.1/../../../../arm-none-eabi/lib/thumb/v7e-m+fp/hard\libc_nano.a(lib_a-sprintf.o)
                              ./Core/Src/main.o (sprintf)
e:/tools/stm/cubeide/stm32cubeide_1.11.0/stm32cubeide/plugins/com.st.stm32cube.ide.mcu.externaltools.gnu-tools-for-stm32.10.3-2021.10.win32_1.0.100.202210260954/tools/bin/../lib/gcc/arm-none-eabi/10.3.1/../../../../arm-none-eabi/lib/thumb/v7e-m+fp/hard\libc_nano.a(lib_a-nano-svfprintf.o)
                              e:/tools/stm/cubeide/stm32cubeide_1.11.0/stm32cubeide/plugins/com.st.stm32cube.ide.mcu.externaltools.gnu-tools-for-stm32.10.3-2021.10.win32_1.0.100.202210260954/tools/bin/../lib/gcc/arm-none-eabi/10.3.1/../../../../arm-none-eabi/lib/thumb/v7e-m+fp/hard\libc_nano.a(lib_a-sprintf.o) (_svfprintf_r)
e:/tools/stm/cubeide/stm32cubeide_1.11.0/stm32cubeide/plugins/com.st.stm32cube.ide.mcu.externaltools.gnu-tools-for-stm32.10.3-2021.10.win32_1.0.100.202210260954/tools/bin/../lib/gcc/arm-none-eabi/10.3.1/../../../../arm-none-eabi/lib/thumb/v7e-m+fp/hard\libc_nano.a(lib_a-nano-vfprintf_i.o)
                              e:/tools/stm/cubeide/stm32cubeide_1.11.0/stm32cubeide/plugins/com.st.stm32cube.ide.mcu.externaltools.gnu-tools-for-stm32.10.3-2021.10.win32_1.0.100.202210260954/tools/bin/../lib/gcc/arm-none-eabi/10.3.1/../../../../arm-none-eabi/lib/thumb/v7e-m+fp/hard\libc_nano.a(lib_a-nano-svfprintf.o) (_printf_i)
e:/tools/stm/cubeide/stm32cubeide_1.11.0/stm32cubeide/plugins/com.st.stm32cube.ide.mcu.externaltools.gnu-tools-for-stm32.10.3-2021.10.win32_1.0.100.202210260954/tools/bin/../lib/gcc/arm-none-eabi/10.3.1/../../../../arm-none-eabi/lib/thumb/v7e-m+fp/hard\libc_nano.a(lib_a-memchr.o)
[...]
Memory Configuration

Name             Origin             Length             Attributes
FLASH            0x0000000008000000 0x0000000000080000 xr
RAM1             0x0000000020000008 0x000000000002fff8 xrw
RAM_SHARED       0x0000000020030000 0x0000000000002800 xrw
*default*        0x0000000000000000 0xffffffffffffffff

Linker script and memory map

LOAD e:/tools/stm/cubeide/stm32cubeide_1.11.0/stm32cubeide/plugins/com.st.stm32cube.ide.mcu.externaltools.gnu-tools-for-stm32.10.3-2021.10.win32_1.0.100.202210260954/tools/bin/../lib/gcc/arm-none-eabi/10.3.1/thumb/v7e-m+fp/hard/crti.o
LOAD e:/tools/stm/cubeide/stm32cubeide_1.11.0/stm32cubeide/plugins/com.st.stm32cube.ide.mcu.externaltools.gnu-tools-for-stm32.10.3-2021.10.win32_1.0.100.202210260954/tools/bin/../lib/gcc/arm-none-eabi/10.3.1/thumb/v7e-m+fp/hard/crtbegin.o
LOAD e:/tools/stm/cubeide/stm32cubeide_1.11.0/stm32cubeide/plugins/com.st.stm32cube.ide.mcu.externaltools.gnu-tools-for-stm32.10.3-2021.10.win32_1.0.100.202210260954/tools/bin/../lib/gcc/arm-none-eabi/10.3.1/../../../../arm-none-eabi/lib/thumb/v7e-m+fp/hard/crt0.o
LOAD ./Core/Src/main.o
LOAD ./Core/Src/stm32wbxx_hal_msp.o
LOAD ./Core/Src/stm32wbxx_it.o
LOAD ./Core/Src/syscalls.o
LOAD ./Core/Src/sysmem.o
LOAD ./Core/Src/system_stm32wbxx.o
LOAD ./Core/Startup/startup_stm32wb55rgvx.o
LOAD ./Drivers/STM32WBxx_HAL_Driver/Src/stm32wbxx_hal.o
LOAD ./Drivers/STM32WBxx_HAL_Driver/Src/stm32wbxx_hal_cortex.o
LOAD ./Drivers/STM32WBxx_HAL_Driver/Src/stm32wbxx_hal_dma.o
LOAD ./Drivers/STM32WBxx_HAL_Driver/Src/stm32wbxx_hal_dma_ex.o
LOAD ./Drivers/STM32WBxx_HAL_Driver/Src/stm32wbxx_hal_exti.o
LOAD ./Drivers/STM32WBxx_HAL_Driver/Src/stm32wbxx_hal_flash.o
LOAD ./Drivers/STM32WBxx_HAL_Driver/Src/stm32wbxx_hal_flash_ex.o
LOAD ./Drivers/STM32WBxx_HAL_Driver/Src/stm32wbxx_hal_gpio.o
LOAD ./Drivers/STM32WBxx_HAL_Driver/Src/stm32wbxx_hal_hsem.o
LOAD ./Drivers/STM32WBxx_HAL_Driver/Src/stm32wbxx_hal_ipcc.o
LOAD ./Drivers/STM32WBxx_HAL_Driver/Src/stm32wbxx_hal_pcd.o
LOAD ./Drivers/STM32WBxx_HAL_Driver/Src/stm32wbxx_hal_pcd_ex.o
LOAD ./Drivers/STM32WBxx_HAL_Driver/Src/stm32wbxx_hal_pwr.o
LOAD ./Drivers/STM32WBxx_HAL_Driver/Src/stm32wbxx_hal_pwr_ex.o
LOAD ./Drivers/STM32WBxx_HAL_Driver/Src/stm32wbxx_hal_rcc.o
LOAD ./Drivers/STM32WBxx_HAL_Driver/Src/stm32wbxx_hal_rcc_ex.o
LOAD ./Drivers/STM32WBxx_HAL_Driver/Src/stm32wbxx_hal_rng.o
LOAD ./Drivers/STM32WBxx_HAL_Driver/Src/stm32wbxx_hal_rtc.o
LOAD ./Drivers/STM32WBxx_HAL_Driver/Src/stm32wbxx_hal_rtc_ex.o
LOAD ./Drivers/STM32WBxx_HAL_Driver/Src/stm32wbxx_hal_tim.o
LOAD ./Drivers/STM32WBxx_HAL_Driver/Src/stm32wbxx_hal_tim_ex.o
LOAD ./Drivers/STM32WBxx_HAL_Driver/Src/stm32wbxx_hal_uart.o
LOAD ./Drivers/STM32WBxx_HAL_Driver/Src/stm32wbxx_hal_uart_ex.o
LOAD ./Drivers/STM32WBxx_HAL_Driver/Src/stm32wbxx_ll_rcc.o
LOAD ./Drivers/STM32WBxx_HAL_Driver/Src/stm32wbxx_ll_usb.o
LOAD ./Middlewares/ST/STM32_USB_Device_Library/Class/CDC/Src/usbd_cdc.o
LOAD ./Middlewares/ST/STM32_USB_Device_Library/Core/Src/usbd_core.o
LOAD ./Middlewares/ST/STM32_USB_Device_Library/Core/Src/usbd_ctlreq.o
LOAD ./Middlewares/ST/STM32_USB_Device_Library/Core/Src/usbd_ioreq.o
LOAD ./USB_Device/App/usb_device.o
LOAD ./USB_Device/App/usbd_cdc_if.o
LOAD ./USB_Device/App/usbd_desc.o
LOAD ./USB_Device/Target/usbd_conf.o
LOAD ./dilithium5-AES-R/src/aes256ctr.o
LOAD ./dilithium5-AES-R/src/fips202.o
LOAD ./dilithium5-AES-R/src/ntt.o
LOAD ./dilithium5-AES-R/src/packing.o
LOAD ./dilithium5-AES-R/src/poly.o
LOAD ./dilithium5-AES-R/src/polyvec.o
LOAD ./dilithium5-AES-R/src/randombytes.o
LOAD ./dilithium5-AES-R/src/reduce.o
LOAD ./dilithium5-AES-R/src/rounding.o
LOAD ./dilithium5-AES-R/src/sign.o
LOAD ./dilithium5-AES-R/src/symmetric-aes.o
LOAD ./dilithium5-AES-R/src/symmetric-shake.o
START GROUP
LOAD e:/tools/stm/cubeide/stm32cubeide_1.11.0/stm32cubeide/plugins/com.st.stm32cube.ide.mcu.externaltools.gnu-tools-for-stm32.10.3-2021.10.win32_1.0.100.202210260954/tools/bin/../lib/gcc/arm-none-eabi/10.3.1/../../../../arm-none-eabi/lib/thumb/v7e-m+fp/hard\libc_nano.a
LOAD e:/tools/stm/cubeide/stm32cubeide_1.11.0/stm32cubeide/plugins/com.st.stm32cube.ide.mcu.externaltools.gnu-tools-for-stm32.10.3-2021.10.win32_1.0.100.202210260954/tools/bin/../lib/gcc/arm-none-eabi/10.3.1/../../../../arm-none-eabi/lib/thumb/v7e-m+fp/hard\libm.a
END GROUP
START GROUP
LOAD e:/tools/stm/cubeide/stm32cubeide_1.11.0/stm32cubeide/plugins/com.st.stm32cube.ide.mcu.externaltools.gnu-tools-for-stm32.10.3-2021.10.win32_1.0.100.202210260954/tools/bin/../lib/gcc/arm-none-eabi/10.3.1/thumb/v7e-m+fp/hard\libgcc.a
LOAD e:/tools/stm/cubeide/stm32cubeide_1.11.0/stm32cubeide/plugins/com.st.stm32cube.ide.mcu.externaltools.gnu-tools-for-stm32.10.3-2021.10.win32_1.0.100.202210260954/tools/bin/../lib/gcc/arm-none-eabi/10.3.1/../../../../arm-none-eabi/lib/thumb/v7e-m+fp/hard\libc_nano.a
END GROUP
START GROUP
LOAD e:/tools/stm/cubeide/stm32cubeide_1.11.0/stm32cubeide/plugins/com.st.stm32cube.ide.mcu.externaltools.gnu-tools-for-stm32.10.3-2021.10.win32_1.0.100.202210260954/tools/bin/../lib/gcc/arm-none-eabi/10.3.1/thumb/v7e-m+fp/hard\libgcc.a
LOAD e:/tools/stm/cubeide/stm32cubeide_1.11.0/stm32cubeide/plugins/com.st.stm32cube.ide.mcu.externaltools.gnu-tools-for-stm32.10.3-2021.10.win32_1.0.100.202210260954/tools/bin/../lib/gcc/arm-none-eabi/10.3.1/../../../../arm-none-eabi/lib/thumb/v7e-m+fp/hard\libc_nano.a
LOAD e:/tools/stm/cubeide/stm32cubeide_1.11.0/stm32cubeide/plugins/com.st.stm32cube.ide.mcu.externaltools.gnu-tools-for-stm32.10.3-2021.10.win32_1.0.100.202210260954/tools/bin/../lib/gcc/arm-none-eabi/10.3.1/../../../../arm-none-eabi/lib/thumb/v7e-m+fp/hard\libnosys.a
END GROUP
START GROUP
LOAD e:/tools/stm/cubeide/stm32cubeide_1.11.0/stm32cubeide/plugins/com.st.stm32cube.ide.mcu.externaltools.gnu-tools-for-stm32.10.3-2021.10.win32_1.0.100.202210260954/tools/bin/../lib/gcc/arm-none-eabi/10.3.1/thumb/v7e-m+fp/hard\libgcc.a
LOAD e:/tools/stm/cubeide/stm32cubeide_1.11.0/stm32cubeide/plugins/com.st.stm32cube.ide.mcu.externaltools.gnu-tools-for-stm32.10.3-2021.10.win32_1.0.100.202210260954/tools/bin/../lib/gcc/arm-none-eabi/10.3.1/../../../../arm-none-eabi/lib/thumb/v7e-m+fp/hard\libc_nano.a
LOAD e:/tools/stm/cubeide/stm32cubeide_1.11.0/stm32cubeide/plugins/com.st.stm32cube.ide.mcu.externaltools.gnu-tools-for-stm32.10.3-2021.10.win32_1.0.100.202210260954/tools/bin/../lib/gcc/arm-none-eabi/10.3.1/../../../../arm-none-eabi/lib/thumb/v7e-m+fp/hard\libnosys.a
END GROUP
LOAD e:/tools/stm/cubeide/stm32cubeide_1.11.0/stm32cubeide/plugins/com.st.stm32cube.ide.mcu.externaltools.gnu-tools-for-stm32.10.3-2021.10.win32_1.0.100.202210260954/tools/bin/../lib/gcc/arm-none-eabi/10.3.1/thumb/v7e-m+fp/hard/crtend.o
LOAD e:/tools/stm/cubeide/stm32cubeide_1.11.0/stm32cubeide/plugins/com.st.stm32cube.ide.mcu.externaltools.gnu-tools-for-stm32.10.3-2021.10.win32_1.0.100.202210260954/tools/bin/../lib/gcc/arm-none-eabi/10.3.1/thumb/v7e-m+fp/hard/crtn.o
                0x0000000020030000                _estack = (ORIGIN (RAM1) + LENGTH (RAM1))
                0x0000000000000200                _Min_Heap_Size = 0x200
                0x0000000000020000                _Min_Stack_Size = 0x20000

.isr_vector     0x0000000008000000      0x13c
                0x0000000008000000                . = ALIGN (0x4)
 *(.isr_vector)
 .isr_vector    0x0000000008000000      0x13c ./Core/Startup/startup_stm32wb55rgvx.o
                0x0000000008000000                g_pfnVectors
                0x000000000800013c                . = ALIGN (0x4)

.text           0x0000000008000140    0x16194
                0x0000000008000140                . = ALIGN (0x4)
 *(.text)
 .text          0x0000000008000140       0x40 e:/tools/stm/cubeide/stm32cubeide_1.11.0/stm32cubeide/plugins/com.st.stm32cube.ide.mcu.externaltools.gnu-tools-for-stm32.10.3-2021.10.win32_1.0.100.202210260954/tools/bin/../lib/gcc/arm-none-eabi/10.3.1/thumb/v7e-m+fp/hard/crtbegin.o
 .text          0x0000000008000180       0xa0 e:/tools/stm/cubeide/stm32cubeide_1.11.0/stm32cubeide/plugins/com.st.stm32cube.ide.mcu.externaltools.gnu-tools-for-stm32.10.3-2021.10.win32_1.0.100.202210260954/tools/bin/../lib/gcc/arm-none-eabi/10.3.1/../../../../arm-none-eabi/lib/thumb/v7e-m+fp/hard\libc_nano.a(lib_a-memchr.o)
                0x0000000008000180                memchr
 .text          0x0000000008000220       0x30 e:/tools/stm/cubeide/stm32cubeide_1.11.0/stm32cubeide/plugins/com.st.stm32cube.ide.mcu.externaltools.gnu-tools-for-stm32.10.3-2021.10.win32_1.0.100.202210260954/tools/bin/../lib/gcc/arm-none-eabi/10.3.1/thumb/v7e-m+fp/hard\libgcc.a(_aeabi_uldivmod.o)
                0x0000000008000220                __aeabi_uldivmod
 .text          0x0000000008000250      0x2d0 e:/tools/stm/cubeide/stm32cubeide_1.11.0/stm32cubeide/plugins/com.st.stm32cube.ide.mcu.externaltools.gnu-tools-for-stm32.10.3-2021.10.win32_1.0.100.202210260954/tools/bin/../lib/gcc/arm-none-eabi/10.3.1/thumb/v7e-m+fp/hard\libgcc.a(_udivmoddi4.o)
                0x0000000008000250                __udivmoddi4
 .text          0x0000000008000520        0x4 e:/tools/stm/cubeide/stm32cubeide_1.11.0/stm32cubeide/plugins/com.st.stm32cube.ide.mcu.externaltools.gnu-tools-for-stm32.10.3-2021.10.win32_1.0.100.202210260954/tools/bin/../lib/gcc/arm-none-eabi/10.3.1/thumb/v7e-m+fp/hard\libgcc.a(_dvmd_tls.o)
                0x0000000008000520                __aeabi_idiv0
                0x0000000008000520                __aeabi_ldiv0
 *(.text*)
 .text.LL_AHB1_GRP1_EnableClock
                0x0000000008000524       0x32 ./Core/Src/main.o
 .text.LL_AHB2_GRP1_EnableClock
                0x0000000008000556       0x32 ./Core/Src/main.o
 .text.main     0x0000000008000588      0x3a0 ./Core/Src/main.o
                0x0000000008000588                main
 .text.SystemClock_Config
                0x0000000008000928       0xb4 ./Core/Src/main.o
                0x0000000008000928                SystemClock_Config
 .text.PeriphCommonClock_Config
                0x00000000080009dc       0x40 ./Core/Src/main.o
                0x00000000080009dc                PeriphCommonClock_Config
 .text.MX_IPCC_Init
                0x0000000008000a1c       0x28 ./Core/Src/main.o
 .text.MX_RF_Init
                0x0000000008000a44        0xe ./Core/Src/main.o
 *fill*         0x0000000008000a52        0x2 
 .text.MX_RNG_Init
                0x0000000008000a54       0x2c ./Core/Src/main.o
 .text.MX_RTC_Init
                0x0000000008000a80       0x64 ./Core/Src/main.o
 .text.MX_USART1_UART_Init
                0x0000000008000ae4       0x98 ./Core/Src/main.o
 .text.MX_DMA_Init
                0x0000000008000b7c       0x24 ./Core/Src/main.o
 .text.MX_GPIO_Init
                0x0000000008000ba0       0xa4 ./Core/Src/main.o
 .text.Error_Handler
                0x0000000008000c44       0x40 ./Core/Src/main.o
                0x0000000008000c44                Error_Handler
 .text.LL_RCC_EnableRTC
                0x0000000008000c84       0x22 ./Core/Src/stm32wbxx_hal_msp.o
 .text.LL_AHB2_GRP1_EnableClock
                0x0000000008000ca6       0x32 ./Core/Src/stm32wbxx_hal_msp.o
 .text.LL_AHB3_GRP1_EnableClock
                0x0000000008000cd8       0x32 ./Core/Src/stm32wbxx_hal_msp.o
 .text.LL_APB1_GRP1_EnableClock
                0x0000000008000d0a       0x32 ./Core/Src/stm32wbxx_hal_msp.o
 .text.LL_APB2_GRP1_EnableClock
                0x0000000008000d3c       0x32 ./Core/Src/stm32wbxx_hal_msp.o
 .text.HAL_MspInit
                0x0000000008000d6e       0x20 ./Core/Src/stm32wbxx_hal_msp.o
                0x0000000008000d6e                HAL_MspInit
 *fill*         0x0000000008000d8e        0x2 
 .text.HAL_IPCC_MspInit
                0x0000000008000d90       0x48 ./Core/Src/stm32wbxx_hal_msp.o
                0x0000000008000d90                HAL_IPCC_MspInit
 .text.HAL_RNG_MspInit
                0x0000000008000dd8       0x54 ./Core/Src/stm32wbxx_hal_msp.o
                0x0000000008000dd8                HAL_RNG_MspInit
 .text.HAL_RTC_MspInit
                0x0000000008000e2c       0x58 ./Core/Src/stm32wbxx_hal_msp.o
                0x0000000008000e2c                HAL_RTC_MspInit
 .text.HAL_UART_MspInit
                0x0000000008000e84       0xe4 ./Core/Src/stm32wbxx_hal_msp.o
                0x0000000008000e84                HAL_UART_MspInit
 .text.NMI_Handler
                0x0000000008000f68        0x6 ./Core/Src/stm32wbxx_it.o
                0x0000000008000f68                NMI_Handler
 .text.HardFault_Handler
                0x0000000008000f6e        0x6 ./Core/Src/stm32wbxx_it.o
                0x0000000008000f6e                HardFault_Handler
 .text.MemManage_Handler
                0x0000000008000f74        0x6 ./Core/Src/stm32wbxx_it.o
                0x0000000008000f74                MemManage_Handler
 .text.BusFault_Handler
                0x0000000008000f7a        0x6 ./Core/Src/stm32wbxx_it.o
                0x0000000008000f7a                BusFault_Handler
 .text.UsageFault_Handler
                0x0000000008000f80        0x6 ./Core/Src/stm32wbxx_it.o
                0x0000000008000f80                UsageFault_Handler
 .text.SVC_Handler
                0x0000000008000f86        0xe ./Core/Src/stm32wbxx_it.o
                0x0000000008000f86                SVC_Handler
 .text.DebugMon_Handler
                0x0000000008000f94        0xe ./Core/Src/stm32wbxx_it.o
                0x0000000008000f94                DebugMon_Handler
 .text.PendSV_Handler
                0x0000000008000fa2        0xe ./Core/Src/stm32wbxx_it.o
                0x0000000008000fa2                PendSV_Handler
 .text.SysTick_Handler
                0x0000000008000fb0        0xc ./Core/Src/stm32wbxx_it.o
                0x0000000008000fb0                SysTick_Handler
 .text.DMA1_Channel1_IRQHandler
                0x0000000008000fbc       0x14 ./Core/Src/stm32wbxx_it.o
                0x0000000008000fbc                DMA1_Channel1_IRQHandler
 .text.USB_LP_IRQHandler
                0x0000000008000fd0       0x14 ./Core/Src/stm32wbxx_it.o
                0x0000000008000fd0                USB_LP_IRQHandler
 .text.IPCC_C1_RX_IRQHandler
                0x0000000008000fe4       0x14 ./Core/Src/stm32wbxx_it.o
                0x0000000008000fe4                IPCC_C1_RX_IRQHandler
 .text.IPCC_C1_TX_IRQHandler
                0x0000000008000ff8       0x14 ./Core/Src/stm32wbxx_it.o
                0x0000000008000ff8                IPCC_C1_TX_IRQHandler
 .text.HSEM_IRQHandler
                0x000000000800100c        0xc ./Core/Src/stm32wbxx_it.o
                0x000000000800100c                HSEM_IRQHandler
 .text._sbrk    0x0000000008001018       0x6c ./Core/Src/sysmem.o
                0x0000000008001018                _sbrk
 .text.SystemInit
                0x0000000008001084       0xa4 ./Core/Src/system_stm32wbxx.o
                0x0000000008001084                SystemInit
 .text.data_initializers
                0x0000000008001128       0x18 ./Core/Startup/startup_stm32wb55rgvx.o
 .text.Reset_Handler
                0x0000000008001140       0x58 ./Core/Startup/startup_stm32wb55rgvx.o
                0x0000000008001140                Reset_Handler
 .text.Default_Handler
                0x0000000008001198        0x2 ./Core/Startup/startup_stm32wb55rgvx.o
                0x0000000008001198                RTC_Alarm_IRQHandler
                0x0000000008001198                EXTI2_IRQHandler
                0x0000000008001198                TIM1_CC_IRQHandler
                0x0000000008001198                TSC_IRQHandler
                0x0000000008001198                USB_HP_IRQHandler
                0x0000000008001198                EXTI3_IRQHandler
                0x0000000008001198                LPTIM2_IRQHandler
                0x0000000008001198                I2C3_ER_IRQHandler
                0x0000000008001198                EXTI0_IRQHandler
                0x0000000008001198                FPU_IRQHandler
                0x0000000008001198                TIM1_UP_TIM16_IRQHandler
                0x0000000008001198                AES1_IRQHandler
                0x0000000008001198                SPI1_IRQHandler
                0x0000000008001198                PWR_SOTF_BLEACT_802ACT_RFPHASE_IRQHandler
                0x0000000008001198                DMA2_Channel2_IRQHandler
                0x0000000008001198                DMA1_Channel4_IRQHandler
                0x0000000008001198                ADC1_IRQHandler
                0x0000000008001198                PKA_IRQHandler
                0x0000000008001198                DMA1_Channel7_IRQHandler
                0x0000000008001198                LCD_IRQHandler
                0x0000000008001198                DMA2_Channel1_IRQHandler
                0x0000000008001198                QUADSPI_IRQHandler
                0x0000000008001198                I2C1_EV_IRQHandler
                0x0000000008001198                DMAMUX1_OVR_IRQHandler
                0x0000000008001198                DMA1_Channel6_IRQHandler
                0x0000000008001198                DMA2_Channel4_IRQHandler
                0x0000000008001198                RCC_IRQHandler
                0x0000000008001198                Default_Handler
                0x0000000008001198                DMA2_Channel7_IRQHandler
                0x0000000008001198                EXTI15_10_IRQHandler
                0x0000000008001198                C2SEV_PWR_C2H_IRQHandler
                0x0000000008001198                AES2_IRQHandler
                0x0000000008001198                I2C3_EV_IRQHandler
                0x0000000008001198                EXTI9_5_IRQHandler
                0x0000000008001198                RTC_WKUP_IRQHandler
                0x0000000008001198                PVD_PVM_IRQHandler
                0x0000000008001198                SPI2_IRQHandler
                0x0000000008001198                DMA2_Channel5_IRQHandler
                0x0000000008001198                CRS_IRQHandler
                0x0000000008001198                DMA1_Channel5_IRQHandler
                0x0000000008001198                EXTI4_IRQHandler
                0x0000000008001198                RNG_IRQHandler
                0x0000000008001198                TIM1_TRG_COM_TIM17_IRQHandler
                0x0000000008001198                TAMP_STAMP_LSECSS_IRQHandler
                0x0000000008001198                DMA1_Channel3_IRQHandler
                0x0000000008001198                COMP_IRQHandler
                0x0000000008001198                WWDG_IRQHandler
                0x0000000008001198                LPUART1_IRQHandler
                0x0000000008001198                DMA2_Channel6_IRQHandler
                0x0000000008001198                TIM2_IRQHandler
                0x0000000008001198                TIM1_BRK_IRQHandler
                0x0000000008001198                EXTI1_IRQHandler
                0x0000000008001198                DMA1_Channel2_IRQHandler
                0x0000000008001198                FLASH_IRQHandler
                0x0000000008001198                USART1_IRQHandler
                0x0000000008001198                I2C1_ER_IRQHandler
                0x0000000008001198                LPTIM1_IRQHandler
                0x0000000008001198                SAI1_IRQHandler
                0x0000000008001198                DMA2_Channel3_IRQHandler
 *fill*         0x000000000800119a        0x2 
 .text.HAL_Init
                0x000000000800119c       0x40 ./Drivers/STM32WBxx_HAL_Driver/Src/stm32wbxx_hal.o
                0x000000000800119c                HAL_Init
 .text.HAL_InitTick
                0x00000000080011dc       0x74 ./Drivers/STM32WBxx_HAL_Driver/Src/stm32wbxx_hal.o
                0x00000000080011dc                HAL_InitTick
 .text.HAL_IncTick
                0x0000000008001250       0x28 ./Drivers/STM32WBxx_HAL_Driver/Src/stm32wbxx_hal.o
                0x0000000008001250                HAL_IncTick
 .text.HAL_GetTick
                0x0000000008001278       0x18 ./Drivers/STM32WBxx_HAL_Driver/Src/stm32wbxx_hal.o
                0x0000000008001278                HAL_GetTick
 .text.HAL_GetTickPrio
                0x0000000008001290       0x18 ./Drivers/STM32WBxx_HAL_Driver/Src/stm32wbxx_hal.o
                0x0000000008001290                HAL_GetTickPrio
 .text.HAL_Delay
                0x00000000080012a8       0x48 ./Drivers/STM32WBxx_HAL_Driver/Src/stm32wbxx_hal.o
                0x00000000080012a8                HAL_Delay
 .text.__NVIC_SetPriorityGrouping
                0x00000000080012f0       0x48 ./Drivers/STM32WBxx_HAL_Driver/Src/stm32wbxx_hal_cortex.o
 .text.__NVIC_GetPriorityGrouping
                0x0000000008001338       0x1c ./Drivers/STM32WBxx_HAL_Driver/Src/stm32wbxx_hal_cortex.o
 .text.__NVIC_EnableIRQ
                0x0000000008001354       0x3c ./Drivers/STM32WBxx_HAL_Driver/Src/stm32wbxx_hal_cortex.o
 .text.__NVIC_SetPriority
                0x0000000008001390       0x54 ./Drivers/STM32WBxx_HAL_Driver/Src/stm32wbxx_hal_cortex.o
 .text.NVIC_EncodePriority
                0x00000000080013e4       0x66 ./Drivers/STM32WBxx_HAL_Driver/Src/stm32wbxx_hal_cortex.o
 *fill*         0x000000000800144a        0x2 
 .text.SysTick_Config
                0x000000000800144c       0x44 ./Drivers/STM32WBxx_HAL_Driver/Src/stm32wbxx_hal_cortex.o
 .text.HAL_NVIC_SetPriorityGrouping
                0x0000000008001490       0x16 ./Drivers/STM32WBxx_HAL_Driver/Src/stm32wbxx_hal_cortex.o
                0x0000000008001490                HAL_NVIC_SetPriorityGrouping
 .text.HAL_NVIC_SetPriority
                0x00000000080014a6       0x34 ./Drivers/STM32WBxx_HAL_Driver/Src/stm32wbxx_hal_cortex.o
                0x00000000080014a6                HAL_NVIC_SetPriority
 .text.HAL_NVIC_EnableIRQ
                0x00000000080014da       0x1c ./Drivers/STM32WBxx_HAL_Driver/Src/stm32wbxx_hal_cortex.o
                0x00000000080014da                HAL_NVIC_EnableIRQ
 .text.HAL_SYSTICK_Config
                0x00000000080014f6       0x18 ./Drivers/STM32WBxx_HAL_Driver/Src/stm32wbxx_hal_cortex.o
                0x00000000080014f6                HAL_SYSTICK_Config
 *fill*         0x000000000800150e        0x2 
 .text.HAL_DMA_Init
                0x0000000008001510      0x150 ./Drivers/STM32WBxx_HAL_Driver/Src/stm32wbxx_hal_dma.o
                0x0000000008001510                HAL_DMA_Init
 .text.HAL_DMA_IRQHandler
                0x0000000008001660      0x15e ./Drivers/STM32WBxx_HAL_Driver/Src/stm32wbxx_hal_dma.o
                0x0000000008001660                HAL_DMA_IRQHandler
 *fill*         0x00000000080017be        0x2 
 .text.DMA_CalcDMAMUXChannelBaseAndMask
                0x00000000080017c0       0x7c ./Drivers/STM32WBxx_HAL_Driver/Src/stm32wbxx_hal_dma.o
 .text.DMA_CalcDMAMUXRequestGenBaseAndMask
                0x000000000800183c       0x4c ./Drivers/STM32WBxx_HAL_Driver/Src/stm32wbxx_hal_dma.o
 .text.HAL_GPIO_Init
                0x0000000008001888      0x2e0 ./Drivers/STM32WBxx_HAL_Driver/Src/stm32wbxx_hal_gpio.o
                0x0000000008001888                HAL_GPIO_Init
 .text.HAL_GPIO_WritePin
                0x0000000008001b68       0x30 ./Drivers/STM32WBxx_HAL_Driver/Src/stm32wbxx_hal_gpio.o
                0x0000000008001b68                HAL_GPIO_WritePin
 .text.HAL_GPIO_TogglePin
                0x0000000008001b98       0x34 ./Drivers/STM32WBxx_HAL_Driver/Src/stm32wbxx_hal_gpio.o
                0x0000000008001b98                HAL_GPIO_TogglePin
 .text.HAL_HSEM_IRQHandler
                0x0000000008001bcc       0x34 ./Drivers/STM32WBxx_HAL_Driver/Src/stm32wbxx_hal_hsem.o
                0x0000000008001bcc                HAL_HSEM_IRQHandler
 .text.HAL_HSEM_FreeCallback
                0x0000000008001c00       0x14 ./Drivers/STM32WBxx_HAL_Driver/Src/stm32wbxx_hal_hsem.o
                0x0000000008001c00                HAL_HSEM_FreeCallback
 .text.HAL_IPCC_Init
                0x0000000008001c14       0x64 ./Drivers/STM32WBxx_HAL_Driver/Src/stm32wbxx_hal_ipcc.o
                0x0000000008001c14                HAL_IPCC_Init
 .text.HAL_IPCC_TX_IRQHandler
                0x0000000008001c78       0x9c ./Drivers/STM32WBxx_HAL_Driver/Src/stm32wbxx_hal_ipcc.o
                0x0000000008001c78                HAL_IPCC_TX_IRQHandler
 .text.HAL_IPCC_RX_IRQHandler
                0x0000000008001d14       0x98 ./Drivers/STM32WBxx_HAL_Driver/Src/stm32wbxx_hal_ipcc.o
                0x0000000008001d14                HAL_IPCC_RX_IRQHandler
 .text.HAL_IPCC_RxCallback
                0x0000000008001dac       0x1a ./Drivers/STM32WBxx_HAL_Driver/Src/stm32wbxx_hal_ipcc.o
                0x0000000008001dac                HAL_IPCC_RxCallback
 .text.HAL_IPCC_TxCallback
                0x0000000008001dc6       0x1a ./Drivers/STM32WBxx_HAL_Driver/Src/stm32wbxx_hal_ipcc.o
                0x0000000008001dc6                HAL_IPCC_TxCallback
 .text.IPCC_SetDefaultCallbacks
                0x0000000008001de0       0x4c ./Drivers/STM32WBxx_HAL_Driver/Src/stm32wbxx_hal_ipcc.o
                0x0000000008001de0                IPCC_SetDefaultCallbacks
 .text.IPCC_Reset_Register
                0x0000000008001e2c       0x28 ./Drivers/STM32WBxx_HAL_Driver/Src/stm32wbxx_hal_ipcc.o
                0x0000000008001e2c                IPCC_Reset_Register
 .text.HAL_PCD_Init
                0x0000000008001e54      0x1b2 ./Drivers/STM32WBxx_HAL_Driver/Src/stm32wbxx_hal_pcd.o
                0x0000000008001e54                HAL_PCD_Init
 .text.HAL_PCD_Start
                0x0000000008002006       0x44 ./Drivers/STM32WBxx_HAL_Driver/Src/stm32wbxx_hal_pcd.o
                0x0000000008002006                HAL_PCD_Start
 .text.HAL_PCD_IRQHandler
                0x000000000800204a      0x24e ./Drivers/STM32WBxx_HAL_Driver/Src/stm32wbxx_hal_pcd.o
                0x000000000800204a                HAL_PCD_IRQHandler
 .text.HAL_PCD_SetAddress
                0x0000000008002298       0x4a ./Drivers/STM32WBxx_HAL_Driver/Src/stm32wbxx_hal_pcd.o
                0x0000000008002298                HAL_PCD_SetAddress
 .text.HAL_PCD_EP_Open
                0x00000000080022e2       0xba ./Drivers/STM32WBxx_HAL_Driver/Src/stm32wbxx_hal_pcd.o
                0x00000000080022e2                HAL_PCD_EP_Open
 .text.HAL_PCD_EP_Close
                0x000000000800239c       0x90 ./Drivers/STM32WBxx_HAL_Driver/Src/stm32wbxx_hal_pcd.o
                0x000000000800239c                HAL_PCD_EP_Close
 .text.HAL_PCD_EP_Receive
                0x000000000800242c       0x62 ./Drivers/STM32WBxx_HAL_Driver/Src/stm32wbxx_hal_pcd.o
                0x000000000800242c                HAL_PCD_EP_Receive
 .text.HAL_PCD_EP_GetRxCount
                0x000000000800248e       0x30 ./Drivers/STM32WBxx_HAL_Driver/Src/stm32wbxx_hal_pcd.o
                0x000000000800248e                HAL_PCD_EP_GetRxCount
 .text.HAL_PCD_EP_Transmit
                0x00000000080024be       0x6e ./Drivers/STM32WBxx_HAL_Driver/Src/stm32wbxx_hal_pcd.o
                0x00000000080024be                HAL_PCD_EP_Transmit
 .text.HAL_PCD_EP_SetStall
                0x000000000800252c       0xa4 ./Drivers/STM32WBxx_HAL_Driver/Src/stm32wbxx_hal_pcd.o
                0x000000000800252c                HAL_PCD_EP_SetStall
 .text.HAL_PCD_EP_ClrStall
                0x00000000080025d0       0xa8 ./Drivers/STM32WBxx_HAL_Driver/Src/stm32wbxx_hal_pcd.o
                0x00000000080025d0                HAL_PCD_EP_ClrStall
 .text.PCD_EP_ISR_Handler
                0x0000000008002678      0x78a ./Drivers/STM32WBxx_HAL_Driver/Src/stm32wbxx_hal_pcd.o
 .text.HAL_PCD_EP_DB_Receive
                0x0000000008002e02      0x212 ./Drivers/STM32WBxx_HAL_Driver/Src/stm32wbxx_hal_pcd.o
 .text.HAL_PCD_EP_DB_Transmit
                0x0000000008003014      0x7ec ./Drivers/STM32WBxx_HAL_Driver/Src/stm32wbxx_hal_pcd.o
 .text.HAL_PCDEx_PMAConfig
                0x0000000008003800       0x86 ./Drivers/STM32WBxx_HAL_Driver/Src/stm32wbxx_hal_pcd_ex.o
                0x0000000008003800                HAL_PCDEx_PMAConfig
 .text.HAL_PCDEx_ActivateLPM
                0x0000000008003886       0x54 ./Drivers/STM32WBxx_HAL_Driver/Src/stm32wbxx_hal_pcd_ex.o
                0x0000000008003886                HAL_PCDEx_ActivateLPM
 *fill*         0x00000000080038da        0x2 
 .text.HAL_PWR_EnableBkUpAccess
                0x00000000080038dc       0x20 ./Drivers/STM32WBxx_HAL_Driver/Src/stm32wbxx_hal_pwr.o
                0x00000000080038dc                HAL_PWR_EnableBkUpAccess
 .text.HAL_PWREx_GetVoltageRange
                0x00000000080038fc       0x1c ./Drivers/STM32WBxx_HAL_Driver/Src/stm32wbxx_hal_pwr_ex.o
                0x00000000080038fc                HAL_PWREx_GetVoltageRange
 .text.HAL_PWREx_EnableVddUSB
                0x0000000008003918       0x20 ./Drivers/STM32WBxx_HAL_Driver/Src/stm32wbxx_hal_pwr_ex.o
                0x0000000008003918                HAL_PWREx_EnableVddUSB
 .text.LL_RCC_HSE_IsEnabledDiv2
                0x0000000008003938       0x24 ./Drivers/STM32WBxx_HAL_Driver/Src/stm32wbxx_hal_rcc.o
 .text.LL_RCC_HSE_Enable
                0x000000000800395c       0x1e ./Drivers/STM32WBxx_HAL_Driver/Src/stm32wbxx_hal_rcc.o
 .text.LL_RCC_HSE_Disable
                0x000000000800397a       0x1e ./Drivers/STM32WBxx_HAL_Driver/Src/stm32wbxx_hal_rcc.o
 .text.LL_RCC_HSE_IsReady
                0x0000000008003998       0x24 ./Drivers/STM32WBxx_HAL_Driver/Src/stm32wbxx_hal_rcc.o
 .text.LL_RCC_HSI_Enable
                0x00000000080039bc       0x1e ./Drivers/STM32WBxx_HAL_Driver/Src/stm32wbxx_hal_rcc.o
 .text.LL_RCC_HSI_Disable
                0x00000000080039da       0x1e ./Drivers/STM32WBxx_HAL_Driver/Src/stm32wbxx_hal_rcc.o
 .text.LL_RCC_HSI_IsReady
                0x00000000080039f8       0x24 ./Drivers/STM32WBxx_HAL_Driver/Src/stm32wbxx_hal_rcc.o
 .text.LL_RCC_HSI_SetCalibTrimming
                0x0000000008003a1c       0x2a ./Drivers/STM32WBxx_HAL_Driver/Src/stm32wbxx_hal_rcc.o
 .text.LL_RCC_HSI48_Enable
                0x0000000008003a46       0x22 ./Drivers/STM32WBxx_HAL_Driver/Src/stm32wbxx_hal_rcc.o
 .text.LL_RCC_HSI48_Disable
                0x0000000008003a68       0x22 ./Drivers/STM32WBxx_HAL_Driver/Src/stm32wbxx_hal_rcc.o
 .text.LL_RCC_HSI48_IsReady
                0x0000000008003a8a       0x24 ./Drivers/STM32WBxx_HAL_Driver/Src/stm32wbxx_hal_rcc.o
 .text.LL_RCC_LSE_Enable
                0x0000000008003aae       0x22 ./Drivers/STM32WBxx_HAL_Driver/Src/stm32wbxx_hal_rcc.o
 .text.LL_RCC_LSE_Disable
                0x0000000008003ad0       0x22 ./Drivers/STM32WBxx_HAL_Driver/Src/stm32wbxx_hal_rcc.o
 .text.LL_RCC_LSE_EnableBypass
                0x0000000008003af2       0x22 ./Drivers/STM32WBxx_HAL_Driver/Src/stm32wbxx_hal_rcc.o
 .text.LL_RCC_LSE_DisableBypass
                0x0000000008003b14       0x22 ./Drivers/STM32WBxx_HAL_Driver/Src/stm32wbxx_hal_rcc.o
 .text.LL_RCC_LSE_IsReady
                0x0000000008003b36       0x24 ./Drivers/STM32WBxx_HAL_Driver/Src/stm32wbxx_hal_rcc.o
 .text.LL_RCC_LSI1_Enable
                0x0000000008003b5a       0x22 ./Drivers/STM32WBxx_HAL_Driver/Src/stm32wbxx_hal_rcc.o
 .text.LL_RCC_LSI1_Disable
                0x0000000008003b7c       0x22 ./Drivers/STM32WBxx_HAL_Driver/Src/stm32wbxx_hal_rcc.o
 .text.LL_RCC_LSI1_IsReady
                0x0000000008003b9e       0x24 ./Drivers/STM32WBxx_HAL_Driver/Src/stm32wbxx_hal_rcc.o
 .text.LL_RCC_LSI2_Enable
                0x0000000008003bc2       0x22 ./Drivers/STM32WBxx_HAL_Driver/Src/stm32wbxx_hal_rcc.o
 .text.LL_RCC_LSI2_Disable
                0x0000000008003be4       0x22 ./Drivers/STM32WBxx_HAL_Driver/Src/stm32wbxx_hal_rcc.o
 .text.LL_RCC_LSI2_IsReady
                0x0000000008003c06       0x24 ./Drivers/STM32WBxx_HAL_Driver/Src/stm32wbxx_hal_rcc.o
 .text.LL_RCC_LSI2_SetTrimming
                0x0000000008003c2a       0x2e ./Drivers/STM32WBxx_HAL_Driver/Src/stm32wbxx_hal_rcc.o
 .text.LL_RCC_MSI_Enable
                0x0000000008003c58       0x1e ./Drivers/STM32WBxx_HAL_Driver/Src/stm32wbxx_hal_rcc.o
 .text.LL_RCC_MSI_Disable
                0x0000000008003c76       0x1e ./Drivers/STM32WBxx_HAL_Driver/Src/stm32wbxx_hal_rcc.o
 .text.LL_RCC_MSI_IsReady
                0x0000000008003c94       0x22 ./Drivers/STM32WBxx_HAL_Driver/Src/stm32wbxx_hal_rcc.o
 .text.LL_RCC_MSI_SetRange
                0x0000000008003cb6       0x28 ./Drivers/STM32WBxx_HAL_Driver/Src/stm32wbxx_hal_rcc.o
 .text.LL_RCC_MSI_GetRange
                0x0000000008003cde       0x2a ./Drivers/STM32WBxx_HAL_Driver/Src/stm32wbxx_hal_rcc.o
 .text.LL_RCC_MSI_SetCalibTrimming
                0x0000000008003d08       0x2a ./Drivers/STM32WBxx_HAL_Driver/Src/stm32wbxx_hal_rcc.o
 .text.LL_RCC_SetSysClkSource
                0x0000000008003d32       0x28 ./Drivers/STM32WBxx_HAL_Driver/Src/stm32wbxx_hal_rcc.o
 .text.LL_RCC_GetSysClkSource
                0x0000000008003d5a       0x18 ./Drivers/STM32WBxx_HAL_Driver/Src/stm32wbxx_hal_rcc.o
 .text.LL_RCC_SetAHBPrescaler
                0x0000000008003d72       0x28 ./Drivers/STM32WBxx_HAL_Driver/Src/stm32wbxx_hal_rcc.o
 .text.LL_C2_RCC_SetAHBPrescaler
                0x0000000008003d9a       0x2c ./Drivers/STM32WBxx_HAL_Driver/Src/stm32wbxx_hal_rcc.o
 .text.LL_RCC_SetAHB4Prescaler
                0x0000000008003dc6       0x2e ./Drivers/STM32WBxx_HAL_Driver/Src/stm32wbxx_hal_rcc.o
 .text.LL_RCC_SetAPB1Prescaler
                0x0000000008003df4       0x28 ./Drivers/STM32WBxx_HAL_Driver/Src/stm32wbxx_hal_rcc.o
 .text.LL_RCC_SetAPB2Prescaler
                0x0000000008003e1c       0x28 ./Drivers/STM32WBxx_HAL_Driver/Src/stm32wbxx_hal_rcc.o
 .text.LL_RCC_GetAHBPrescaler
                0x0000000008003e44       0x18 ./Drivers/STM32WBxx_HAL_Driver/Src/stm32wbxx_hal_rcc.o
 .text.LL_RCC_GetAHB4Prescaler
                0x0000000008003e5c       0x1c ./Drivers/STM32WBxx_HAL_Driver/Src/stm32wbxx_hal_rcc.o
 .text.LL_RCC_GetAPB1Prescaler
                0x0000000008003e78       0x18 ./Drivers/STM32WBxx_HAL_Driver/Src/stm32wbxx_hal_rcc.o
 .text.LL_RCC_GetAPB2Prescaler
                0x0000000008003e90       0x18 ./Drivers/STM32WBxx_HAL_Driver/Src/stm32wbxx_hal_rcc.o
 .text.LL_RCC_PLL_Enable
                0x0000000008003ea8       0x1e ./Drivers/STM32WBxx_HAL_Driver/Src/stm32wbxx_hal_rcc.o
 .text.LL_RCC_PLL_Disable
                0x0000000008003ec6       0x1e ./Drivers/STM32WBxx_HAL_Driver/Src/stm32wbxx_hal_rcc.o
 .text.LL_RCC_PLL_IsReady
                0x0000000008003ee4       0x24 ./Drivers/STM32WBxx_HAL_Driver/Src/stm32wbxx_hal_rcc.o
 .text.LL_RCC_PLL_GetN
                0x0000000008003f08       0x1a ./Drivers/STM32WBxx_HAL_Driver/Src/stm32wbxx_hal_rcc.o
 .text.LL_RCC_PLL_GetR
                0x0000000008003f22       0x18 ./Drivers/STM32WBxx_HAL_Driver/Src/stm32wbxx_hal_rcc.o
 .text.LL_RCC_PLL_GetDivider
                0x0000000008003f3a       0x18 ./Drivers/STM32WBxx_HAL_Driver/Src/stm32wbxx_hal_rcc.o
 .text.LL_RCC_PLL_GetMainSource
                0x0000000008003f52       0x18 ./Drivers/STM32WBxx_HAL_Driver/Src/stm32wbxx_hal_rcc.o
 .text.LL_RCC_IsActiveFlag_HPRE
                0x0000000008003f6a       0x24 ./Drivers/STM32WBxx_HAL_Driver/Src/stm32wbxx_hal_rcc.o
 .text.LL_RCC_IsActiveFlag_C2HPRE
                0x0000000008003f8e       0x26 ./Drivers/STM32WBxx_HAL_Driver/Src/stm32wbxx_hal_rcc.o
 .text.LL_RCC_IsActiveFlag_SHDHPRE
                0x0000000008003fb4       0x26 ./Drivers/STM32WBxx_HAL_Driver/Src/stm32wbxx_hal_rcc.o
 .text.LL_RCC_IsActiveFlag_PPRE1
                0x0000000008003fda       0x24 ./Drivers/STM32WBxx_HAL_Driver/Src/stm32wbxx_hal_rcc.o
 .text.LL_RCC_IsActiveFlag_PPRE2
                0x0000000008003ffe       0x24 ./Drivers/STM32WBxx_HAL_Driver/Src/stm32wbxx_hal_rcc.o
 *fill*         0x0000000008004022        0x2 
 .text.HAL_RCC_OscConfig
                0x0000000008004024      0x6e8 ./Drivers/STM32WBxx_HAL_Driver/Src/stm32wbxx_hal_rcc.o
                0x0000000008004024                HAL_RCC_OscConfig
 .text.HAL_RCC_ClockConfig
                0x000000000800470c      0x280 ./Drivers/STM32WBxx_HAL_Driver/Src/stm32wbxx_hal_rcc.o
                0x000000000800470c                HAL_RCC_ClockConfig
 .text.HAL_RCC_GetSysClockFreq
                0x000000000800498c       0xd8 ./Drivers/STM32WBxx_HAL_Driver/Src/stm32wbxx_hal_rcc.o
                0x000000000800498c                HAL_RCC_GetSysClockFreq
 .text.HAL_RCC_GetHCLKFreq
                0x0000000008004a64       0x28 ./Drivers/STM32WBxx_HAL_Driver/Src/stm32wbxx_hal_rcc.o
                0x0000000008004a64                HAL_RCC_GetHCLKFreq
 .text.HAL_RCC_GetPCLK1Freq
                0x0000000008004a8c       0x2c ./Drivers/STM32WBxx_HAL_Driver/Src/stm32wbxx_hal_rcc.o
                0x0000000008004a8c                HAL_RCC_GetPCLK1Freq
 .text.HAL_RCC_GetPCLK2Freq
                0x0000000008004ab8       0x2c ./Drivers/STM32WBxx_HAL_Driver/Src/stm32wbxx_hal_rcc.o
                0x0000000008004ab8                HAL_RCC_GetPCLK2Freq
 .text.RCC_SetFlashLatencyFromMSIRange
                0x0000000008004ae4       0x70 ./Drivers/STM32WBxx_HAL_Driver/Src/stm32wbxx_hal_rcc.o
 .text.RCC_SetFlashLatency
                0x0000000008004b54       0xf8 ./Drivers/STM32WBxx_HAL_Driver/Src/stm32wbxx_hal_rcc.o
 .text.LL_RCC_LSE_IsEnabled
                0x0000000008004c4c       0x24 ./Drivers/STM32WBxx_HAL_Driver/Src/stm32wbxx_hal_rcc_ex.o
 .text.LL_RCC_LSE_IsReady
                0x0000000008004c70       0x24 ./Drivers/STM32WBxx_HAL_Driver/Src/stm32wbxx_hal_rcc_ex.o
 .text.LL_RCC_SetRFWKPClockSource
                0x0000000008004c94       0x2c ./Drivers/STM32WBxx_HAL_Driver/Src/stm32wbxx_hal_rcc_ex.o
 .text.LL_RCC_SetSMPSClockSource
                0x0000000008004cc0       0x28 ./Drivers/STM32WBxx_HAL_Driver/Src/stm32wbxx_hal_rcc_ex.o
 .text.LL_RCC_SetSMPSPrescaler
                0x0000000008004ce8       0x28 ./Drivers/STM32WBxx_HAL_Driver/Src/stm32wbxx_hal_rcc_ex.o
 .text.LL_RCC_SetUSARTClockSource
                0x0000000008004d10       0x2c ./Drivers/STM32WBxx_HAL_Driver/Src/stm32wbxx_hal_rcc_ex.o
 .text.LL_RCC_SetLPUARTClockSource
                0x0000000008004d3c       0x2c ./Drivers/STM32WBxx_HAL_Driver/Src/stm32wbxx_hal_rcc_ex.o
 .text.LL_RCC_SetI2CClockSource
                0x0000000008004d68       0x3a ./Drivers/STM32WBxx_HAL_Driver/Src/stm32wbxx_hal_rcc_ex.o
 .text.LL_RCC_SetLPTIMClockSource
                0x0000000008004da2       0x34 ./Drivers/STM32WBxx_HAL_Driver/Src/stm32wbxx_hal_rcc_ex.o
 .text.LL_RCC_SetSAIClockSource
                0x0000000008004dd6       0x2c ./Drivers/STM32WBxx_HAL_Driver/Src/stm32wbxx_hal_rcc_ex.o
 .text.LL_RCC_SetRNGClockSource
                0x0000000008004e02       0x2c ./Drivers/STM32WBxx_HAL_Driver/Src/stm32wbxx_hal_rcc_ex.o
 .text.LL_RCC_SetCLK48ClockSource
                0x0000000008004e2e       0x2c ./Drivers/STM32WBxx_HAL_Driver/Src/stm32wbxx_hal_rcc_ex.o
 .text.LL_RCC_SetUSBClockSource
                0x0000000008004e5a       0x16 ./Drivers/STM32WBxx_HAL_Driver/Src/stm32wbxx_hal_rcc_ex.o
 .text.LL_RCC_SetADCClockSource
                0x0000000008004e70       0x2c ./Drivers/STM32WBxx_HAL_Driver/Src/stm32wbxx_hal_rcc_ex.o
 .text.LL_RCC_SetRTCClockSource
                0x0000000008004e9c       0x2c ./Drivers/STM32WBxx_HAL_Driver/Src/stm32wbxx_hal_rcc_ex.o
 .text.LL_RCC_GetRTCClockSource
                0x0000000008004ec8       0x1a ./Drivers/STM32WBxx_HAL_Driver/Src/stm32wbxx_hal_rcc_ex.o
 .text.LL_RCC_ForceBackupDomainReset
                0x0000000008004ee2       0x22 ./Drivers/STM32WBxx_HAL_Driver/Src/stm32wbxx_hal_rcc_ex.o
 .text.LL_RCC_ReleaseBackupDomainReset
                0x0000000008004f04       0x22 ./Drivers/STM32WBxx_HAL_Driver/Src/stm32wbxx_hal_rcc_ex.o
 .text.LL_RCC_PLLSAI1_Enable
                0x0000000008004f26       0x1e ./Drivers/STM32WBxx_HAL_Driver/Src/stm32wbxx_hal_rcc_ex.o
 .text.LL_RCC_PLLSAI1_Disable
                0x0000000008004f44       0x1e ./Drivers/STM32WBxx_HAL_Driver/Src/stm32wbxx_hal_rcc_ex.o
 .text.LL_RCC_PLLSAI1_IsReady
                0x0000000008004f62       0x24 ./Drivers/STM32WBxx_HAL_Driver/Src/stm32wbxx_hal_rcc_ex.o
 .text.HAL_RCCEx_PeriphCLKConfig
                0x0000000008004f86      0x2ec ./Drivers/STM32WBxx_HAL_Driver/Src/stm32wbxx_hal_rcc_ex.o
                0x0000000008004f86                HAL_RCCEx_PeriphCLKConfig
 .text.RCCEx_PLLSAI1_ConfigNP
                0x0000000008005272       0xb6 ./Drivers/STM32WBxx_HAL_Driver/Src/stm32wbxx_hal_rcc_ex.o
 .text.RCCEx_PLLSAI1_ConfigNQ
                0x0000000008005328       0xb6 ./Drivers/STM32WBxx_HAL_Driver/Src/stm32wbxx_hal_rcc_ex.o
 .text.RCCEx_PLLSAI1_ConfigNR
                0x00000000080053de       0xb6 ./Drivers/STM32WBxx_HAL_Driver/Src/stm32wbxx_hal_rcc_ex.o
 .text.HAL_RNG_Init
                0x0000000008005494       0x6a ./Drivers/STM32WBxx_HAL_Driver/Src/stm32wbxx_hal_rng.o
                0x0000000008005494                HAL_RNG_Init
 .text.HAL_RNG_GenerateRandomNumber
                0x00000000080054fe       0xac ./Drivers/STM32WBxx_HAL_Driver/Src/stm32wbxx_hal_rng.o
                0x00000000080054fe                HAL_RNG_GenerateRandomNumber
 *fill*         0x00000000080055aa        0x2 
 .text.HAL_RTC_Init
                0x00000000080055ac      0x160 ./Drivers/STM32WBxx_HAL_Driver/Src/stm32wbxx_hal_rtc.o
                0x00000000080055ac                HAL_RTC_Init
 .text.HAL_RTC_WaitForSynchro
                0x000000000800570c       0x4c ./Drivers/STM32WBxx_HAL_Driver/Src/stm32wbxx_hal_rtc.o
                0x000000000800570c                HAL_RTC_WaitForSynchro
 .text.RTC_EnterInitMode
                0x0000000008005758       0x54 ./Drivers/STM32WBxx_HAL_Driver/Src/stm32wbxx_hal_rtc.o
                0x0000000008005758                RTC_EnterInitMode
 .text.HAL_RTCEx_SetWakeUpTimer
                0x00000000080057ac      0x136 ./Drivers/STM32WBxx_HAL_Driver/Src/stm32wbxx_hal_rtc_ex.o
                0x00000000080057ac                HAL_RTCEx_SetWakeUpTimer
 .text.LL_RCC_GetUSARTClockSource
                0x00000000080058e2       0x20 ./Drivers/STM32WBxx_HAL_Driver/Src/stm32wbxx_hal_uart.o
 .text.LL_RCC_GetLPUARTClockSource
                0x0000000008005902       0x20 ./Drivers/STM32WBxx_HAL_Driver/Src/stm32wbxx_hal_uart.o
 .text.HAL_UART_Init
                0x0000000008005922       0xa0 ./Drivers/STM32WBxx_HAL_Driver/Src/stm32wbxx_hal_uart.o
                0x0000000008005922                HAL_UART_Init
 *fill*         0x00000000080059c2        0x2 
 .text.UART_SetConfig
                0x00000000080059c4      0x450 ./Drivers/STM32WBxx_HAL_Driver/Src/stm32wbxx_hal_uart.o
                0x00000000080059c4                UART_SetConfig
 .text.UART_AdvFeatureConfig
                0x0000000008005e14      0x144 ./Drivers/STM32WBxx_HAL_Driver/Src/stm32wbxx_hal_uart.o
                0x0000000008005e14                UART_AdvFeatureConfig
 .text.UART_CheckIdleState
                0x0000000008005f58       0x9c ./Drivers/STM32WBxx_HAL_Driver/Src/stm32wbxx_hal_uart.o
                0x0000000008005f58                UART_CheckIdleState
 .text.UART_WaitOnFlagUntilTimeout
                0x0000000008005ff4      0x190 ./Drivers/STM32WBxx_HAL_Driver/Src/stm32wbxx_hal_uart.o
                0x0000000008005ff4                UART_WaitOnFlagUntilTimeout
 .text.HAL_UARTEx_DisableFifoMode
                0x0000000008006184       0x72 ./Drivers/STM32WBxx_HAL_Driver/Src/stm32wbxx_hal_uart_ex.o
                0x0000000008006184                HAL_UARTEx_DisableFifoMode
 .text.HAL_UARTEx_SetTxFifoThreshold
                0x00000000080061f6       0x7c ./Drivers/STM32WBxx_HAL_Driver/Src/stm32wbxx_hal_uart_ex.o
                0x00000000080061f6                HAL_UARTEx_SetTxFifoThreshold
 .text.HAL_UARTEx_SetRxFifoThreshold
                0x0000000008006272       0x7c ./Drivers/STM32WBxx_HAL_Driver/Src/stm32wbxx_hal_uart_ex.o
                0x0000000008006272                HAL_UARTEx_SetRxFifoThreshold
 *fill*         0x00000000080062ee        0x2 
 .text.UARTEx_SetNbDataToProcess
                0x00000000080062f0       0x9c ./Drivers/STM32WBxx_HAL_Driver/Src/stm32wbxx_hal_uart_ex.o
 .text.USB_EnableGlobalInt
                0x000000000800638c       0x2e ./Drivers/STM32WBxx_HAL_Driver/Src/stm32wbxx_ll_usb.o
                0x000000000800638c                USB_EnableGlobalInt
 .text.USB_DisableGlobalInt
                0x00000000080063ba       0x36 ./Drivers/STM32WBxx_HAL_Driver/Src/stm32wbxx_ll_usb.o
                0x00000000080063ba                USB_DisableGlobalInt
 .text.USB_DevInit
                0x00000000080063f0       0x42 ./Drivers/STM32WBxx_HAL_Driver/Src/stm32wbxx_ll_usb.o
                0x00000000080063f0                USB_DevInit
 *fill*         0x0000000008006432        0x2 
 .text.USB_ActivateEndpoint
                0x0000000008006434      0x788 ./Drivers/STM32WBxx_HAL_Driver/Src/stm32wbxx_ll_usb.o
                0x0000000008006434                USB_ActivateEndpoint
 .text.USB_DeactivateEndpoint
                0x0000000008006bbc      0x3da ./Drivers/STM32WBxx_HAL_Driver/Src/stm32wbxx_ll_usb.o
                0x0000000008006bbc                USB_DeactivateEndpoint
 .text.USB_EPStartXfer
                0x0000000008006f96     0x1762 ./Drivers/STM32WBxx_HAL_Driver/Src/stm32wbxx_ll_usb.o
                0x0000000008006f96                USB_EPStartXfer
 .text.USB_EPSetStall
                0x00000000080086f8       0xa2 ./Drivers/STM32WBxx_HAL_Driver/Src/stm32wbxx_ll_usb.o
                0x00000000080086f8                USB_EPSetStall
 .text.USB_EPClearStall
                0x000000000800879a      0x15c ./Drivers/STM32WBxx_HAL_Driver/Src/stm32wbxx_ll_usb.o
                0x000000000800879a                USB_EPClearStall
 .text.USB_SetDevAddress
                0x00000000080088f6       0x28 ./Drivers/STM32WBxx_HAL_Driver/Src/stm32wbxx_ll_usb.o
                0x00000000080088f6                USB_SetDevAddress
 .text.USB_DevConnect
                0x000000000800891e       0x2e ./Drivers/STM32WBxx_HAL_Driver/Src/stm32wbxx_ll_usb.o
                0x000000000800891e                USB_DevConnect
 .text.USB_ReadInterrupts
                0x000000000800894c       0x20 ./Drivers/STM32WBxx_HAL_Driver/Src/stm32wbxx_ll_usb.o
                0x000000000800894c                USB_ReadInterrupts
 .text.USB_WritePMA
                0x000000000800896c       0x84 ./Drivers/STM32WBxx_HAL_Driver/Src/stm32wbxx_ll_usb.o
                0x000000000800896c                USB_WritePMA
 .text.USB_ReadPMA
                0x00000000080089f0       0x98 ./Drivers/STM32WBxx_HAL_Driver/Src/stm32wbxx_ll_usb.o
                0x00000000080089f0                USB_ReadPMA
 .text.USBD_CDC_Init
                0x0000000008008a88      0x1f0 ./Middlewares/ST/STM32_USB_Device_Library/Class/CDC/Src/usbd_cdc.o
 .text.USBD_CDC_DeInit
                0x0000000008008c78      0x104 ./Middlewares/ST/STM32_USB_Device_Library/Class/CDC/Src/usbd_cdc.o
 .text.USBD_CDC_Setup
                0x0000000008008d7c      0x1b8 ./Middlewares/ST/STM32_USB_Device_Library/Class/CDC/Src/usbd_cdc.o
 .text.USBD_CDC_DataIn
                0x0000000008008f34       0xfe ./Middlewares/ST/STM32_USB_Device_Library/Class/CDC/Src/usbd_cdc.o
 .text.USBD_CDC_DataOut
                0x0000000008009032       0x70 ./Middlewares/ST/STM32_USB_Device_Library/Class/CDC/Src/usbd_cdc.o
 .text.USBD_CDC_EP0_RxReady
                0x00000000080090a2       0x76 ./Middlewares/ST/STM32_USB_Device_Library/Class/CDC/Src/usbd_cdc.o
 .text.USBD_CDC_GetFSCfgDesc
                0x0000000008009118       0x70 ./Middlewares/ST/STM32_USB_Device_Library/Class/CDC/Src/usbd_cdc.o
 .text.USBD_CDC_GetHSCfgDesc
                0x0000000008009188       0x70 ./Middlewares/ST/STM32_USB_Device_Library/Class/CDC/Src/usbd_cdc.o
 .text.USBD_CDC_GetOtherSpeedCfgDesc
                0x00000000080091f8       0x70 ./Middlewares/ST/STM32_USB_Device_Library/Class/CDC/Src/usbd_cdc.o
 .text.USBD_CDC_GetDeviceQualifierDescriptor
                0x0000000008009268       0x20 ./Middlewares/ST/STM32_USB_Device_Library/Class/CDC/Src/usbd_cdc.o
                0x0000000008009268                USBD_CDC_GetDeviceQualifierDescriptor
 .text.USBD_CDC_RegisterInterface
                0x0000000008009288       0x34 ./Middlewares/ST/STM32_USB_Device_Library/Class/CDC/Src/usbd_cdc.o
                0x0000000008009288                USBD_CDC_RegisterInterface
 .text.USBD_CDC_SetTxBuffer
                0x00000000080092bc       0x44 ./Middlewares/ST/STM32_USB_Device_Library/Class/CDC/Src/usbd_cdc.o
                0x00000000080092bc                USBD_CDC_SetTxBuffer
 .text.USBD_CDC_SetRxBuffer
                0x0000000008009300       0x3a ./Middlewares/ST/STM32_USB_Device_Library/Class/CDC/Src/usbd_cdc.o
                0x0000000008009300                USBD_CDC_SetRxBuffer
 *fill*         0x000000000800933a        0x2 
 .text.USBD_CDC_TransmitPacket
                0x000000000800933c       0x80 ./Middlewares/ST/STM32_USB_Device_Library/Class/CDC/Src/usbd_cdc.o
                0x000000000800933c                USBD_CDC_TransmitPacket
 .text.USBD_CDC_ReceivePacket
                0x00000000080093bc       0x6c ./Middlewares/ST/STM32_USB_Device_Library/Class/CDC/Src/usbd_cdc.o
                0x00000000080093bc                USBD_CDC_ReceivePacket
 .text.USBD_Init
                0x0000000008009428       0x60 ./Middlewares/ST/STM32_USB_Device_Library/Core/Src/usbd_core.o
                0x0000000008009428                USBD_Init
 .text.USBD_RegisterClass
                0x0000000008009488       0x6c ./Middlewares/ST/STM32_USB_Device_Library/Core/Src/usbd_core.o
                0x0000000008009488                USBD_RegisterClass
 .text.USBD_Start
                0x00000000080094f4       0x18 ./Middlewares/ST/STM32_USB_Device_Library/Core/Src/usbd_core.o
                0x00000000080094f4                USBD_Start
 .text.USBD_RunTestMode
                0x000000000800950c       0x16 ./Middlewares/ST/STM32_USB_Device_Library/Core/Src/usbd_core.o
                0x000000000800950c                USBD_RunTestMode
 .text.USBD_SetClassConfig
                0x0000000008009522       0x38 ./Middlewares/ST/STM32_USB_Device_Library/Core/Src/usbd_core.o
                0x0000000008009522                USBD_SetClassConfig
 .text.USBD_ClrClassConfig
                0x000000000800955a       0x34 ./Middlewares/ST/STM32_USB_Device_Library/Core/Src/usbd_core.o
                0x000000000800955a                USBD_ClrClassConfig
 .text.USBD_LL_SetupStage
                0x000000000800958e       0xaa ./Middlewares/ST/STM32_USB_Device_Library/Core/Src/usbd_core.o
                0x000000000800958e                USBD_LL_SetupStage
 .text.USBD_LL_DataOutStage
                0x0000000008009638      0x166 ./Middlewares/ST/STM32_USB_Device_Library/Core/Src/usbd_core.o
                0x0000000008009638                USBD_LL_DataOutStage
 .text.USBD_LL_DataInStage
                0x000000000800979e      0x164 ./Middlewares/ST/STM32_USB_Device_Library/Core/Src/usbd_core.o
                0x000000000800979e                USBD_LL_DataInStage
 .text.USBD_LL_Reset
                0x0000000008009902       0xa4 ./Middlewares/ST/STM32_USB_Device_Library/Core/Src/usbd_core.o
                0x0000000008009902                USBD_LL_Reset
 .text.USBD_LL_SetSpeed
                0x00000000080099a6       0x20 ./Middlewares/ST/STM32_USB_Device_Library/Core/Src/usbd_core.o
                0x00000000080099a6                USBD_LL_SetSpeed
 .text.USBD_LL_Suspend
                0x00000000080099c6       0x38 ./Middlewares/ST/STM32_USB_Device_Library/Core/Src/usbd_core.o
                0x00000000080099c6                USBD_LL_Suspend
 .text.USBD_LL_Resume
                0x00000000080099fe       0x30 ./Middlewares/ST/STM32_USB_Device_Library/Core/Src/usbd_core.o
                0x00000000080099fe                USBD_LL_Resume
 .text.USBD_LL_SOF
                0x0000000008009a2e       0x40 ./Middlewares/ST/STM32_USB_Device_Library/Core/Src/usbd_core.o
                0x0000000008009a2e                USBD_LL_SOF
 .text.USBD_CoreFindIF
                0x0000000008009a6e       0x1a ./Middlewares/ST/STM32_USB_Device_Library/Core/Src/usbd_core.o
                0x0000000008009a6e                USBD_CoreFindIF
 .text.USBD_CoreFindEP
                0x0000000008009a88       0x1a ./Middlewares/ST/STM32_USB_Device_Library/Core/Src/usbd_core.o
                0x0000000008009a88                USBD_CoreFindEP
 .text.USBD_GetEpDesc
                0x0000000008009aa2       0x74 ./Middlewares/ST/STM32_USB_Device_Library/Core/Src/usbd_core.o
                0x0000000008009aa2                USBD_GetEpDesc
 .text.USBD_GetNextDesc
                0x0000000008009b16       0x3a ./Middlewares/ST/STM32_USB_Device_Library/Core/Src/usbd_core.o
                0x0000000008009b16                USBD_GetNextDesc
 .text.SWAPBYTE
                0x0000000008009b50       0x3c ./Middlewares/ST/STM32_USB_Device_Library/Core/Src/usbd_ctlreq.o
 .text.USBD_StdDevReq
                0x0000000008009b8c       0xe4 ./Middlewares/ST/STM32_USB_Device_Library/Core/Src/usbd_ctlreq.o
                0x0000000008009b8c                USBD_StdDevReq
 .text.USBD_StdItfReq
                0x0000000008009c70       0xd8 ./Middlewares/ST/STM32_USB_Device_Library/Core/Src/usbd_ctlreq.o
                0x0000000008009c70                USBD_StdItfReq
 .text.USBD_StdEPReq
                0x0000000008009d48      0x33a ./Middlewares/ST/STM32_USB_Device_Library/Core/Src/usbd_ctlreq.o
                0x0000000008009d48                USBD_StdEPReq
 *fill*         0x000000000800a082        0x2 
 .text.USBD_GetDescriptor
                0x000000000800a084      0x328 ./Middlewares/ST/STM32_USB_Device_Library/Core/Src/usbd_ctlreq.o
 .text.USBD_SetAddress
                0x000000000800a3ac       0x88 ./Middlewares/ST/STM32_USB_Device_Library/Core/Src/usbd_ctlreq.o
 .text.USBD_SetConfig
                0x000000000800a434      0x154 ./Middlewares/ST/STM32_USB_Device_Library/Core/Src/usbd_ctlreq.o
 .text.USBD_GetConfig
                0x000000000800a588       0x6c ./Middlewares/ST/STM32_USB_Device_Library/Core/Src/usbd_ctlreq.o
 .text.USBD_GetStatus
                0x000000000800a5f4       0x68 ./Middlewares/ST/STM32_USB_Device_Library/Core/Src/usbd_ctlreq.o
 .text.USBD_SetFeature
                0x000000000800a65c       0x52 ./Middlewares/ST/STM32_USB_Device_Library/Core/Src/usbd_ctlreq.o
 .text.USBD_ClrFeature
                0x000000000800a6ae       0x44 ./Middlewares/ST/STM32_USB_Device_Library/Core/Src/usbd_ctlreq.o
 .text.USBD_ParseSetupRequest
                0x000000000800a6f2       0x74 ./Middlewares/ST/STM32_USB_Device_Library/Core/Src/usbd_ctlreq.o
                0x000000000800a6f2                USBD_ParseSetupRequest
 .text.USBD_CtlError
                0x000000000800a766       0x22 ./Middlewares/ST/STM32_USB_Device_Library/Core/Src/usbd_ctlreq.o
                0x000000000800a766                USBD_CtlError
 .text.USBD_GetString
                0x000000000800a788       0x8c ./Middlewares/ST/STM32_USB_Device_Library/Core/Src/usbd_ctlreq.o
                0x000000000800a788                USBD_GetString
 .text.USBD_GetLen
                0x000000000800a814       0x34 ./Middlewares/ST/STM32_USB_Device_Library/Core/Src/usbd_ctlreq.o
 .text.USBD_CtlSendData
                0x000000000800a848       0x36 ./Middlewares/ST/STM32_USB_Device_Library/Core/Src/usbd_ioreq.o
                0x000000000800a848                USBD_CtlSendData
 .text.USBD_CtlContinueSendData
                0x000000000800a87e       0x22 ./Middlewares/ST/STM32_USB_Device_Library/Core/Src/usbd_ioreq.o
                0x000000000800a87e                USBD_CtlContinueSendData
 .text.USBD_CtlPrepareRx
                0x000000000800a8a0       0x3a ./Middlewares/ST/STM32_USB_Device_Library/Core/Src/usbd_ioreq.o
                0x000000000800a8a0                USBD_CtlPrepareRx
 .text.USBD_CtlContinueRx
                0x000000000800a8da       0x22 ./Middlewares/ST/STM32_USB_Device_Library/Core/Src/usbd_ioreq.o
                0x000000000800a8da                USBD_CtlContinueRx
 .text.USBD_CtlSendStatus
                0x000000000800a8fc       0x26 ./Middlewares/ST/STM32_USB_Device_Library/Core/Src/usbd_ioreq.o
                0x000000000800a8fc                USBD_CtlSendStatus
 .text.USBD_CtlReceiveStatus
                0x000000000800a922       0x26 ./Middlewares/ST/STM32_USB_Device_Library/Core/Src/usbd_ioreq.o
                0x000000000800a922                USBD_CtlReceiveStatus
 .text.MX_USB_Device_Init
                0x000000000800a948       0x60 ./USB_Device/App/usb_device.o
                0x000000000800a948                MX_USB_Device_Init
 .text.CDC_Init_FS
                0x000000000800a9a8       0x28 ./USB_Device/App/usbd_cdc_if.o
 .text.CDC_DeInit_FS
                0x000000000800a9d0       0x10 ./USB_Device/App/usbd_cdc_if.o
 .text.CDC_Control_FS
                0x000000000800a9e0       0xbc ./USB_Device/App/usbd_cdc_if.o
 .text.CDC_Receive_FS
                0x000000000800aa9c       0x28 ./USB_Device/App/usbd_cdc_if.o
 .text.CDC_Transmit_FS
                0x000000000800aac4       0x4c ./USB_Device/App/usbd_cdc_if.o
                0x000000000800aac4                CDC_Transmit_FS
 .text.CDC_TransmitCplt_FS
                0x000000000800ab10       0x22 ./USB_Device/App/usbd_cdc_if.o
 *fill*         0x000000000800ab32        0x2 
 .text.USBD_CDC_DeviceDescriptor
                0x000000000800ab34       0x24 ./USB_Device/App/usbd_desc.o
                0x000000000800ab34                USBD_CDC_DeviceDescriptor
 .text.USBD_CDC_LangIDStrDescriptor
                0x000000000800ab58       0x24 ./USB_Device/App/usbd_desc.o
                0x000000000800ab58                USBD_CDC_LangIDStrDescriptor
 .text.USBD_CDC_ProductStrDescriptor
                0x000000000800ab7c       0x3c ./USB_Device/App/usbd_desc.o
                0x000000000800ab7c                USBD_CDC_ProductStrDescriptor
 .text.USBD_CDC_ManufacturerStrDescriptor
                0x000000000800abb8       0x28 ./USB_Device/App/usbd_desc.o
                0x000000000800abb8                USBD_CDC_ManufacturerStrDescriptor
 .text.USBD_CDC_SerialStrDescriptor
                0x000000000800abe0       0x24 ./USB_Device/App/usbd_desc.o
                0x000000000800abe0                USBD_CDC_SerialStrDescriptor
 .text.USBD_CDC_ConfigStrDescriptor
                0x000000000800ac04       0x3c ./USB_Device/App/usbd_desc.o
                0x000000000800ac04                USBD_CDC_ConfigStrDescriptor
 .text.USBD_CDC_InterfaceStrDescriptor
                0x000000000800ac40       0x3c ./USB_Device/App/usbd_desc.o
                0x000000000800ac40                USBD_CDC_InterfaceStrDescriptor
 .text.Get_SerialNum
                0x000000000800ac7c       0x58 ./USB_Device/App/usbd_desc.o
 .text.IntToUnicode
                0x000000000800acd4       0x7e ./USB_Device/App/usbd_desc.o
 .text.LL_AHB2_GRP1_EnableClock
                0x000000000800ad52       0x32 ./USB_Device/Target/usbd_conf.o
 .text.LL_APB1_GRP1_EnableClock
                0x000000000800ad84       0x32 ./USB_Device/Target/usbd_conf.o
 *fill*         0x000000000800adb6        0x2 
 .text.HAL_PCD_MspInit
                0x000000000800adb8       0x9c ./USB_Device/Target/usbd_conf.o
                0x000000000800adb8                HAL_PCD_MspInit
 .text.HAL_PCD_SetupStageCallback
                0x000000000800ae54       0x24 ./USB_Device/Target/usbd_conf.o
                0x000000000800ae54                HAL_PCD_SetupStageCallback
 .text.HAL_PCD_DataOutStageCallback
                0x000000000800ae78       0x36 ./USB_Device/Target/usbd_conf.o
                0x000000000800ae78                HAL_PCD_DataOutStageCallback
 .text.HAL_PCD_DataInStageCallback
                0x000000000800aeae       0x34 ./USB_Device/Target/usbd_conf.o
                0x000000000800aeae                HAL_PCD_DataInStageCallback
 .text.HAL_PCD_SOFCallback
                0x000000000800aee2       0x1c ./USB_Device/Target/usbd_conf.o
                0x000000000800aee2                HAL_PCD_SOFCallback
 .text.HAL_PCD_ResetCallback
                0x000000000800aefe       0x3c ./USB_Device/Target/usbd_conf.o
                0x000000000800aefe                HAL_PCD_ResetCallback
 *fill*         0x000000000800af3a        0x2 
 .text.HAL_PCD_SuspendCallback
                0x000000000800af3c       0x34 ./USB_Device/Target/usbd_conf.o
                0x000000000800af3c                HAL_PCD_SuspendCallback
 .text.HAL_PCD_ResumeCallback
                0x000000000800af70       0x38 ./USB_Device/Target/usbd_conf.o
                0x000000000800af70                HAL_PCD_ResumeCallback
 .text.USBD_LL_Init
                0x000000000800afa8       0xc4 ./USB_Device/Target/usbd_conf.o
                0x000000000800afa8                USBD_LL_Init
 .text.USBD_LL_Start
                0x000000000800b06c       0x36 ./USB_Device/Target/usbd_conf.o
                0x000000000800b06c                USBD_LL_Start
 .text.USBD_LL_OpenEP
                0x000000000800b0a2       0x4c ./USB_Device/Target/usbd_conf.o
                0x000000000800b0a2                USBD_LL_OpenEP
 .text.USBD_LL_CloseEP
                0x000000000800b0ee       0x3e ./USB_Device/Target/usbd_conf.o
                0x000000000800b0ee                USBD_LL_CloseEP
 .text.USBD_LL_StallEP
                0x000000000800b12c       0x3e ./USB_Device/Target/usbd_conf.o
                0x000000000800b12c                USBD_LL_StallEP
 .text.USBD_LL_ClearStallEP
                0x000000000800b16a       0x3e ./USB_Device/Target/usbd_conf.o
                0x000000000800b16a                USBD_LL_ClearStallEP
 .text.USBD_LL_IsStallEP
                0x000000000800b1a8       0x5a ./USB_Device/Target/usbd_conf.o
                0x000000000800b1a8                USBD_LL_IsStallEP
 .text.USBD_LL_SetUSBAddress
                0x000000000800b202       0x3e ./USB_Device/Target/usbd_conf.o
                0x000000000800b202                USBD_LL_SetUSBAddress
 .text.USBD_LL_Transmit
                0x000000000800b240       0x42 ./USB_Device/Target/usbd_conf.o
                0x000000000800b240                USBD_LL_Transmit
 .text.USBD_LL_PrepareReceive
                0x000000000800b282       0x42 ./USB_Device/Target/usbd_conf.o
                0x000000000800b282                USBD_LL_PrepareReceive
 .text.USBD_LL_GetRxDataSize
                0x000000000800b2c4       0x26 ./USB_Device/Target/usbd_conf.o
                0x000000000800b2c4                USBD_LL_GetRxDataSize
 *fill*         0x000000000800b2ea        0x2 
 .text.HAL_PCDEx_LPM_Callback
                0x000000000800b2ec       0x6c ./USB_Device/Target/usbd_conf.o
                0x000000000800b2ec                HAL_PCDEx_LPM_Callback
 .text.USBD_static_malloc
                0x000000000800b358       0x1c ./USB_Device/Target/usbd_conf.o
                0x000000000800b358                USBD_static_malloc
 .text.USBD_static_free
                0x000000000800b374       0x14 ./USB_Device/Target/usbd_conf.o
                0x000000000800b374                USBD_static_free
 .text.SystemClockConfig_Resume
                0x000000000800b388        0xc ./USB_Device/Target/usbd_conf.o
 .text.USBD_Get_USB_Status
                0x000000000800b394       0x58 ./USB_Device/Target/usbd_conf.o
 .text.br_dec32le
                0x000000000800b3ec       0x38 ./dilithium5-AES-R/src/aes256ctr.o
 .text.br_range_dec32le
                0x000000000800b424       0x38 ./dilithium5-AES-R/src/aes256ctr.o
 .text.br_swap32
                0x000000000800b45c       0x2e ./dilithium5-AES-R/src/aes256ctr.o
 .text.br_enc32le
                0x000000000800b48a       0x42 ./dilithium5-AES-R/src/aes256ctr.o
 .text.br_range_enc32le
                0x000000000800b4cc       0x38 ./dilithium5-AES-R/src/aes256ctr.o
 .text.br_aes_ct64_bitslice_Sbox
                0x000000000800b504     0x140a ./dilithium5-AES-R/src/aes256ctr.o
 .text.br_aes_ct64_ortho
                0x000000000800c90e      0x9fe ./dilithium5-AES-R/src/aes256ctr.o
 .text.br_aes_ct64_interleave_in
                0x000000000800d30c      0x30c ./dilithium5-AES-R/src/aes256ctr.o
 .text.br_aes_ct64_interleave_out
                0x000000000800d618      0x21c ./dilithium5-AES-R/src/aes256ctr.o
 .text.sub_word
                0x000000000800d834       0x4e ./dilithium5-AES-R/src/aes256ctr.o
 *fill*         0x000000000800d882        0x2 
 .text.br_aes_ct64_keysched
                0x000000000800d884      0x388 ./dilithium5-AES-R/src/aes256ctr.o
 .text.br_aes_ct64_skey_expand
                0x000000000800dc0c      0x1ca ./dilithium5-AES-R/src/aes256ctr.o
 .text.add_round_key
                0x000000000800ddd6      0x132 ./dilithium5-AES-R/src/aes256ctr.o
 .text.shift_rows
                0x000000000800df08      0x17e ./dilithium5-AES-R/src/aes256ctr.o
 .text.rotr32   0x000000000800e086       0x1c ./dilithium5-AES-R/src/aes256ctr.o
 .text.mix_columns
                0x000000000800e0a2      0x584 ./dilithium5-AES-R/src/aes256ctr.o
 .text.inc4_be  0x000000000800e626       0x32 ./dilithium5-AES-R/src/aes256ctr.o
 .text.aes_ctr4x
                0x000000000800e658      0x18e ./dilithium5-AES-R/src/aes256ctr.o
 .text.br_aes_ct64_ctr_init
                0x000000000800e7e6       0x2a ./dilithium5-AES-R/src/aes256ctr.o
 .text.pqcrystals_aes256ctr_ref_init
                0x000000000800e810       0xae ./dilithium5-AES-R/src/aes256ctr.o
                0x000000000800e810                pqcrystals_aes256ctr_ref_init
 .text.pqcrystals_aes256ctr_ref_squeezeblocks
                0x000000000800e8be       0x3a ./dilithium5-AES-R/src/aes256ctr.o
                0x000000000800e8be                pqcrystals_aes256ctr_ref_squeezeblocks
 .text.load64   0x000000000800e8f8       0x7a ./dilithium5-AES-R/src/fips202.o
 .text.store64  0x000000000800e972       0x58 ./dilithium5-AES-R/src/fips202.o
 *fill*         0x000000000800e9ca        0x2 
 .text.KeccakF1600_StatePermute
                0x000000000800e9cc     0x30d0 ./dilithium5-AES-R/src/fips202.o
 .text.keccak_init
                0x0000000008011a9c       0x42 ./dilithium5-AES-R/src/fips202.o
 .text.keccak_absorb
                0x0000000008011ade      0x290 ./dilithium5-AES-R/src/fips202.o
 .text.keccak_finalize
                0x0000000008011d6e       0x9e ./dilithium5-AES-R/src/fips202.o
 .text.keccak_squeezeblocks
                0x0000000008011e0c       0x64 ./dilithium5-AES-R/src/fips202.o
 .text.keccak_squeeze
                0x0000000008011e70      0x1da ./dilithium5-AES-R/src/fips202.o
 .text.pqcrystals_fips202_ref_shake256_init
                0x000000000801204a       0x16 ./dilithium5-AES-R/src/fips202.o
                0x000000000801204a                pqcrystals_fips202_ref_shake256_init
 .text.pqcrystals_fips202_ref_shake256_absorb
                0x0000000008012060       0x30 ./dilithium5-AES-R/src/fips202.o
                0x0000000008012060                pqcrystals_fips202_ref_shake256_absorb
 .text.pqcrystals_fips202_ref_shake256_finalize
                0x0000000008012090       0x28 ./dilithium5-AES-R/src/fips202.o
                0x0000000008012090                pqcrystals_fips202_ref_shake256_finalize
 .text.pqcrystals_fips202_ref_shake256_squeezeblocks
                0x00000000080120b8       0x20 ./dilithium5-AES-R/src/fips202.o
                0x00000000080120b8                pqcrystals_fips202_ref_shake256_squeezeblocks
 .text.pqcrystals_fips202_ref_shake256_squeeze
                0x00000000080120d8       0x30 ./dilithium5-AES-R/src/fips202.o
                0x00000000080120d8                pqcrystals_fips202_ref_shake256_squeeze
 .text.pqcrystals_fips202_ref_shake256
                0x0000000008012108       0x46 ./dilithium5-AES-R/src/fips202.o
                0x0000000008012108                pqcrystals_fips202_ref_shake256
 *fill*         0x000000000801214e        0x2 
 .text.pqcrystals_dilithium2aes_r_ref_ntt
                0x0000000008012150       0xd8 ./dilithium5-AES-R/src/ntt.o
                0x0000000008012150                pqcrystals_dilithium2aes_r_ref_ntt
 .text.pqcrystals_dilithium2aes_r_ref_invntt_tomont
                0x0000000008012228      0x174 ./dilithium5-AES-R/src/ntt.o
                0x0000000008012228                pqcrystals_dilithium2aes_r_ref_invntt_tomont
 .text.pqcrystals_dilithium2aes_r_ref_pack_pk
                0x000000000801239c       0x6e ./dilithium5-AES-R/src/packing.o
                0x000000000801239c                pqcrystals_dilithium2aes_r_ref_pack_pk
 .text.pqcrystals_dilithium2aes_r_ref_pack_sk_r
                0x000000000801240a       0xe6 ./dilithium5-AES-R/src/packing.o
                0x000000000801240a                pqcrystals_dilithium2aes_r_ref_pack_sk_r
 .text.pqcrystals_dilithium2aes_r_ref_unpack_sk_r
                0x00000000080124f0       0xe6 ./dilithium5-AES-R/src/packing.o
                0x00000000080124f0                pqcrystals_dilithium2aes_r_ref_unpack_sk_r
 .text.pqcrystals_dilithium2aes_r_ref_pack_sig
                0x00000000080125d6       0xec ./dilithium5-AES-R/src/packing.o
                0x00000000080125d6                pqcrystals_dilithium2aes_r_ref_pack_sig
 .text.verify_sig_h_malform
                0x00000000080126c2       0xde ./dilithium5-AES-R/src/packing.o
 .text.verify_sig_z_h_malform
                0x00000000080127a0       0xac ./dilithium5-AES-R/src/packing.o
                0x00000000080127a0                verify_sig_z_h_malform
 .text.unpack_sig_c
                0x000000000801284c       0x3a ./dilithium5-AES-R/src/packing.o
                0x000000000801284c                unpack_sig_c
 .text.unpack_sig_z
                0x0000000008012886       0x2c ./dilithium5-AES-R/src/packing.o
                0x0000000008012886                unpack_sig_z
 .text.unpack_pk_rho
                0x00000000080128b2       0x3a ./dilithium5-AES-R/src/packing.o
                0x00000000080128b2                unpack_pk_rho
 .text.unpack_pk_t1
                0x00000000080128ec       0x2c ./dilithium5-AES-R/src/packing.o
                0x00000000080128ec                unpack_pk_t1
 .text.pqcrystals_dilithium2aes_r_ref_poly_reduce
                0x0000000008012918       0x3c ./dilithium5-AES-R/src/poly.o
                0x0000000008012918                pqcrystals_dilithium2aes_r_ref_poly_reduce
 .text.pqcrystals_dilithium2aes_r_ref_poly_caddq
                0x0000000008012954       0x3c ./dilithium5-AES-R/src/poly.o
                0x0000000008012954                pqcrystals_dilithium2aes_r_ref_poly_caddq
 .text.pqcrystals_dilithium2aes_r_ref_poly_add
                0x0000000008012990       0x46 ./dilithium5-AES-R/src/poly.o
                0x0000000008012990                pqcrystals_dilithium2aes_r_ref_poly_add
 .text.pqcrystals_dilithium2aes_r_ref_poly_sub
                0x00000000080129d6       0x46 ./dilithium5-AES-R/src/poly.o
                0x00000000080129d6                pqcrystals_dilithium2aes_r_ref_poly_sub
 .text.pqcrystals_dilithium2aes_r_ref_poly_shiftl
                0x0000000008012a1c       0x3a ./dilithium5-AES-R/src/poly.o
                0x0000000008012a1c                pqcrystals_dilithium2aes_r_ref_poly_shiftl
 .text.pqcrystals_dilithium2aes_r_ref_poly_ntt
                0x0000000008012a56       0x18 ./dilithium5-AES-R/src/poly.o
                0x0000000008012a56                pqcrystals_dilithium2aes_r_ref_poly_ntt
 .text.pqcrystals_dilithium2aes_r_ref_poly_invntt_tomont
                0x0000000008012a6e       0x18 ./dilithium5-AES-R/src/poly.o
                0x0000000008012a6e                pqcrystals_dilithium2aes_r_ref_poly_invntt_tomont
 .text.pqcrystals_dilithium2aes_r_ref_poly_pointwise_montgomery
                0x0000000008012a86       0x6c ./dilithium5-AES-R/src/poly.o
                0x0000000008012a86                pqcrystals_dilithium2aes_r_ref_poly_pointwise_montgomery
 .text.pqcrystals_dilithium2aes_r_ref_poly_power2round
                0x0000000008012af2       0x48 ./dilithium5-AES-R/src/poly.o
                0x0000000008012af2                pqcrystals_dilithium2aes_r_ref_poly_power2round
 .text.pqcrystals_dilithium2aes_r_ref_poly_decompose
                0x0000000008012b3a       0x48 ./dilithium5-AES-R/src/poly.o
                0x0000000008012b3a                pqcrystals_dilithium2aes_r_ref_poly_decompose
 .text.pqcrystals_dilithium2aes_r_ref_poly_make_hint
                0x0000000008012b82       0x5e ./dilithium5-AES-R/src/poly.o
                0x0000000008012b82                pqcrystals_dilithium2aes_r_ref_poly_make_hint
 .text.poly_use_hint_r
                0x0000000008012be0       0x48 ./dilithium5-AES-R/src/poly.o
                0x0000000008012be0                poly_use_hint_r
 .text.pqcrystals_dilithium2aes_r_ref_poly_chknorm
                0x0000000008012c28       0x6c ./dilithium5-AES-R/src/poly.o
                0x0000000008012c28                pqcrystals_dilithium2aes_r_ref_poly_chknorm
 .text.rej_uniform
                0x0000000008012c94       0x94 ./dilithium5-AES-R/src/poly.o
 .text.pqcrystals_dilithium2aes_r_ref_poly_uniform
                0x0000000008012d28      0x148 ./dilithium5-AES-R/src/poly.o
                0x0000000008012d28                pqcrystals_dilithium2aes_r_ref_poly_uniform
 .text.rej_eta  0x0000000008012e70       0xc2 ./dilithium5-AES-R/src/poly.o
 .text.pqcrystals_dilithium2aes_r_ref_poly_uniform_eta
                0x0000000008012f32       0xcc ./dilithium5-AES-R/src/poly.o
                0x0000000008012f32                pqcrystals_dilithium2aes_r_ref_poly_uniform_eta
 .text.pqcrystals_dilithium2aes_r_ref_poly_uniform_gamma1
                0x0000000008012ffe       0x70 ./dilithium5-AES-R/src/poly.o
                0x0000000008012ffe                pqcrystals_dilithium2aes_r_ref_poly_uniform_gamma1
 .text.pqcrystals_dilithium2aes_r_ref_poly_challenge
                0x000000000801306e      0x1bc ./dilithium5-AES-R/src/poly.o
                0x000000000801306e                pqcrystals_dilithium2aes_r_ref_poly_challenge
 .text.pqcrystals_dilithium2aes_r_ref_polyt1_pack
                0x000000000801322a      0x104 ./dilithium5-AES-R/src/poly.o
                0x000000000801322a                pqcrystals_dilithium2aes_r_ref_polyt1_pack
 .text.pqcrystals_dilithium2aes_r_ref_polyt1_unpack
                0x000000000801332e      0x112 ./dilithium5-AES-R/src/poly.o
                0x000000000801332e                pqcrystals_dilithium2aes_r_ref_polyt1_unpack
 .text.pqcrystals_dilithium2aes_r_ref_polyt0_pack
                0x0000000008013440      0x382 ./dilithium5-AES-R/src/poly.o
                0x0000000008013440                pqcrystals_dilithium2aes_r_ref_polyt0_pack
 .text.pqcrystals_dilithium2aes_r_ref_polyt0_unpack
                0x00000000080137c2      0x550 ./dilithium5-AES-R/src/poly.o
                0x00000000080137c2                pqcrystals_dilithium2aes_r_ref_polyt0_unpack
 .text.pqcrystals_dilithium2aes_r_ref_polyz_pack
                0x0000000008013d12      0x1be ./dilithium5-AES-R/src/poly.o
                0x0000000008013d12                pqcrystals_dilithium2aes_r_ref_polyz_pack
 .text.pqcrystals_dilithium2aes_r_ref_polyz_unpack
                0x0000000008013ed0      0x2e4 ./dilithium5-AES-R/src/poly.o
                0x0000000008013ed0                pqcrystals_dilithium2aes_r_ref_polyz_unpack
 .text.pqcrystals_dilithium2aes_r_ref_polyw1_pack
                0x00000000080141b4      0x12a ./dilithium5-AES-R/src/poly.o
                0x00000000080141b4                pqcrystals_dilithium2aes_r_ref_polyw1_pack
 .text.polyvec_matrix_poly_smul_montgomery
                0x00000000080142de      0x18a ./dilithium5-AES-R/src/polyvec.o
                0x00000000080142de                polyvec_matrix_poly_smul_montgomery
 .text.polyvec_matrix_poly_ymul_montgomery
                0x0000000008014468      0x15c ./dilithium5-AES-R/src/polyvec.o
                0x0000000008014468                polyvec_matrix_poly_ymul_montgomery
 .text.polyvec_compute_z_montgomery
                0x00000000080145c4       0xf4 ./dilithium5-AES-R/src/polyvec.o
                0x00000000080145c4                polyvec_compute_z_montgomery
 .text.polyvec_compute_h_montgomery
                0x00000000080146b8       0xae ./dilithium5-AES-R/src/polyvec.o
                0x00000000080146b8                polyvec_compute_h_montgomery
 .text.polyvec_reconstruct_w1_montgomery
                0x0000000008014766      0x274 ./dilithium5-AES-R/src/polyvec.o
                0x0000000008014766                polyvec_reconstruct_w1_montgomery
 .text.pqcrystals_dilithium2aes_r_ref_polyvecl_chknorm
                0x00000000080149da       0x40 ./dilithium5-AES-R/src/polyvec.o
                0x00000000080149da                pqcrystals_dilithium2aes_r_ref_polyvecl_chknorm
 .text.pqcrystals_dilithium2aes_r_ref_polyveck_reduce
                0x0000000008014a1a       0x32 ./dilithium5-AES-R/src/polyvec.o
                0x0000000008014a1a                pqcrystals_dilithium2aes_r_ref_polyveck_reduce
 .text.pqcrystals_dilithium2aes_r_ref_polyveck_caddq
                0x0000000008014a4c       0x32 ./dilithium5-AES-R/src/polyvec.o
                0x0000000008014a4c                pqcrystals_dilithium2aes_r_ref_polyveck_caddq
 .text.pqcrystals_dilithium2aes_r_ref_polyveck_add
                0x0000000008014a7e       0x46 ./dilithium5-AES-R/src/polyvec.o
                0x0000000008014a7e                pqcrystals_dilithium2aes_r_ref_polyveck_add
 .text.pqcrystals_dilithium2aes_r_ref_polyveck_sub
                0x0000000008014ac4       0x46 ./dilithium5-AES-R/src/polyvec.o
                0x0000000008014ac4                pqcrystals_dilithium2aes_r_ref_polyveck_sub
 .text.pqcrystals_dilithium2aes_r_ref_polyveck_ntt
                0x0000000008014b0a       0x32 ./dilithium5-AES-R/src/polyvec.o
                0x0000000008014b0a                pqcrystals_dilithium2aes_r_ref_polyveck_ntt
 .text.pqcrystals_dilithium2aes_r_ref_polyveck_invntt_tomont
                0x0000000008014b3c       0x32 ./dilithium5-AES-R/src/polyvec.o
                0x0000000008014b3c                pqcrystals_dilithium2aes_r_ref_polyveck_invntt_tomont
 .text.pqcrystals_dilithium2aes_r_ref_polyveck_pointwise_poly_montgomery
                0x0000000008014b6e       0x40 ./dilithium5-AES-R/src/polyvec.o
                0x0000000008014b6e                pqcrystals_dilithium2aes_r_ref_polyveck_pointwise_poly_montgomery
 .text.pqcrystals_dilithium2aes_r_ref_polyveck_chknorm
                0x0000000008014bae       0x40 ./dilithium5-AES-R/src/polyvec.o
                0x0000000008014bae                pqcrystals_dilithium2aes_r_ref_polyveck_chknorm
 .text.pqcrystals_dilithium2aes_r_ref_polyveck_power2round
                0x0000000008014bee       0x46 ./dilithium5-AES-R/src/polyvec.o
                0x0000000008014bee                pqcrystals_dilithium2aes_r_ref_polyveck_power2round
 .text.pqcrystals_dilithium2aes_r_ref_polyveck_decompose
                0x0000000008014c34       0x46 ./dilithium5-AES-R/src/polyvec.o
                0x0000000008014c34                pqcrystals_dilithium2aes_r_ref_polyveck_decompose
 .text.pqcrystals_dilithium2aes_r_ref_polyveck_make_hint
                0x0000000008014c7a       0x52 ./dilithium5-AES-R/src/polyvec.o
                0x0000000008014c7a                pqcrystals_dilithium2aes_r_ref_polyveck_make_hint
 .text.polyveck_use_hint_r
                0x0000000008014ccc       0x4a ./dilithium5-AES-R/src/polyvec.o
                0x0000000008014ccc                polyveck_use_hint_r
 .text.pqcrystals_dilithium2aes_r_ref_polyveck_pack_w1
                0x0000000008014d16       0x44 ./dilithium5-AES-R/src/polyvec.o
                0x0000000008014d16                pqcrystals_dilithium2aes_r_ref_polyveck_pack_w1
 .text.randombytes
                0x0000000008014d5a       0x8c ./dilithium5-AES-R/src/randombytes.o
                0x0000000008014d5a                randombytes
 .text.pqcrystals_dilithium2aes_r_ref_montgomery_reduce
                0x0000000008014de6       0x8c ./dilithium5-AES-R/src/reduce.o
                0x0000000008014de6                pqcrystals_dilithium2aes_r_ref_montgomery_reduce
 .text.pqcrystals_dilithium2aes_r_ref_reduce32
                0x0000000008014e72       0x36 ./dilithium5-AES-R/src/reduce.o
                0x0000000008014e72                pqcrystals_dilithium2aes_r_ref_reduce32
 .text.pqcrystals_dilithium2aes_r_ref_caddq
                0x0000000008014ea8       0x28 ./dilithium5-AES-R/src/reduce.o
                0x0000000008014ea8                pqcrystals_dilithium2aes_r_ref_caddq
 .text.pqcrystals_dilithium2aes_r_ref_power2round
                0x0000000008014ed0       0x2e ./dilithium5-AES-R/src/rounding.o
                0x0000000008014ed0                pqcrystals_dilithium2aes_r_ref_power2round
 *fill*         0x0000000008014efe        0x2 
 .text.pqcrystals_dilithium2aes_r_ref_decompose
                0x0000000008014f00       0x78 ./dilithium5-AES-R/src/rounding.o
                0x0000000008014f00                pqcrystals_dilithium2aes_r_ref_decompose
 .text.pqcrystals_dilithium2aes_r_ref_make_hint
                0x0000000008014f78       0x40 ./dilithium5-AES-R/src/rounding.o
                0x0000000008014f78                pqcrystals_dilithium2aes_r_ref_make_hint
 .text.pqcrystals_dilithium2aes_r_ref_use_hint
                0x0000000008014fb8       0x4e ./dilithium5-AES-R/src/rounding.o
                0x0000000008014fb8                pqcrystals_dilithium2aes_r_ref_use_hint
 .text.pqcrystals_dilithium2aes_r_ref_keypair
                0x0000000008015006      0x170 ./dilithium5-AES-R/src/sign.o
                0x0000000008015006                pqcrystals_dilithium2aes_r_ref_keypair
 *fill*         0x0000000008015176        0x2 
 .text.pqcrystals_dilithium2aes_r_ref_signature
                0x0000000008015178      0x454 ./dilithium5-AES-R/src/sign.o
                0x0000000008015178                pqcrystals_dilithium2aes_r_ref_signature
 .text.pqcrystals_dilithium2aes_r_ref
                0x00000000080155cc       0x70 ./dilithium5-AES-R/src/sign.o
                0x00000000080155cc                pqcrystals_dilithium2aes_r_ref
 .text.pqcrystals_dilithium2aes_r_ref_verify
                0x000000000801563c      0x24e ./dilithium5-AES-R/src/sign.o
                0x000000000801563c                pqcrystals_dilithium2aes_r_ref_verify
 .text.pqcrystals_dilithium2aes_r_ref_open
                0x000000000801588a       0xae ./dilithium5-AES-R/src/sign.o
                0x000000000801588a                pqcrystals_dilithium2aes_r_ref_open
 .text.pqcrystals_dilithium2aes_r_ref_dilithium_aes256ctr_init
                0x0000000008015938       0x42 ./dilithium5-AES-R/src/symmetric-aes.o
                0x0000000008015938                pqcrystals_dilithium2aes_r_ref_dilithium_aes256ctr_init
 *fill*         0x000000000801597a        0x2 
 .text.__errno  0x000000000801597c        0xc e:/tools/stm/cubeide/stm32cubeide_1.11.0/stm32cubeide/plugins/com.st.stm32cube.ide.mcu.externaltools.gnu-tools-for-stm32.10.3-2021.10.win32_1.0.100.202210260954/tools/bin/../lib/gcc/arm-none-eabi/10.3.1/../../../../arm-none-eabi/lib/thumb/v7e-m+fp/hard\libc_nano.a(lib_a-errno.o)
                0x000000000801597c                __errno
 .text.__libc_init_array
                0x0000000008015988       0x48 e:/tools/stm/cubeide/stm32cubeide_1.11.0/stm32cubeide/plugins/com.st.stm32cube.ide.mcu.externaltools.gnu-tools-for-stm32.10.3-2021.10.win32_1.0.100.202210260954/tools/bin/../lib/gcc/arm-none-eabi/10.3.1/../../../../arm-none-eabi/lib/thumb/v7e-m+fp/hard\libc_nano.a(lib_a-init.o)
                0x0000000008015988                __libc_init_array
 .text.memcpy   0x00000000080159d0       0x1c e:/tools/stm/cubeide/stm32cubeide_1.11.0/stm32cubeide/plugins/com.st.stm32cube.ide.mcu.externaltools.gnu-tools-for-stm32.10.3-2021.10.win32_1.0.100.202210260954/tools/bin/../lib/gcc/arm-none-eabi/10.3.1/../../../../arm-none-eabi/lib/thumb/v7e-m+fp/hard\libc_nano.a(lib_a-memcpy-stub.o)
                0x00000000080159d0                memcpy
 .text.memset   0x00000000080159ec       0x10 e:/tools/stm/cubeide/stm32cubeide_1.11.0/stm32cubeide/plugins/com.st.stm32cube.ide.mcu.externaltools.gnu-tools-for-stm32.10.3-2021.10.win32_1.0.100.202210260954/tools/bin/../lib/gcc/arm-none-eabi/10.3.1/../../../../arm-none-eabi/lib/thumb/v7e-m+fp/hard\libc_nano.a(lib_a-memset.o)
                0x00000000080159ec                memset
 .text.sprintf  0x00000000080159fc       0x40 e:/tools/stm/cubeide/stm32cubeide_1.11.0/stm32cubeide/plugins/com.st.stm32cube.ide.mcu.externaltools.gnu-tools-for-stm32.10.3-2021.10.win32_1.0.100.202210260954/tools/bin/../lib/gcc/arm-none-eabi/10.3.1/../../../../arm-none-eabi/lib/thumb/v7e-m+fp/hard\libc_nano.a(lib_a-sprintf.o)
                0x00000000080159fc                siprintf
                0x00000000080159fc                sprintf
 .text.__ssputs_r
                0x0000000008015a3c       0xb6 e:/tools/stm/cubeide/stm32cubeide_1.11.0/stm32cubeide/plugins/com.st.stm32cube.ide.mcu.externaltools.gnu-tools-for-stm32.10.3-2021.10.win32_1.0.100.202210260954/tools/bin/../lib/gcc/arm-none-eabi/10.3.1/../../../../arm-none-eabi/lib/thumb/v7e-m+fp/hard\libc_nano.a(lib_a-nano-svfprintf.o)
                0x0000000008015a3c                __ssputs_r
 *fill*         0x0000000008015af2        0x2 
 .text._svfprintf_r
                0x0000000008015af4      0x200 e:/tools/stm/cubeide/stm32cubeide_1.11.0/stm32cubeide/plugins/com.st.stm32cube.ide.mcu.externaltools.gnu-tools-for-stm32.10.3-2021.10.win32_1.0.100.202210260954/tools/bin/../lib/gcc/arm-none-eabi/10.3.1/../../../../arm-none-eabi/lib/thumb/v7e-m+fp/hard\libc_nano.a(lib_a-nano-svfprintf.o)
                0x0000000008015af4                _svfiprintf_r
                0x0000000008015af4                _svfprintf_r
 .text._printf_common
                0x0000000008015cf4       0xda e:/tools/stm/cubeide/stm32cubeide_1.11.0/stm32cubeide/plugins/com.st.stm32cube.ide.mcu.externaltools.gnu-tools-for-stm32.10.3-2021.10.win32_1.0.100.202210260954/tools/bin/../lib/gcc/arm-none-eabi/10.3.1/../../../../arm-none-eabi/lib/thumb/v7e-m+fp/hard\libc_nano.a(lib_a-nano-vfprintf_i.o)
                0x0000000008015cf4                _printf_common
 *fill*         0x0000000008015dce        0x2 
 .text._printf_i
                0x0000000008015dd0      0x24c e:/tools/stm/cubeide/stm32cubeide_1.11.0/stm32cubeide/plugins/com.st.stm32cube.ide.mcu.externaltools.gnu-tools-for-stm32.10.3-2021.10.win32_1.0.100.202210260954/tools/bin/../lib/gcc/arm-none-eabi/10.3.1/../../../../arm-none-eabi/lib/thumb/v7e-m+fp/hard\libc_nano.a(lib_a-nano-vfprintf_i.o)
                0x0000000008015dd0                _printf_i
 .text.memmove  0x000000000801601c       0x34 e:/tools/stm/cubeide/stm32cubeide_1.11.0/stm32cubeide/plugins/com.st.stm32cube.ide.mcu.externaltools.gnu-tools-for-stm32.10.3-2021.10.win32_1.0.100.202210260954/tools/bin/../lib/gcc/arm-none-eabi/10.3.1/../../../../arm-none-eabi/lib/thumb/v7e-m+fp/hard\libc_nano.a(lib_a-memmove.o)
                0x000000000801601c                memmove
 .text._free_r  0x0000000008016050       0x98 e:/tools/stm/cubeide/stm32cubeide_1.11.0/stm32cubeide/plugins/com.st.stm32cube.ide.mcu.externaltools.gnu-tools-for-stm32.10.3-2021.10.win32_1.0.100.202210260954/tools/bin/../lib/gcc/arm-none-eabi/10.3.1/../../../../arm-none-eabi/lib/thumb/v7e-m+fp/hard\libc_nano.a(lib_a-nano-freer.o)
                0x0000000008016050                _free_r
 .text.sbrk_aligned
                0x00000000080160e8       0x40 e:/tools/stm/cubeide/stm32cubeide_1.11.0/stm32cubeide/plugins/com.st.stm32cube.ide.mcu.externaltools.gnu-tools-for-stm32.10.3-2021.10.win32_1.0.100.202210260954/tools/bin/../lib/gcc/arm-none-eabi/10.3.1/../../../../arm-none-eabi/lib/thumb/v7e-m+fp/hard\libc_nano.a(lib_a-nano-mallocr.o)
 .text._malloc_r
                0x0000000008016128       0xe8 e:/tools/stm/cubeide/stm32cubeide_1.11.0/stm32cubeide/plugins/com.st.stm32cube.ide.mcu.externaltools.gnu-tools-for-stm32.10.3-2021.10.win32_1.0.100.202210260954/tools/bin/../lib/gcc/arm-none-eabi/10.3.1/../../../../arm-none-eabi/lib/thumb/v7e-m+fp/hard\libc_nano.a(lib_a-nano-mallocr.o)
                0x0000000008016128                _malloc_r
 .text._realloc_r
                0x0000000008016210       0x5e e:/tools/stm/cubeide/stm32cubeide_1.11.0/stm32cubeide/plugins/com.st.stm32cube.ide.mcu.externaltools.gnu-tools-for-stm32.10.3-2021.10.win32_1.0.100.202210260954/tools/bin/../lib/gcc/arm-none-eabi/10.3.1/../../../../arm-none-eabi/lib/thumb/v7e-m+fp/hard\libc_nano.a(lib_a-nano-reallocr.o)
                0x0000000008016210                _realloc_r
 *fill*         0x000000000801626e        0x2 
 .text._sbrk_r  0x0000000008016270       0x20 e:/tools/stm/cubeide/stm32cubeide_1.11.0/stm32cubeide/plugins/com.st.stm32cube.ide.mcu.externaltools.gnu-tools-for-stm32.10.3-2021.10.win32_1.0.100.202210260954/tools/bin/../lib/gcc/arm-none-eabi/10.3.1/../../../../arm-none-eabi/lib/thumb/v7e-m+fp/hard\libc_nano.a(lib_a-sbrkr.o)
                0x0000000008016270                _sbrk_r
 .text.__malloc_lock
                0x0000000008016290        0xc e:/tools/stm/cubeide/stm32cubeide_1.11.0/stm32cubeide/plugins/com.st.stm32cube.ide.mcu.externaltools.gnu-tools-for-stm32.10.3-2021.10.win32_1.0.100.202210260954/tools/bin/../lib/gcc/arm-none-eabi/10.3.1/../../../../arm-none-eabi/lib/thumb/v7e-m+fp/hard\libc_nano.a(lib_a-mlock.o)
                0x0000000008016290                __malloc_lock
 .text.__malloc_unlock
                0x000000000801629c        0xc e:/tools/stm/cubeide/stm32cubeide_1.11.0/stm32cubeide/plugins/com.st.stm32cube.ide.mcu.externaltools.gnu-tools-for-stm32.10.3-2021.10.win32_1.0.100.202210260954/tools/bin/../lib/gcc/arm-none-eabi/10.3.1/../../../../arm-none-eabi/lib/thumb/v7e-m+fp/hard\libc_nano.a(lib_a-mlock.o)
                0x000000000801629c                __malloc_unlock
 .text._malloc_usable_size_r
                0x00000000080162a8       0x10 e:/tools/stm/cubeide/stm32cubeide_1.11.0/stm32cubeide/plugins/com.st.stm32cube.ide.mcu.externaltools.gnu-tools-for-stm32.10.3-2021.10.win32_1.0.100.202210260954/tools/bin/../lib/gcc/arm-none-eabi/10.3.1/../../../../arm-none-eabi/lib/thumb/v7e-m+fp/hard\libc_nano.a(lib_a-nano-msizer.o)
                0x00000000080162a8                _malloc_usable_size_r
 .text.__retarget_lock_acquire_recursive
                0x00000000080162b8        0x2 e:/tools/stm/cubeide/stm32cubeide_1.11.0/stm32cubeide/plugins/com.st.stm32cube.ide.mcu.externaltools.gnu-tools-for-stm32.10.3-2021.10.win32_1.0.100.202210260954/tools/bin/../lib/gcc/arm-none-eabi/10.3.1/../../../../arm-none-eabi/lib/thumb/v7e-m+fp/hard\libc_nano.a(lib_a-lock.o)
                0x00000000080162b8                __retarget_lock_acquire_recursive
 .text.__retarget_lock_release_recursive
                0x00000000080162ba        0x2 e:/tools/stm/cubeide/stm32cubeide_1.11.0/stm32cubeide/plugins/com.st.stm32cube.ide.mcu.externaltools.gnu-tools-for-stm32.10.3-2021.10.win32_1.0.100.202210260954/tools/bin/../lib/gcc/arm-none-eabi/10.3.1/../../../../arm-none-eabi/lib/thumb/v7e-m+fp/hard\libc_nano.a(lib_a-lock.o)
                0x00000000080162ba                __retarget_lock_release_recursive
 *(.glue_7)
 .glue_7        0x00000000080162bc        0x0 linker stubs
 *(.glue_7t)
 .glue_7t       0x00000000080162bc        0x0 linker stubs
 *(.eh_frame)
 .eh_frame      0x00000000080162bc        0x0 e:/tools/stm/cubeide/stm32cubeide_1.11.0/stm32cubeide/plugins/com.st.stm32cube.ide.mcu.externaltools.gnu-tools-for-stm32.10.3-2021.10.win32_1.0.100.202210260954/tools/bin/../lib/gcc/arm-none-eabi/10.3.1/thumb/v7e-m+fp/hard/crtbegin.o
 *(.init)
 .init          0x00000000080162bc        0x4 e:/tools/stm/cubeide/stm32cubeide_1.11.0/stm32cubeide/plugins/com.st.stm32cube.ide.mcu.externaltools.gnu-tools-for-stm32.10.3-2021.10.win32_1.0.100.202210260954/tools/bin/../lib/gcc/arm-none-eabi/10.3.1/thumb/v7e-m+fp/hard/crti.o
                0x00000000080162bc                _init
 .init          0x00000000080162c0        0x8 e:/tools/stm/cubeide/stm32cubeide_1.11.0/stm32cubeide/plugins/com.st.stm32cube.ide.mcu.externaltools.gnu-tools-for-stm32.10.3-2021.10.win32_1.0.100.202210260954/tools/bin/../lib/gcc/arm-none-eabi/10.3.1/thumb/v7e-m+fp/hard/crtn.o
 *(.fini)
 .fini          0x00000000080162c8        0x4 e:/tools/stm/cubeide/stm32cubeide_1.11.0/stm32cubeide/plugins/com.st.stm32cube.ide.mcu.externaltools.gnu-tools-for-stm32.10.3-2021.10.win32_1.0.100.202210260954/tools/bin/../lib/gcc/arm-none-eabi/10.3.1/thumb/v7e-m+fp/hard/crti.o
                0x00000000080162c8                _fini
 .fini          0x00000000080162cc        0x8 e:/tools/stm/cubeide/stm32cubeide_1.11.0/stm32cubeide/plugins/com.st.stm32cube.ide.mcu.externaltools.gnu-tools-for-stm32.10.3-2021.10.win32_1.0.100.202210260954/tools/bin/../lib/gcc/arm-none-eabi/10.3.1/thumb/v7e-m+fp/hard/crtn.o
                0x00000000080162d4                . = ALIGN (0x4)
                0x00000000080162d4                _etext = .

.vfp11_veneer   0x00000000080162d4        0x0
 .vfp11_veneer  0x00000000080162d4        0x0 linker stubs

.v4_bx          0x00000000080162d4        0x0
 .v4_bx         0x00000000080162d4        0x0 linker stubs

.iplt           0x00000000080162d4        0x0
 .iplt          0x00000000080162d4        0x0 e:/tools/stm/cubeide/stm32cubeide_1.11.0/stm32cubeide/plugins/com.st.stm32cube.ide.mcu.externaltools.gnu-tools-for-stm32.10.3-2021.10.win32_1.0.100.202210260954/tools/bin/../lib/gcc/arm-none-eabi/10.3.1/thumb/v7e-m+fp/hard/crtbegin.o

.rodata         0x00000000080162d8      0x764
                0x00000000080162d8                . = ALIGN (0x4)
 *(.rodata)
 .rodata        0x00000000080162d8      0x124 ./Core/Src/main.o
 .rodata        0x00000000080163fc       0x2c ./Drivers/STM32WBxx_HAL_Driver/Src/stm32wbxx_hal_rcc.o
 .rodata        0x0000000008016428       0x46 ./USB_Device/App/usbd_desc.o
 *(.rodata*)
 *fill*         0x000000000801646e        0x2 
 .rodata.AHBPrescTable
                0x0000000008016470       0x40 ./Core/Src/system_stm32wbxx.o
                0x0000000008016470                AHBPrescTable
 .rodata.APBPrescTable
                0x00000000080164b0       0x20 ./Core/Src/system_stm32wbxx.o
                0x00000000080164b0                APBPrescTable
 .rodata.MSIRangeTable
                0x00000000080164d0       0x40 ./Core/Src/system_stm32wbxx.o
                0x00000000080164d0                MSIRangeTable
 .rodata.UARTPrescTable
                0x0000000008016510       0x18 ./Drivers/STM32WBxx_HAL_Driver/Src/stm32wbxx_hal_uart.o
                0x0000000008016510                UARTPrescTable
 .rodata.numerator.1
                0x0000000008016528        0x8 ./Drivers/STM32WBxx_HAL_Driver/Src/stm32wbxx_hal_uart_ex.o
 .rodata.denominator.0
                0x0000000008016530        0x8 ./Drivers/STM32WBxx_HAL_Driver/Src/stm32wbxx_hal_uart_ex.o