Archive member included to satisfy reference by file (symbol)

e:/tools/stm/cubeide/stm32cubeide_1.11.0/stm32cubeide/plugins/com.st.stm32cube.ide.mcu.externaltools.gnu-tools-for-stm32.10.3-2021.10.win32_1.0.100.202210260954/tools/bin/../lib/gcc/arm-none-eabi/10.3.1/../../../../arm-none-eabi/lib/thumb/v7e-m+fp/hard\libc_nano.a(lib_a-errno.o)
                              ./Core/Src/syscalls.o (__errno)
e:/tools/stm/cubeide/stm32cubeide_1.11.0/stm32cubeide/plugins/com.st.stm32cube.ide.mcu.externaltools.gnu-tools-for-stm32.10.3-2021.10.win32_1.0.100.202210260954/tools/bin/../lib/gcc/arm-none-eabi/10.3.1/../../../../arm-none-eabi/lib/thumb/v7e-m+fp/hard\libc_nano.a(lib_a-exit.o)
                              e:/tools/stm/cubeide/stm32cubeide_1.11.0/stm32cubeide/plugins/com.st.stm32cube.ide.mcu.externaltools.gnu-tools-for-stm32.10.3-2021.10.win32_1.0.100.202210260954/tools/bin/../lib/gcc/arm-none-eabi/10.3.1/../../../../arm-none-eabi/lib/thumb/v7e-m+fp/hard/crt0.o (exit)
e:/tools/stm/cubeide/stm32cubeide_1.11.0/stm32cubeide/plugins/com.st.stm32cube.ide.mcu.externaltools.gnu-tools-for-stm32.10.3-2021.10.win32_1.0.100.202210260954/tools/bin/../lib/gcc/arm-none-eabi/10.3.1/../../../../arm-none-eabi/lib/thumb/v7e-m+fp/hard\libc_nano.a(lib_a-impure.o)
                              e:/tools/stm/cubeide/stm32cubeide_1.11.0/stm32cubeide/plugins/com.st.stm32cube.ide.mcu.externaltools.gnu-tools-for-stm32.10.3-2021.10.win32_1.0.100.202210260954/tools/bin/../lib/gcc/arm-none-eabi/10.3.1/../../../../arm-none-eabi/lib/thumb/v7e-m+fp/hard\libc_nano.a(lib_a-exit.o) (_global_impure_ptr)
e:/tools/stm/cubeide/stm32cubeide_1.11.0/stm32cubeide/plugins/com.st.stm32cube.ide.mcu.externaltools.gnu-tools-for-stm32.10.3-2021.10.win32_1.0.100.202210260954/tools/bin/../lib/gcc/arm-none-eabi/10.3.1/../../../../arm-none-eabi/lib/thumb/v7e-m+fp/hard\libc_nano.a(lib_a-init.o)
                              e:/tools/stm/cubeide/stm32cubeide_1.11.0/stm32cubeide/plugins/com.st.stm32cube.ide.mcu.externaltools.gnu-tools-for-stm32.10.3-2021.10.win32_1.0.100.202210260954/tools/bin/../lib/gcc/arm-none-eabi/10.3.1/../../../../arm-none-eabi/lib/thumb/v7e-m+fp/hard/crt0.o (__libc_init_array)
e:/tools/stm/cubeide/stm32cubeide_1.11.0/stm32cubeide/plugins/com.st.stm32cube.ide.mcu.externaltools.gnu-tools-for-stm32.10.3-2021.10.win32_1.0.100.202210260954/tools/bin/../lib/gcc/arm-none-eabi/10.3.1/../../../../arm-none-eabi/lib/thumb/v7e-m+fp/hard\libc_nano.a(lib_a-memcpy-stub.o)
                              ./dilithium5-AES-R/src/aes256ctr.o (memcpy)
e:/tools/stm/cubeide/stm32cubeide_1.11.0/stm32cubeide/plugins/com.st.stm32cube.ide.mcu.externaltools.gnu-tools-for-stm32.10.3-2021.10.win32_1.0.100.202210260954/tools/bin/../lib/gcc/arm-none-eabi/10.3.1/../../../../arm-none-eabi/lib/thumb/v7e-m+fp/hard\libc_nano.a(lib_a-memset.o)
                              e:/tools/stm/cubeide/stm32cubeide_1.11.0/stm32cubeide/plugins/com.st.stm32cube.ide.mcu.externaltools.gnu-tools-for-stm32.10.3-2021.10.win32_1.0.100.202210260954/tools/bin/../lib/gcc/arm-none-eabi/10.3.1/../../../../arm-none-eabi/lib/thumb/v7e-m+fp/hard/crt0.o (memset)
e:/tools/stm/cubeide/stm32cubeide_1.11.0/stm32cubeide/plugins/com.st.stm32cube.ide.mcu.externaltools.gnu-tools-for-stm32.10.3-2021.10.win32_1.0.100.202210260954/tools/bin/../lib/gcc/arm-none-eabi/10.3.1/../../../../arm-none-eabi/lib/thumb/v7e-m+fp/hard\libc_nano.a(lib_a-printf.o)
                              ./Core/Src/main.o (printf)
e:/tools/stm/cubeide/stm32cubeide_1.11.0/stm32cubeide/plugins/com.st.stm32cube.ide.mcu.externaltools.gnu-tools-for-stm32.10.3-2021.10.win32_1.0.100.202210260954/tools/bin/../lib/gcc/arm-none-eabi/10.3.1/../../../../arm-none-eabi/lib/thumb/v7e-m+fp/hard\libc_nano.a(lib_a-puts.o)
                              ./Core/Src/main.o (puts)
e:/tools/stm/cubeide/stm32cubeide_1.11.0/stm32cubeide/plugins/com.st.stm32cube.ide.mcu.externaltools.gnu-tools-for-stm32.10.3-2021.10.win32_1.0.100.202210260954/tools/bin/../lib/gcc/arm-none-eabi/10.3.1/../../../../arm-none-eabi/lib/thumb/v7e-m+fp/hard\libc_nano.a(lib_a-wbuf.o)
                              e:/tools/stm/cubeide/stm32cubeide_1.11.0/stm32cubeide/plugins/com.st.stm32cube.ide.mcu.externaltools.gnu-tools-for-stm32.10.3-2021.10.win32_1.0.100.202210260954/tools/bin/../lib/gcc/arm-none-eabi/10.3.1/../../../../arm-none-eabi/lib/thumb/v7e-m+fp/hard\libc_nano.a(lib_a-puts.o) (__swbuf_r)
e:/tools/stm/cubeide/stm32cubeide_1.11.0/stm32cubeide/plugins/com.st.stm32cube.ide.mcu.externaltools.gnu-tools-for-stm32.10.3-2021.10.win32_1.0.100.202210260954/tools/bin/../lib/gcc/arm-none-eabi/10.3.1/../../../../arm-none-eabi/lib/thumb/v7e-m+fp/hard\libc_nano.a(lib_a-wsetup.o)
                              e:/tools/stm/cubeide/stm32cubeide_1.11.0/stm32cubeide/plugins/com.st.stm32cube.ide.mcu.externaltools.gnu-tools-for-stm32.10.3-2021.10.win32_1.0.100.202210260954/tools/bin/../lib/gcc/arm-none-eabi/10.3.1/../../../../arm-none-eabi/lib/thumb/v7e-m+fp/hard\libc_nano.a(lib_a-puts.o) (__swsetup_r)
[...]
Memory Configuration

Name             Origin             Length             Attributes
FLASH            0x0000000008000000 0x0000000000080000 xr
RAM1             0x0000000020000008 0x000000000002fff8 xrw
RAM_SHARED       0x0000000020030000 0x0000000000002800 xrw
*default*        0x0000000000000000 0xffffffffffffffff

Linker script and memory map

LOAD e:/tools/stm/cubeide/stm32cubeide_1.11.0/stm32cubeide/plugins/com.st.stm32cube.ide.mcu.externaltools.gnu-tools-for-stm32.10.3-2021.10.win32_1.0.100.202210260954/tools/bin/../lib/gcc/arm-none-eabi/10.3.1/thumb/v7e-m+fp/hard/crti.o
LOAD e:/tools/stm/cubeide/stm32cubeide_1.11.0/stm32cubeide/plugins/com.st.stm32cube.ide.mcu.externaltools.gnu-tools-for-stm32.10.3-2021.10.win32_1.0.100.202210260954/tools/bin/../lib/gcc/arm-none-eabi/10.3.1/thumb/v7e-m+fp/hard/crtbegin.o
LOAD e:/tools/stm/cubeide/stm32cubeide_1.11.0/stm32cubeide/plugins/com.st.stm32cube.ide.mcu.externaltools.gnu-tools-for-stm32.10.3-2021.10.win32_1.0.100.202210260954/tools/bin/../lib/gcc/arm-none-eabi/10.3.1/../../../../arm-none-eabi/lib/thumb/v7e-m+fp/hard/crt0.o
LOAD ./Core/Src/main.o
LOAD ./Core/Src/stm32wbxx_hal_msp.o
LOAD ./Core/Src/stm32wbxx_it.o
LOAD ./Core/Src/syscalls.o
LOAD ./Core/Src/sysmem.o
LOAD ./Core/Src/system_stm32wbxx.o
LOAD ./Core/Startup/startup_stm32wb55rgvx.o
LOAD ./Drivers/STM32WBxx_HAL_Driver/Src/stm32wbxx_hal.o
LOAD ./Drivers/STM32WBxx_HAL_Driver/Src/stm32wbxx_hal_cortex.o
LOAD ./Drivers/STM32WBxx_HAL_Driver/Src/stm32wbxx_hal_cryp.o
LOAD ./Drivers/STM32WBxx_HAL_Driver/Src/stm32wbxx_hal_cryp_ex.o
LOAD ./Drivers/STM32WBxx_HAL_Driver/Src/stm32wbxx_hal_dma.o
LOAD ./Drivers/STM32WBxx_HAL_Driver/Src/stm32wbxx_hal_dma_ex.o
LOAD ./Drivers/STM32WBxx_HAL_Driver/Src/stm32wbxx_hal_exti.o
LOAD ./Drivers/STM32WBxx_HAL_Driver/Src/stm32wbxx_hal_flash.o
LOAD ./Drivers/STM32WBxx_HAL_Driver/Src/stm32wbxx_hal_flash_ex.o
LOAD ./Drivers/STM32WBxx_HAL_Driver/Src/stm32wbxx_hal_gpio.o
LOAD ./Drivers/STM32WBxx_HAL_Driver/Src/stm32wbxx_hal_hsem.o
LOAD ./Drivers/STM32WBxx_HAL_Driver/Src/stm32wbxx_hal_ipcc.o
LOAD ./Drivers/STM32WBxx_HAL_Driver/Src/stm32wbxx_hal_pcd.o
LOAD ./Drivers/STM32WBxx_HAL_Driver/Src/stm32wbxx_hal_pcd_ex.o
LOAD ./Drivers/STM32WBxx_HAL_Driver/Src/stm32wbxx_hal_pwr.o
LOAD ./Drivers/STM32WBxx_HAL_Driver/Src/stm32wbxx_hal_pwr_ex.o
LOAD ./Drivers/STM32WBxx_HAL_Driver/Src/stm32wbxx_hal_rcc.o
LOAD ./Drivers/STM32WBxx_HAL_Driver/Src/stm32wbxx_hal_rcc_ex.o
LOAD ./Drivers/STM32WBxx_HAL_Driver/Src/stm32wbxx_hal_rng.o
LOAD ./Drivers/STM32WBxx_HAL_Driver/Src/stm32wbxx_hal_rtc.o
LOAD ./Drivers/STM32WBxx_HAL_Driver/Src/stm32wbxx_hal_rtc_ex.o
LOAD ./Drivers/STM32WBxx_HAL_Driver/Src/stm32wbxx_hal_tim.o
LOAD ./Drivers/STM32WBxx_HAL_Driver/Src/stm32wbxx_hal_tim_ex.o
LOAD ./Drivers/STM32WBxx_HAL_Driver/Src/stm32wbxx_hal_uart.o
LOAD ./Drivers/STM32WBxx_HAL_Driver/Src/stm32wbxx_hal_uart_ex.o
LOAD ./Drivers/STM32WBxx_HAL_Driver/Src/stm32wbxx_ll_rcc.o
LOAD ./Drivers/STM32WBxx_HAL_Driver/Src/stm32wbxx_ll_usb.o
LOAD ./Middlewares/ST/STM32_USB_Device_Library/Class/CDC/Src/usbd_cdc.o
LOAD ./Middlewares/ST/STM32_USB_Device_Library/Core/Src/usbd_core.o
LOAD ./Middlewares/ST/STM32_USB_Device_Library/Core/Src/usbd_ctlreq.o
LOAD ./Middlewares/ST/STM32_USB_Device_Library/Core/Src/usbd_ioreq.o
LOAD ./USB_Device/App/usb_device.o
LOAD ./USB_Device/App/usbd_cdc_if.o
LOAD ./USB_Device/App/usbd_desc.o
LOAD ./USB_Device/Target/usbd_conf.o
LOAD ./dilithium5-AES-R/src/aes256ctr.o
LOAD ./dilithium5-AES-R/src/const_y.o
LOAD ./dilithium5-AES-R/src/dilithium_keys.o
LOAD ./dilithium5-AES-R/src/elapsed_time.o
LOAD ./dilithium5-AES-R/src/fips202.o
LOAD ./dilithium5-AES-R/src/ntt.o
LOAD ./dilithium5-AES-R/src/packing.o
LOAD ./dilithium5-AES-R/src/poly.o
LOAD ./dilithium5-AES-R/src/polyvec.o
LOAD ./dilithium5-AES-R/src/randombytes.o
LOAD ./dilithium5-AES-R/src/reduce.o
LOAD ./dilithium5-AES-R/src/rounding.o
LOAD ./dilithium5-AES-R/src/sign.o
LOAD ./dilithium5-AES-R/src/symmetric-aes.o
LOAD ./dilithium5-AES-R/src/symmetric-aes_stm.o
LOAD ./dilithium5-AES-R/src/symmetric-shake.o
LOAD ./dilithium5-AES-R/src/time_testbench.o
LOAD ./dilithium5-AES-R/src/usb_debug.o
START GROUP
LOAD e:/tools/stm/cubeide/stm32cubeide_1.11.0/stm32cubeide/plugins/com.st.stm32cube.ide.mcu.externaltools.gnu-tools-for-stm32.10.3-2021.10.win32_1.0.100.202210260954/tools/bin/../lib/gcc/arm-none-eabi/10.3.1/../../../../arm-none-eabi/lib/thumb/v7e-m+fp/hard\libc_nano.a
LOAD e:/tools/stm/cubeide/stm32cubeide_1.11.0/stm32cubeide/plugins/com.st.stm32cube.ide.mcu.externaltools.gnu-tools-for-stm32.10.3-2021.10.win32_1.0.100.202210260954/tools/bin/../lib/gcc/arm-none-eabi/10.3.1/../../../../arm-none-eabi/lib/thumb/v7e-m+fp/hard\libm.a
END GROUP
START GROUP
LOAD e:/tools/stm/cubeide/stm32cubeide_1.11.0/stm32cubeide/plugins/com.st.stm32cube.ide.mcu.externaltools.gnu-tools-for-stm32.10.3-2021.10.win32_1.0.100.202210260954/tools/bin/../lib/gcc/arm-none-eabi/10.3.1/thumb/v7e-m+fp/hard\libgcc.a
LOAD e:/tools/stm/cubeide/stm32cubeide_1.11.0/stm32cubeide/plugins/com.st.stm32cube.ide.mcu.externaltools.gnu-tools-for-stm32.10.3-2021.10.win32_1.0.100.202210260954/tools/bin/../lib/gcc/arm-none-eabi/10.3.1/../../../../arm-none-eabi/lib/thumb/v7e-m+fp/hard\libc_nano.a
END GROUP
START GROUP
LOAD e:/tools/stm/cubeide/stm32cubeide_1.11.0/stm32cubeide/plugins/com.st.stm32cube.ide.mcu.externaltools.gnu-tools-for-stm32.10.3-2021.10.win32_1.0.100.202210260954/tools/bin/../lib/gcc/arm-none-eabi/10.3.1/thumb/v7e-m+fp/hard\libgcc.a
LOAD e:/tools/stm/cubeide/stm32cubeide_1.11.0/stm32cubeide/plugins/com.st.stm32cube.ide.mcu.externaltools.gnu-tools-for-stm32.10.3-2021.10.win32_1.0.100.202210260954/tools/bin/../lib/gcc/arm-none-eabi/10.3.1/../../../../arm-none-eabi/lib/thumb/v7e-m+fp/hard\libc_nano.a
LOAD e:/tools/stm/cubeide/stm32cubeide_1.11.0/stm32cubeide/plugins/com.st.stm32cube.ide.mcu.externaltools.gnu-tools-for-stm32.10.3-2021.10.win32_1.0.100.202210260954/tools/bin/../lib/gcc/arm-none-eabi/10.3.1/../../../../arm-none-eabi/lib/thumb/v7e-m+fp/hard\libnosys.a
END GROUP
START GROUP
LOAD e:/tools/stm/cubeide/stm32cubeide_1.11.0/stm32cubeide/plugins/com.st.stm32cube.ide.mcu.externaltools.gnu-tools-for-stm32.10.3-2021.10.win32_1.0.100.202210260954/tools/bin/../lib/gcc/arm-none-eabi/10.3.1/thumb/v7e-m+fp/hard\libgcc.a
LOAD e:/tools/stm/cubeide/stm32cubeide_1.11.0/stm32cubeide/plugins/com.st.stm32cube.ide.mcu.externaltools.gnu-tools-for-stm32.10.3-2021.10.win32_1.0.100.202210260954/tools/bin/../lib/gcc/arm-none-eabi/10.3.1/../../../../arm-none-eabi/lib/thumb/v7e-m+fp/hard\libc_nano.a
LOAD e:/tools/stm/cubeide/stm32cubeide_1.11.0/stm32cubeide/plugins/com.st.stm32cube.ide.mcu.externaltools.gnu-tools-for-stm32.10.3-2021.10.win32_1.0.100.202210260954/tools/bin/../lib/gcc/arm-none-eabi/10.3.1/../../../../arm-none-eabi/lib/thumb/v7e-m+fp/hard\libnosys.a
END GROUP
LOAD e:/tools/stm/cubeide/stm32cubeide_1.11.0/stm32cubeide/plugins/com.st.stm32cube.ide.mcu.externaltools.gnu-tools-for-stm32.10.3-2021.10.win32_1.0.100.202210260954/tools/bin/../lib/gcc/arm-none-eabi/10.3.1/thumb/v7e-m+fp/hard/crtend.o
LOAD e:/tools/stm/cubeide/stm32cubeide_1.11.0/stm32cubeide/plugins/com.st.stm32cube.ide.mcu.externaltools.gnu-tools-for-stm32.10.3-2021.10.win32_1.0.100.202210260954/tools/bin/../lib/gcc/arm-none-eabi/10.3.1/thumb/v7e-m+fp/hard/crtn.o
                0x0000000020030000                _estack = (ORIGIN (RAM1) + LENGTH (RAM1))
                0x0000000000000200                _Min_Heap_Size = 0x200
                0x0000000000000400                _Min_Stack_Size = 0x400

.isr_vector     0x0000000008000000      0x13c
                0x0000000008000000                . = ALIGN (0x4)
 *(.isr_vector)
 .isr_vector    0x0000000008000000      0x13c ./Core/Startup/startup_stm32wb55rgvx.o
                0x0000000008000000                g_pfnVectors
                0x000000000800013c                . = ALIGN (0x4)

.text           0x0000000008000140    0x16fb8
                0x0000000008000140                . = ALIGN (0x4)
 *(.text)
 .text          0x0000000008000140       0x40 e:/tools/stm/cubeide/stm32cubeide_1.11.0/stm32cubeide/plugins/com.st.stm32cube.ide.mcu.externaltools.gnu-tools-for-stm32.10.3-2021.10.win32_1.0.100.202210260954/tools/bin/../lib/gcc/arm-none-eabi/10.3.1/thumb/v7e-m+fp/hard/crtbegin.o
 .text          0x0000000008000180       0xa0 e:/tools/stm/cubeide/stm32cubeide_1.11.0/stm32cubeide/plugins/com.st.stm32cube.ide.mcu.externaltools.gnu-tools-for-stm32.10.3-2021.10.win32_1.0.100.202210260954/tools/bin/../lib/gcc/arm-none-eabi/10.3.1/../../../../arm-none-eabi/lib/thumb/v7e-m+fp/hard\libc_nano.a(lib_a-memchr.o)
                0x0000000008000180                memchr
 .text          0x0000000008000220       0x30 e:/tools/stm/cubeide/stm32cubeide_1.11.0/stm32cubeide/plugins/com.st.stm32cube.ide.mcu.externaltools.gnu-tools-for-stm32.10.3-2021.10.win32_1.0.100.202210260954/tools/bin/../lib/gcc/arm-none-eabi/10.3.1/thumb/v7e-m+fp/hard\libgcc.a(_aeabi_uldivmod.o)
                0x0000000008000220                __aeabi_uldivmod
 .text          0x0000000008000250      0x2d0 e:/tools/stm/cubeide/stm32cubeide_1.11.0/stm32cubeide/plugins/com.st.stm32cube.ide.mcu.externaltools.gnu-tools-for-stm32.10.3-2021.10.win32_1.0.100.202210260954/tools/bin/../lib/gcc/arm-none-eabi/10.3.1/thumb/v7e-m+fp/hard\libgcc.a(_udivmoddi4.o)
                0x0000000008000250                __udivmoddi4
 .text          0x0000000008000520        0x4 e:/tools/stm/cubeide/stm32cubeide_1.11.0/stm32cubeide/plugins/com.st.stm32cube.ide.mcu.externaltools.gnu-tools-for-stm32.10.3-2021.10.win32_1.0.100.202210260954/tools/bin/../lib/gcc/arm-none-eabi/10.3.1/thumb/v7e-m+fp/hard\libgcc.a(_dvmd_tls.o)
                0x0000000008000520                __aeabi_idiv0
                0x0000000008000520                __aeabi_ldiv0
 *(.text*)
 .text.LL_AHB1_GRP1_EnableClock
                0x0000000008000524       0x32 ./Core/Src/main.o
 .text.LL_AHB2_GRP1_EnableClock
                0x0000000008000556       0x32 ./Core/Src/main.o
 .text.main     0x0000000008000588      0x2f4 ./Core/Src/main.o
                0x0000000008000588                main
 .text.SystemClock_Config
                0x000000000800087c       0xd0 ./Core/Src/main.o
                0x000000000800087c                SystemClock_Config
 .text.PeriphCommonClock_Config
                0x000000000800094c       0x40 ./Core/Src/main.o
                0x000000000800094c                PeriphCommonClock_Config
 .text.MX_IPCC_Init
                0x000000000800098c       0x28 ./Core/Src/main.o
 .text.MX_RF_Init
                0x00000000080009b4        0xe ./Core/Src/main.o
 *fill*         0x00000000080009c2        0x2 
 .text.MX_RNG_Init
                0x00000000080009c4       0x2c ./Core/Src/main.o
 .text.MX_RTC_Init
                0x00000000080009f0       0x64 ./Core/Src/main.o
 .text.MX_USART1_UART_Init
                0x0000000008000a54       0x98 ./Core/Src/main.o
 .text.MX_DMA_Init
                0x0000000008000aec       0x24 ./Core/Src/main.o
 .text.MX_GPIO_Init
                0x0000000008000b10       0xa4 ./Core/Src/main.o
 .text.sign_verify_test_assert
                0x0000000008000bb4       0xa0 ./Core/Src/main.o
 .text.__io_putchar
                0x0000000008000c54       0x24 ./Core/Src/main.o
                0x0000000008000c54                __io_putchar
 .text.__io_getchar
                0x0000000008000c78       0x3c ./Core/Src/main.o
                0x0000000008000c78                __io_getchar
 .text.Error_Handler
                0x0000000008000cb4       0x40 ./Core/Src/main.o
                0x0000000008000cb4                Error_Handler
 .text.LL_RCC_EnableRTC
                0x0000000008000cf4       0x22 ./Core/Src/stm32wbxx_hal_msp.o
 .text.LL_AHB2_GRP1_EnableClock
                0x0000000008000d16       0x32 ./Core/Src/stm32wbxx_hal_msp.o
 .text.LL_AHB3_GRP1_EnableClock
                0x0000000008000d48       0x32 ./Core/Src/stm32wbxx_hal_msp.o
 .text.LL_APB1_GRP1_EnableClock
                0x0000000008000d7a       0x32 ./Core/Src/stm32wbxx_hal_msp.o
 .text.LL_APB2_GRP1_EnableClock
                0x0000000008000dac       0x32 ./Core/Src/stm32wbxx_hal_msp.o
 .text.HAL_MspInit
                0x0000000008000dde       0x20 ./Core/Src/stm32wbxx_hal_msp.o
                0x0000000008000dde                HAL_MspInit
 *fill*         0x0000000008000dfe        0x2 
 .text.HAL_IPCC_MspInit
                0x0000000008000e00       0x48 ./Core/Src/stm32wbxx_hal_msp.o
                0x0000000008000e00                HAL_IPCC_MspInit
 .text.HAL_RNG_MspInit
                0x0000000008000e48       0x54 ./Core/Src/stm32wbxx_hal_msp.o
                0x0000000008000e48                HAL_RNG_MspInit
 .text.HAL_RTC_MspInit
                0x0000000008000e9c       0x58 ./Core/Src/stm32wbxx_hal_msp.o
                0x0000000008000e9c                HAL_RTC_MspInit
 .text.HAL_UART_MspInit
                0x0000000008000ef4       0xe4 ./Core/Src/stm32wbxx_hal_msp.o
                0x0000000008000ef4                HAL_UART_MspInit
 .text.NMI_Handler
                0x0000000008000fd8        0x6 ./Core/Src/stm32wbxx_it.o
                0x0000000008000fd8                NMI_Handler
 .text.HardFault_Handler
                0x0000000008000fde        0x6 ./Core/Src/stm32wbxx_it.o
                0x0000000008000fde                HardFault_Handler
 .text.MemManage_Handler
                0x0000000008000fe4        0x6 ./Core/Src/stm32wbxx_it.o
                0x0000000008000fe4                MemManage_Handler
 .text.BusFault_Handler
                0x0000000008000fea        0x6 ./Core/Src/stm32wbxx_it.o
                0x0000000008000fea                BusFault_Handler
 .text.UsageFault_Handler
                0x0000000008000ff0        0x6 ./Core/Src/stm32wbxx_it.o
                0x0000000008000ff0                UsageFault_Handler
 .text.SVC_Handler
                0x0000000008000ff6        0xe ./Core/Src/stm32wbxx_it.o
                0x0000000008000ff6                SVC_Handler
 .text.DebugMon_Handler
                0x0000000008001004        0xe ./Core/Src/stm32wbxx_it.o
                0x0000000008001004                DebugMon_Handler
 .text.PendSV_Handler
                0x0000000008001012        0xe ./Core/Src/stm32wbxx_it.o
                0x0000000008001012                PendSV_Handler
 .text.SysTick_Handler
                0x0000000008001020        0xc ./Core/Src/stm32wbxx_it.o
                0x0000000008001020                SysTick_Handler
 .text.DMA1_Channel1_IRQHandler
                0x000000000800102c       0x14 ./Core/Src/stm32wbxx_it.o
                0x000000000800102c                DMA1_Channel1_IRQHandler
 .text.USB_LP_IRQHandler
                0x0000000008001040       0x14 ./Core/Src/stm32wbxx_it.o
                0x0000000008001040                USB_LP_IRQHandler
 .text.IPCC_C1_RX_IRQHandler
                0x0000000008001054       0x14 ./Core/Src/stm32wbxx_it.o
                0x0000000008001054                IPCC_C1_RX_IRQHandler
 .text.IPCC_C1_TX_IRQHandler
                0x0000000008001068       0x14 ./Core/Src/stm32wbxx_it.o
                0x0000000008001068                IPCC_C1_TX_IRQHandler
 .text.HSEM_IRQHandler
                0x000000000800107c        0xc ./Core/Src/stm32wbxx_it.o
                0x000000000800107c                HSEM_IRQHandler
 .text._read    0x0000000008001088       0x3a ./Core/Src/syscalls.o
                0x0000000008001088                _read
 .text._write   0x00000000080010c2       0x38 ./Core/Src/syscalls.o
                0x00000000080010c2                _write
 .text._close   0x00000000080010fa       0x18 ./Core/Src/syscalls.o
                0x00000000080010fa                _close
 .text._fstat   0x0000000008001112       0x20 ./Core/Src/syscalls.o
                0x0000000008001112                _fstat
 .text._isatty  0x0000000008001132       0x16 ./Core/Src/syscalls.o
                0x0000000008001132                _isatty
 .text._lseek   0x0000000008001148       0x1a ./Core/Src/syscalls.o
                0x0000000008001148                _lseek
 *fill*         0x0000000008001162        0x2 
 .text._sbrk    0x0000000008001164       0x6c ./Core/Src/sysmem.o
                0x0000000008001164                _sbrk
 .text.SystemInit
                0x00000000080011d0       0xa4 ./Core/Src/system_stm32wbxx.o
                0x00000000080011d0                SystemInit
 .text.data_initializers
                0x0000000008001274       0x18 ./Core/Startup/startup_stm32wb55rgvx.o
 .text.Reset_Handler
                0x000000000800128c       0x58 ./Core/Startup/startup_stm32wb55rgvx.o
                0x000000000800128c                Reset_Handler
 .text.Default_Handler
                0x00000000080012e4        0x2 ./Core/Startup/startup_stm32wb55rgvx.o
                0x00000000080012e4                RTC_Alarm_IRQHandler
                0x00000000080012e4                EXTI2_IRQHandler
                0x00000000080012e4                TIM1_CC_IRQHandler
                0x00000000080012e4                TSC_IRQHandler
                0x00000000080012e4                USB_HP_IRQHandler
                0x00000000080012e4                EXTI3_IRQHandler
                0x00000000080012e4                LPTIM2_IRQHandler
                0x00000000080012e4                I2C3_ER_IRQHandler
                0x00000000080012e4                EXTI0_IRQHandler
                0x00000000080012e4                FPU_IRQHandler
                0x00000000080012e4                TIM1_UP_TIM16_IRQHandler
                0x00000000080012e4                AES1_IRQHandler
                0x00000000080012e4                SPI1_IRQHandler
                0x00000000080012e4                PWR_SOTF_BLEACT_802ACT_RFPHASE_IRQHandler
                0x00000000080012e4                DMA2_Channel2_IRQHandler
                0x00000000080012e4                DMA1_Channel4_IRQHandler
                0x00000000080012e4                ADC1_IRQHandler
                0x00000000080012e4                PKA_IRQHandler
                0x00000000080012e4                DMA1_Channel7_IRQHandler
                0x00000000080012e4                LCD_IRQHandler
                0x00000000080012e4                DMA2_Channel1_IRQHandler
                0x00000000080012e4                QUADSPI_IRQHandler
                0x00000000080012e4                I2C1_EV_IRQHandler
                0x00000000080012e4                DMAMUX1_OVR_IRQHandler
                0x00000000080012e4                DMA1_Channel6_IRQHandler
                0x00000000080012e4                DMA2_Channel4_IRQHandler
                0x00000000080012e4                RCC_IRQHandler
                0x00000000080012e4                Default_Handler
                0x00000000080012e4                DMA2_Channel7_IRQHandler
                0x00000000080012e4                EXTI15_10_IRQHandler
                0x00000000080012e4                C2SEV_PWR_C2H_IRQHandler
                0x00000000080012e4                AES2_IRQHandler
                0x00000000080012e4                I2C3_EV_IRQHandler
                0x00000000080012e4                EXTI9_5_IRQHandler
                0x00000000080012e4                RTC_WKUP_IRQHandler
                0x00000000080012e4                PVD_PVM_IRQHandler
                0x00000000080012e4                SPI2_IRQHandler
                0x00000000080012e4                DMA2_Channel5_IRQHandler
                0x00000000080012e4                CRS_IRQHandler
                0x00000000080012e4                DMA1_Channel5_IRQHandler
                0x00000000080012e4                EXTI4_IRQHandler
                0x00000000080012e4                RNG_IRQHandler
                0x00000000080012e4                TIM1_TRG_COM_TIM17_IRQHandler
                0x00000000080012e4                TAMP_STAMP_LSECSS_IRQHandler
                0x00000000080012e4                DMA1_Channel3_IRQHandler
                0x00000000080012e4                COMP_IRQHandler
                0x00000000080012e4                WWDG_IRQHandler
                0x00000000080012e4                LPUART1_IRQHandler
                0x00000000080012e4                DMA2_Channel6_IRQHandler
                0x00000000080012e4                TIM2_IRQHandler
                0x00000000080012e4                TIM1_BRK_IRQHandler
                0x00000000080012e4                EXTI1_IRQHandler
                0x00000000080012e4                DMA1_Channel2_IRQHandler
                0x00000000080012e4                FLASH_IRQHandler
                0x00000000080012e4                USART1_IRQHandler
                0x00000000080012e4                I2C1_ER_IRQHandler
                0x00000000080012e4                LPTIM1_IRQHandler
                0x00000000080012e4                SAI1_IRQHandler
                0x00000000080012e4                DMA2_Channel3_IRQHandler
 *fill*         0x00000000080012e6        0x2 
 .text.HAL_Init
                0x00000000080012e8       0x40 ./Drivers/STM32WBxx_HAL_Driver/Src/stm32wbxx_hal.o
                0x00000000080012e8                HAL_Init
 .text.HAL_InitTick
                0x0000000008001328       0x74 ./Drivers/STM32WBxx_HAL_Driver/Src/stm32wbxx_hal.o
                0x0000000008001328                HAL_InitTick
 .text.HAL_IncTick
                0x000000000800139c       0x28 ./Drivers/STM32WBxx_HAL_Driver/Src/stm32wbxx_hal.o
                0x000000000800139c                HAL_IncTick
 .text.HAL_GetTick
                0x00000000080013c4       0x18 ./Drivers/STM32WBxx_HAL_Driver/Src/stm32wbxx_hal.o
                0x00000000080013c4                HAL_GetTick
 .text.HAL_GetTickPrio
                0x00000000080013dc       0x18 ./Drivers/STM32WBxx_HAL_Driver/Src/stm32wbxx_hal.o
                0x00000000080013dc                HAL_GetTickPrio
 .text.HAL_Delay
                0x00000000080013f4       0x48 ./Drivers/STM32WBxx_HAL_Driver/Src/stm32wbxx_hal.o
                0x00000000080013f4                HAL_Delay
 .text.__NVIC_SetPriorityGrouping
                0x000000000800143c       0x48 ./Drivers/STM32WBxx_HAL_Driver/Src/stm32wbxx_hal_cortex.o
 .text.__NVIC_GetPriorityGrouping
                0x0000000008001484       0x1c ./Drivers/STM32WBxx_HAL_Driver/Src/stm32wbxx_hal_cortex.o
 .text.__NVIC_EnableIRQ
                0x00000000080014a0       0x3c ./Drivers/STM32WBxx_HAL_Driver/Src/stm32wbxx_hal_cortex.o
 .text.__NVIC_SetPriority
                0x00000000080014dc       0x54 ./Drivers/STM32WBxx_HAL_Driver/Src/stm32wbxx_hal_cortex.o
 .text.NVIC_EncodePriority
                0x0000000008001530       0x66 ./Drivers/STM32WBxx_HAL_Driver/Src/stm32wbxx_hal_cortex.o
 *fill*         0x0000000008001596        0x2 
 .text.SysTick_Config
                0x0000000008001598       0x44 ./Drivers/STM32WBxx_HAL_Driver/Src/stm32wbxx_hal_cortex.o
 .text.HAL_NVIC_SetPriorityGrouping
                0x00000000080015dc       0x16 ./Drivers/STM32WBxx_HAL_Driver/Src/stm32wbxx_hal_cortex.o
                0x00000000080015dc                HAL_NVIC_SetPriorityGrouping
 .text.HAL_NVIC_SetPriority
                0x00000000080015f2       0x34 ./Drivers/STM32WBxx_HAL_Driver/Src/stm32wbxx_hal_cortex.o
                0x00000000080015f2                HAL_NVIC_SetPriority
 .text.HAL_NVIC_EnableIRQ
                0x0000000008001626       0x1c ./Drivers/STM32WBxx_HAL_Driver/Src/stm32wbxx_hal_cortex.o
                0x0000000008001626                HAL_NVIC_EnableIRQ
 .text.HAL_SYSTICK_Config
                0x0000000008001642       0x18 ./Drivers/STM32WBxx_HAL_Driver/Src/stm32wbxx_hal_cortex.o
                0x0000000008001642                HAL_SYSTICK_Config
 *fill*         0x000000000800165a        0x2 
 .text.HAL_DMA_Init
                0x000000000800165c      0x150 ./Drivers/STM32WBxx_HAL_Driver/Src/stm32wbxx_hal_dma.o
                0x000000000800165c                HAL_DMA_Init
 .text.HAL_DMA_IRQHandler
                0x00000000080017ac      0x15e ./Drivers/STM32WBxx_HAL_Driver/Src/stm32wbxx_hal_dma.o
                0x00000000080017ac                HAL_DMA_IRQHandler
 *fill*         0x000000000800190a        0x2 
 .text.DMA_CalcDMAMUXChannelBaseAndMask
                0x000000000800190c       0x7c ./Drivers/STM32WBxx_HAL_Driver/Src/stm32wbxx_hal_dma.o
 .text.DMA_CalcDMAMUXRequestGenBaseAndMask
                0x0000000008001988       0x4c ./Drivers/STM32WBxx_HAL_Driver/Src/stm32wbxx_hal_dma.o
 .text.HAL_GPIO_Init
                0x00000000080019d4      0x2e0 ./Drivers/STM32WBxx_HAL_Driver/Src/stm32wbxx_hal_gpio.o
                0x00000000080019d4                HAL_GPIO_Init
 .text.HAL_GPIO_WritePin
                0x0000000008001cb4       0x30 ./Drivers/STM32WBxx_HAL_Driver/Src/stm32wbxx_hal_gpio.o
                0x0000000008001cb4                HAL_GPIO_WritePin
 .text.HAL_GPIO_TogglePin
                0x0000000008001ce4       0x34 ./Drivers/STM32WBxx_HAL_Driver/Src/stm32wbxx_hal_gpio.o
                0x0000000008001ce4                HAL_GPIO_TogglePin
 .text.HAL_HSEM_IRQHandler
                0x0000000008001d18       0x34 ./Drivers/STM32WBxx_HAL_Driver/Src/stm32wbxx_hal_hsem.o
                0x0000000008001d18                HAL_HSEM_IRQHandler
 .text.HAL_HSEM_FreeCallback
                0x0000000008001d4c       0x14 ./Drivers/STM32WBxx_HAL_Driver/Src/stm32wbxx_hal_hsem.o
                0x0000000008001d4c                HAL_HSEM_FreeCallback
 .text.HAL_IPCC_Init
                0x0000000008001d60       0x64 ./Drivers/STM32WBxx_HAL_Driver/Src/stm32wbxx_hal_ipcc.o
                0x0000000008001d60                HAL_IPCC_Init
 .text.HAL_IPCC_TX_IRQHandler
                0x0000000008001dc4       0x9c ./Drivers/STM32WBxx_HAL_Driver/Src/stm32wbxx_hal_ipcc.o
                0x0000000008001dc4                HAL_IPCC_TX_IRQHandler
 .text.HAL_IPCC_RX_IRQHandler
                0x0000000008001e60       0x98 ./Drivers/STM32WBxx_HAL_Driver/Src/stm32wbxx_hal_ipcc.o
                0x0000000008001e60                HAL_IPCC_RX_IRQHandler
 .text.HAL_IPCC_RxCallback
                0x0000000008001ef8       0x1a ./Drivers/STM32WBxx_HAL_Driver/Src/stm32wbxx_hal_ipcc.o
                0x0000000008001ef8                HAL_IPCC_RxCallback
 .text.HAL_IPCC_TxCallback
                0x0000000008001f12       0x1a ./Drivers/STM32WBxx_HAL_Driver/Src/stm32wbxx_hal_ipcc.o
                0x0000000008001f12                HAL_IPCC_TxCallback
 .text.IPCC_SetDefaultCallbacks
                0x0000000008001f2c       0x4c ./Drivers/STM32WBxx_HAL_Driver/Src/stm32wbxx_hal_ipcc.o
                0x0000000008001f2c                IPCC_SetDefaultCallbacks
 .text.IPCC_Reset_Register
                0x0000000008001f78       0x28 ./Drivers/STM32WBxx_HAL_Driver/Src/stm32wbxx_hal_ipcc.o
                0x0000000008001f78                IPCC_Reset_Register
 .text.HAL_PCD_Init
                0x0000000008001fa0      0x1b2 ./Drivers/STM32WBxx_HAL_Driver/Src/stm32wbxx_hal_pcd.o
                0x0000000008001fa0                HAL_PCD_Init
 .text.HAL_PCD_Start
                0x0000000008002152       0x44 ./Drivers/STM32WBxx_HAL_Driver/Src/stm32wbxx_hal_pcd.o
                0x0000000008002152                HAL_PCD_Start
 .text.HAL_PCD_IRQHandler
                0x0000000008002196      0x24e ./Drivers/STM32WBxx_HAL_Driver/Src/stm32wbxx_hal_pcd.o
                0x0000000008002196                HAL_PCD_IRQHandler
 .text.HAL_PCD_SetAddress
                0x00000000080023e4       0x4a ./Drivers/STM32WBxx_HAL_Driver/Src/stm32wbxx_hal_pcd.o
                0x00000000080023e4                HAL_PCD_SetAddress
 .text.HAL_PCD_EP_Open
                0x000000000800242e       0xba ./Drivers/STM32WBxx_HAL_Driver/Src/stm32wbxx_hal_pcd.o
                0x000000000800242e                HAL_PCD_EP_Open
 .text.HAL_PCD_EP_Close
                0x00000000080024e8       0x90 ./Drivers/STM32WBxx_HAL_Driver/Src/stm32wbxx_hal_pcd.o
                0x00000000080024e8                HAL_PCD_EP_Close
 .text.HAL_PCD_EP_Receive
                0x0000000008002578       0x62 ./Drivers/STM32WBxx_HAL_Driver/Src/stm32wbxx_hal_pcd.o
                0x0000000008002578                HAL_PCD_EP_Receive
 .text.HAL_PCD_EP_GetRxCount
                0x00000000080025da       0x30 ./Drivers/STM32WBxx_HAL_Driver/Src/stm32wbxx_hal_pcd.o
                0x00000000080025da                HAL_PCD_EP_GetRxCount
 .text.HAL_PCD_EP_Transmit
                0x000000000800260a       0x6e ./Drivers/STM32WBxx_HAL_Driver/Src/stm32wbxx_hal_pcd.o
                0x000000000800260a                HAL_PCD_EP_Transmit
 .text.HAL_PCD_EP_SetStall
                0x0000000008002678       0xa4 ./Drivers/STM32WBxx_HAL_Driver/Src/stm32wbxx_hal_pcd.o
                0x0000000008002678                HAL_PCD_EP_SetStall
 .text.HAL_PCD_EP_ClrStall
                0x000000000800271c       0xa8 ./Drivers/STM32WBxx_HAL_Driver/Src/stm32wbxx_hal_pcd.o
                0x000000000800271c                HAL_PCD_EP_ClrStall
 .text.PCD_EP_ISR_Handler
                0x00000000080027c4      0x78a ./Drivers/STM32WBxx_HAL_Driver/Src/stm32wbxx_hal_pcd.o
 .text.HAL_PCD_EP_DB_Receive
                0x0000000008002f4e      0x212 ./Drivers/STM32WBxx_HAL_Driver/Src/stm32wbxx_hal_pcd.o
 .text.HAL_PCD_EP_DB_Transmit
                0x0000000008003160      0x7ec ./Drivers/STM32WBxx_HAL_Driver/Src/stm32wbxx_hal_pcd.o
 .text.HAL_PCDEx_PMAConfig
                0x000000000800394c       0x86 ./Drivers/STM32WBxx_HAL_Driver/Src/stm32wbxx_hal_pcd_ex.o
                0x000000000800394c                HAL_PCDEx_PMAConfig
 .text.HAL_PCDEx_ActivateLPM
                0x00000000080039d2       0x54 ./Drivers/STM32WBxx_HAL_Driver/Src/stm32wbxx_hal_pcd_ex.o
                0x00000000080039d2                HAL_PCDEx_ActivateLPM
 *fill*         0x0000000008003a26        0x2 
 .text.HAL_PWR_EnableBkUpAccess
                0x0000000008003a28       0x20 ./Drivers/STM32WBxx_HAL_Driver/Src/stm32wbxx_hal_pwr.o
                0x0000000008003a28                HAL_PWR_EnableBkUpAccess
 .text.HAL_PWREx_GetVoltageRange
                0x0000000008003a48       0x1c ./Drivers/STM32WBxx_HAL_Driver/Src/stm32wbxx_hal_pwr_ex.o
                0x0000000008003a48                HAL_PWREx_GetVoltageRange
 .text.HAL_PWREx_EnableVddUSB
                0x0000000008003a64       0x20 ./Drivers/STM32WBxx_HAL_Driver/Src/stm32wbxx_hal_pwr_ex.o
                0x0000000008003a64                HAL_PWREx_EnableVddUSB
 .text.LL_RCC_HSE_IsEnabledDiv2
                0x0000000008003a84       0x24 ./Drivers/STM32WBxx_HAL_Driver/Src/stm32wbxx_hal_rcc.o
 .text.LL_RCC_HSE_Enable
                0x0000000008003aa8       0x1e ./Drivers/STM32WBxx_HAL_Driver/Src/stm32wbxx_hal_rcc.o
 .text.LL_RCC_HSE_Disable
                0x0000000008003ac6       0x1e ./Drivers/STM32WBxx_HAL_Driver/Src/stm32wbxx_hal_rcc.o
 .text.LL_RCC_HSE_IsReady
                0x0000000008003ae4       0x24 ./Drivers/STM32WBxx_HAL_Driver/Src/stm32wbxx_hal_rcc.o
 .text.LL_RCC_HSI_Enable
                0x0000000008003b08       0x1e ./Drivers/STM32WBxx_HAL_Driver/Src/stm32wbxx_hal_rcc.o
 .text.LL_RCC_HSI_Disable
                0x0000000008003b26       0x1e ./Drivers/STM32WBxx_HAL_Driver/Src/stm32wbxx_hal_rcc.o
 .text.LL_RCC_HSI_IsReady
                0x0000000008003b44       0x24 ./Drivers/STM32WBxx_HAL_Driver/Src/stm32wbxx_hal_rcc.o
 .text.LL_RCC_HSI_SetCalibTrimming
                0x0000000008003b68       0x2a ./Drivers/STM32WBxx_HAL_Driver/Src/stm32wbxx_hal_rcc.o
 .text.LL_RCC_HSI48_Enable
                0x0000000008003b92       0x22 ./Drivers/STM32WBxx_HAL_Driver/Src/stm32wbxx_hal_rcc.o
 .text.LL_RCC_HSI48_Disable
                0x0000000008003bb4       0x22 ./Drivers/STM32WBxx_HAL_Driver/Src/stm32wbxx_hal_rcc.o
 .text.LL_RCC_HSI48_IsReady
                0x0000000008003bd6       0x24 ./Drivers/STM32WBxx_HAL_Driver/Src/stm32wbxx_hal_rcc.o
 .text.LL_RCC_LSE_Enable
                0x0000000008003bfa       0x22 ./Drivers/STM32WBxx_HAL_Driver/Src/stm32wbxx_hal_rcc.o
 .text.LL_RCC_LSE_Disable
                0x0000000008003c1c       0x22 ./Drivers/STM32WBxx_HAL_Driver/Src/stm32wbxx_hal_rcc.o
 .text.LL_RCC_LSE_EnableBypass
                0x0000000008003c3e       0x22 ./Drivers/STM32WBxx_HAL_Driver/Src/stm32wbxx_hal_rcc.o
 .text.LL_RCC_LSE_DisableBypass
                0x0000000008003c60       0x22 ./Drivers/STM32WBxx_HAL_Driver/Src/stm32wbxx_hal_rcc.o
 .text.LL_RCC_LSE_IsReady
                0x0000000008003c82       0x24 ./Drivers/STM32WBxx_HAL_Driver/Src/stm32wbxx_hal_rcc.o
 .text.LL_RCC_LSI1_Enable
                0x0000000008003ca6       0x22 ./Drivers/STM32WBxx_HAL_Driver/Src/stm32wbxx_hal_rcc.o
 .text.LL_RCC_LSI1_Disable
                0x0000000008003cc8       0x22 ./Drivers/STM32WBxx_HAL_Driver/Src/stm32wbxx_hal_rcc.o
 .text.LL_RCC_LSI1_IsReady
                0x0000000008003cea       0x24 ./Drivers/STM32WBxx_HAL_Driver/Src/stm32wbxx_hal_rcc.o
 .text.LL_RCC_LSI2_Enable
                0x0000000008003d0e       0x22 ./Drivers/STM32WBxx_HAL_Driver/Src/stm32wbxx_hal_rcc.o
 .text.LL_RCC_LSI2_Disable
                0x0000000008003d30       0x22 ./Drivers/STM32WBxx_HAL_Driver/Src/stm32wbxx_hal_rcc.o
 .text.LL_RCC_LSI2_IsReady
                0x0000000008003d52       0x24 ./Drivers/STM32WBxx_HAL_Driver/Src/stm32wbxx_hal_rcc.o
 .text.LL_RCC_LSI2_SetTrimming
                0x0000000008003d76       0x2e ./Drivers/STM32WBxx_HAL_Driver/Src/stm32wbxx_hal_rcc.o
 .text.LL_RCC_MSI_Enable
                0x0000000008003da4       0x1e ./Drivers/STM32WBxx_HAL_Driver/Src/stm32wbxx_hal_rcc.o
 .text.LL_RCC_MSI_Disable
                0x0000000008003dc2       0x1e ./Drivers/STM32WBxx_HAL_Driver/Src/stm32wbxx_hal_rcc.o
 .text.LL_RCC_MSI_IsReady
                0x0000000008003de0       0x22 ./Drivers/STM32WBxx_HAL_Driver/Src/stm32wbxx_hal_rcc.o
 .text.LL_RCC_MSI_SetRange
                0x0000000008003e02       0x28 ./Drivers/STM32WBxx_HAL_Driver/Src/stm32wbxx_hal_rcc.o
 .text.LL_RCC_MSI_GetRange
                0x0000000008003e2a       0x2a ./Drivers/STM32WBxx_HAL_Driver/Src/stm32wbxx_hal_rcc.o
 .text.LL_RCC_MSI_SetCalibTrimming
                0x0000000008003e54       0x2a ./Drivers/STM32WBxx_HAL_Driver/Src/stm32wbxx_hal_rcc.o
 .text.LL_RCC_SetSysClkSource
                0x0000000008003e7e       0x28 ./Drivers/STM32WBxx_HAL_Driver/Src/stm32wbxx_hal_rcc.o
 .text.LL_RCC_GetSysClkSource
                0x0000000008003ea6       0x18 ./Drivers/STM32WBxx_HAL_Driver/Src/stm32wbxx_hal_rcc.o
 .text.LL_RCC_SetAHBPrescaler
                0x0000000008003ebe       0x28 ./Drivers/STM32WBxx_HAL_Driver/Src/stm32wbxx_hal_rcc.o
 .text.LL_C2_RCC_SetAHBPrescaler
                0x0000000008003ee6       0x2c ./Drivers/STM32WBxx_HAL_Driver/Src/stm32wbxx_hal_rcc.o
 .text.LL_RCC_SetAHB4Prescaler
                0x0000000008003f12       0x2e ./Drivers/STM32WBxx_HAL_Driver/Src/stm32wbxx_hal_rcc.o
 .text.LL_RCC_SetAPB1Prescaler
                0x0000000008003f40       0x28 ./Drivers/STM32WBxx_HAL_Driver/Src/stm32wbxx_hal_rcc.o
 .text.LL_RCC_SetAPB2Prescaler
                0x0000000008003f68       0x28 ./Drivers/STM32WBxx_HAL_Driver/Src/stm32wbxx_hal_rcc.o
 .text.LL_RCC_GetAHBPrescaler
                0x0000000008003f90       0x18 ./Drivers/STM32WBxx_HAL_Driver/Src/stm32wbxx_hal_rcc.o
 .text.LL_RCC_GetAHB4Prescaler
                0x0000000008003fa8       0x1c ./Drivers/STM32WBxx_HAL_Driver/Src/stm32wbxx_hal_rcc.o
 .text.LL_RCC_GetAPB1Prescaler
                0x0000000008003fc4       0x18 ./Drivers/STM32WBxx_HAL_Driver/Src/stm32wbxx_hal_rcc.o
 .text.LL_RCC_GetAPB2Prescaler
                0x0000000008003fdc       0x18 ./Drivers/STM32WBxx_HAL_Driver/Src/stm32wbxx_hal_rcc.o
 .text.LL_RCC_PLL_Enable
                0x0000000008003ff4       0x1e ./Drivers/STM32WBxx_HAL_Driver/Src/stm32wbxx_hal_rcc.o
 .text.LL_RCC_PLL_Disable
                0x0000000008004012       0x1e ./Drivers/STM32WBxx_HAL_Driver/Src/stm32wbxx_hal_rcc.o
 .text.LL_RCC_PLL_IsReady
                0x0000000008004030       0x24 ./Drivers/STM32WBxx_HAL_Driver/Src/stm32wbxx_hal_rcc.o
 .text.LL_RCC_PLL_GetN
                0x0000000008004054       0x1a ./Drivers/STM32WBxx_HAL_Driver/Src/stm32wbxx_hal_rcc.o
 .text.LL_RCC_PLL_GetR
                0x000000000800406e       0x18 ./Drivers/STM32WBxx_HAL_Driver/Src/stm32wbxx_hal_rcc.o
 .text.LL_RCC_PLL_GetDivider
                0x0000000008004086       0x18 ./Drivers/STM32WBxx_HAL_Driver/Src/stm32wbxx_hal_rcc.o
 .text.LL_RCC_PLL_GetMainSource
                0x000000000800409e       0x18 ./Drivers/STM32WBxx_HAL_Driver/Src/stm32wbxx_hal_rcc.o
 .text.LL_RCC_IsActiveFlag_HPRE
                0x00000000080040b6       0x24 ./Drivers/STM32WBxx_HAL_Driver/Src/stm32wbxx_hal_rcc.o
 .text.LL_RCC_IsActiveFlag_C2HPRE
                0x00000000080040da       0x26 ./Drivers/STM32WBxx_HAL_Driver/Src/stm32wbxx_hal_rcc.o
 .text.LL_RCC_IsActiveFlag_SHDHPRE
                0x0000000008004100       0x26 ./Drivers/STM32WBxx_HAL_Driver/Src/stm32wbxx_hal_rcc.o
 .text.LL_RCC_IsActiveFlag_PPRE1
                0x0000000008004126       0x24 ./Drivers/STM32WBxx_HAL_Driver/Src/stm32wbxx_hal_rcc.o
 .text.LL_RCC_IsActiveFlag_PPRE2
                0x000000000800414a       0x24 ./Drivers/STM32WBxx_HAL_Driver/Src/stm32wbxx_hal_rcc.o
 *fill*         0x000000000800416e        0x2 
 .text.HAL_RCC_OscConfig
                0x0000000008004170      0x6e8 ./Drivers/STM32WBxx_HAL_Driver/Src/stm32wbxx_hal_rcc.o
                0x0000000008004170                HAL_RCC_OscConfig
 .text.HAL_RCC_ClockConfig
                0x0000000008004858      0x280 ./Drivers/STM32WBxx_HAL_Driver/Src/stm32wbxx_hal_rcc.o
                0x0000000008004858                HAL_RCC_ClockConfig
 .text.HAL_RCC_GetSysClockFreq
                0x0000000008004ad8       0xd8 ./Drivers/STM32WBxx_HAL_Driver/Src/stm32wbxx_hal_rcc.o
                0x0000000008004ad8                HAL_RCC_GetSysClockFreq
 .text.HAL_RCC_GetHCLKFreq
                0x0000000008004bb0       0x28 ./Drivers/STM32WBxx_HAL_Driver/Src/stm32wbxx_hal_rcc.o
                0x0000000008004bb0                HAL_RCC_GetHCLKFreq
 .text.HAL_RCC_GetPCLK1Freq
                0x0000000008004bd8       0x2c ./Drivers/STM32WBxx_HAL_Driver/Src/stm32wbxx_hal_rcc.o
                0x0000000008004bd8                HAL_RCC_GetPCLK1Freq
 .text.HAL_RCC_GetPCLK2Freq
                0x0000000008004c04       0x2c ./Drivers/STM32WBxx_HAL_Driver/Src/stm32wbxx_hal_rcc.o
                0x0000000008004c04                HAL_RCC_GetPCLK2Freq
 .text.RCC_SetFlashLatencyFromMSIRange
                0x0000000008004c30       0x70 ./Drivers/STM32WBxx_HAL_Driver/Src/stm32wbxx_hal_rcc.o
 .text.RCC_SetFlashLatency
                0x0000000008004ca0       0xf8 ./Drivers/STM32WBxx_HAL_Driver/Src/stm32wbxx_hal_rcc.o
 .text.LL_RCC_LSE_IsEnabled
                0x0000000008004d98       0x24 ./Drivers/STM32WBxx_HAL_Driver/Src/stm32wbxx_hal_rcc_ex.o
 .text.LL_RCC_LSE_IsReady
                0x0000000008004dbc       0x24 ./Drivers/STM32WBxx_HAL_Driver/Src/stm32wbxx_hal_rcc_ex.o
 .text.LL_RCC_SetRFWKPClockSource
                0x0000000008004de0       0x2c ./Drivers/STM32WBxx_HAL_Driver/Src/stm32wbxx_hal_rcc_ex.o
 .text.LL_RCC_SetSMPSClockSource
                0x0000000008004e0c       0x28 ./Drivers/STM32WBxx_HAL_Driver/Src/stm32wbxx_hal_rcc_ex.o
 .text.LL_RCC_SetSMPSPrescaler
                0x0000000008004e34       0x28 ./Drivers/STM32WBxx_HAL_Driver/Src/stm32wbxx_hal_rcc_ex.o
 .text.LL_RCC_SetUSARTClockSource
                0x0000000008004e5c       0x2c ./Drivers/STM32WBxx_HAL_Driver/Src/stm32wbxx_hal_rcc_ex.o
 .text.LL_RCC_SetLPUARTClockSource
                0x0000000008004e88       0x2c ./Drivers/STM32WBxx_HAL_Driver/Src/stm32wbxx_hal_rcc_ex.o
 .text.LL_RCC_SetI2CClockSource
                0x0000000008004eb4       0x3a ./Drivers/STM32WBxx_HAL_Driver/Src/stm32wbxx_hal_rcc_ex.o
 .text.LL_RCC_SetLPTIMClockSource
                0x0000000008004eee       0x34 ./Drivers/STM32WBxx_HAL_Driver/Src/stm32wbxx_hal_rcc_ex.o
 .text.LL_RCC_SetSAIClockSource
                0x0000000008004f22       0x2c ./Drivers/STM32WBxx_HAL_Driver/Src/stm32wbxx_hal_rcc_ex.o
 .text.LL_RCC_SetRNGClockSource
                0x0000000008004f4e       0x2c ./Drivers/STM32WBxx_HAL_Driver/Src/stm32wbxx_hal_rcc_ex.o
 .text.LL_RCC_SetCLK48ClockSource
                0x0000000008004f7a       0x2c ./Drivers/STM32WBxx_HAL_Driver/Src/stm32wbxx_hal_rcc_ex.o
 .text.LL_RCC_SetUSBClockSource
                0x0000000008004fa6       0x16 ./Drivers/STM32WBxx_HAL_Driver/Src/stm32wbxx_hal_rcc_ex.o
 .text.LL_RCC_SetADCClockSource
                0x0000000008004fbc       0x2c ./Drivers/STM32WBxx_HAL_Driver/Src/stm32wbxx_hal_rcc_ex.o
 .text.LL_RCC_SetRTCClockSource
                0x0000000008004fe8       0x2c ./Drivers/STM32WBxx_HAL_Driver/Src/stm32wbxx_hal_rcc_ex.o
 .text.LL_RCC_GetRTCClockSource
                0x0000000008005014       0x1a ./Drivers/STM32WBxx_HAL_Driver/Src/stm32wbxx_hal_rcc_ex.o
 .text.LL_RCC_ForceBackupDomainReset
                0x000000000800502e       0x22 ./Drivers/STM32WBxx_HAL_Driver/Src/stm32wbxx_hal_rcc_ex.o
 .text.LL_RCC_ReleaseBackupDomainReset
                0x0000000008005050       0x22 ./Drivers/STM32WBxx_HAL_Driver/Src/stm32wbxx_hal_rcc_ex.o
 .text.LL_RCC_PLLSAI1_Enable
                0x0000000008005072       0x1e ./Drivers/STM32WBxx_HAL_Driver/Src/stm32wbxx_hal_rcc_ex.o
 .text.LL_RCC_PLLSAI1_Disable
                0x0000000008005090       0x1e ./Drivers/STM32WBxx_HAL_Driver/Src/stm32wbxx_hal_rcc_ex.o
 .text.LL_RCC_PLLSAI1_IsReady
                0x00000000080050ae       0x24 ./Drivers/STM32WBxx_HAL_Driver/Src/stm32wbxx_hal_rcc_ex.o
 .text.HAL_RCCEx_PeriphCLKConfig
                0x00000000080050d2      0x2ec ./Drivers/STM32WBxx_HAL_Driver/Src/stm32wbxx_hal_rcc_ex.o
                0x00000000080050d2                HAL_RCCEx_PeriphCLKConfig
 .text.RCCEx_PLLSAI1_ConfigNP
                0x00000000080053be       0xb6 ./Drivers/STM32WBxx_HAL_Driver/Src/stm32wbxx_hal_rcc_ex.o
 .text.RCCEx_PLLSAI1_ConfigNQ
                0x0000000008005474       0xb6 ./Drivers/STM32WBxx_HAL_Driver/Src/stm32wbxx_hal_rcc_ex.o
 .text.RCCEx_PLLSAI1_ConfigNR
                0x000000000800552a       0xb6 ./Drivers/STM32WBxx_HAL_Driver/Src/stm32wbxx_hal_rcc_ex.o
 .text.HAL_RNG_Init
                0x00000000080055e0       0x6a ./Drivers/STM32WBxx_HAL_Driver/Src/stm32wbxx_hal_rng.o
                0x00000000080055e0                HAL_RNG_Init
 .text.HAL_RNG_GenerateRandomNumber
                0x000000000800564a       0xac ./Drivers/STM32WBxx_HAL_Driver/Src/stm32wbxx_hal_rng.o
                0x000000000800564a                HAL_RNG_GenerateRandomNumber
 *fill*         0x00000000080056f6        0x2 
 .text.HAL_RTC_Init
                0x00000000080056f8      0x160 ./Drivers/STM32WBxx_HAL_Driver/Src/stm32wbxx_hal_rtc.o
                0x00000000080056f8                HAL_RTC_Init
 .text.HAL_RTC_WaitForSynchro
                0x0000000008005858       0x4c ./Drivers/STM32WBxx_HAL_Driver/Src/stm32wbxx_hal_rtc.o
                0x0000000008005858                HAL_RTC_WaitForSynchro
 .text.RTC_EnterInitMode
                0x00000000080058a4       0x54 ./Drivers/STM32WBxx_HAL_Driver/Src/stm32wbxx_hal_rtc.o
                0x00000000080058a4                RTC_EnterInitMode
 .text.HAL_RTCEx_SetWakeUpTimer
                0x00000000080058f8      0x136 ./Drivers/STM32WBxx_HAL_Driver/Src/stm32wbxx_hal_rtc_ex.o
                0x00000000080058f8                HAL_RTCEx_SetWakeUpTimer
 .text.LL_RCC_GetUSARTClockSource
                0x0000000008005a2e       0x20 ./Drivers/STM32WBxx_HAL_Driver/Src/stm32wbxx_hal_uart.o
 .text.LL_RCC_GetLPUARTClockSource
                0x0000000008005a4e       0x20 ./Drivers/STM32WBxx_HAL_Driver/Src/stm32wbxx_hal_uart.o
 .text.HAL_UART_Init
                0x0000000008005a6e       0xa0 ./Drivers/STM32WBxx_HAL_Driver/Src/stm32wbxx_hal_uart.o
                0x0000000008005a6e                HAL_UART_Init
 .text.HAL_UART_Transmit
                0x0000000008005b0e      0x10c ./Drivers/STM32WBxx_HAL_Driver/Src/stm32wbxx_hal_uart.o
                0x0000000008005b0e                HAL_UART_Transmit
 .text.HAL_UART_Receive
                0x0000000008005c1a      0x188 ./Drivers/STM32WBxx_HAL_Driver/Src/stm32wbxx_hal_uart.o
                0x0000000008005c1a                HAL_UART_Receive
 *fill*         0x0000000008005da2        0x2 
 .text.UART_SetConfig
                0x0000000008005da4      0x450 ./Drivers/STM32WBxx_HAL_Driver/Src/stm32wbxx_hal_uart.o
                0x0000000008005da4                UART_SetConfig
 .text.UART_AdvFeatureConfig
                0x00000000080061f4      0x144 ./Drivers/STM32WBxx_HAL_Driver/Src/stm32wbxx_hal_uart.o
                0x00000000080061f4                UART_AdvFeatureConfig
 .text.UART_CheckIdleState
                0x0000000008006338       0x9c ./Drivers/STM32WBxx_HAL_Driver/Src/stm32wbxx_hal_uart.o
                0x0000000008006338                UART_CheckIdleState
 .text.UART_WaitOnFlagUntilTimeout
                0x00000000080063d4      0x190 ./Drivers/STM32WBxx_HAL_Driver/Src/stm32wbxx_hal_uart.o
                0x00000000080063d4                UART_WaitOnFlagUntilTimeout
 .text.HAL_UARTEx_DisableFifoMode
                0x0000000008006564       0x72 ./Drivers/STM32WBxx_HAL_Driver/Src/stm32wbxx_hal_uart_ex.o
                0x0000000008006564                HAL_UARTEx_DisableFifoMode
 .text.HAL_UARTEx_SetTxFifoThreshold
                0x00000000080065d6       0x7c ./Drivers/STM32WBxx_HAL_Driver/Src/stm32wbxx_hal_uart_ex.o
                0x00000000080065d6                HAL_UARTEx_SetTxFifoThreshold
 .text.HAL_UARTEx_SetRxFifoThreshold
                0x0000000008006652       0x7c ./Drivers/STM32WBxx_HAL_Driver/Src/stm32wbxx_hal_uart_ex.o
                0x0000000008006652                HAL_UARTEx_SetRxFifoThreshold
 *fill*         0x00000000080066ce        0x2 
 .text.UARTEx_SetNbDataToProcess
                0x00000000080066d0       0x9c ./Drivers/STM32WBxx_HAL_Driver/Src/stm32wbxx_hal_uart_ex.o
 .text.USB_EnableGlobalInt
                0x000000000800676c       0x2e ./Drivers/STM32WBxx_HAL_Driver/Src/stm32wbxx_ll_usb.o
                0x000000000800676c                USB_EnableGlobalInt
 .text.USB_DisableGlobalInt
                0x000000000800679a       0x36 ./Drivers/STM32WBxx_HAL_Driver/Src/stm32wbxx_ll_usb.o
                0x000000000800679a                USB_DisableGlobalInt
 .text.USB_DevInit
                0x00000000080067d0       0x42 ./Drivers/STM32WBxx_HAL_Driver/Src/stm32wbxx_ll_usb.o
                0x00000000080067d0                USB_DevInit
 *fill*         0x0000000008006812        0x2 
 .text.USB_ActivateEndpoint
                0x0000000008006814      0x788 ./Drivers/STM32WBxx_HAL_Driver/Src/stm32wbxx_ll_usb.o
                0x0000000008006814                USB_ActivateEndpoint
 .text.USB_DeactivateEndpoint
                0x0000000008006f9c      0x3da ./Drivers/STM32WBxx_HAL_Driver/Src/stm32wbxx_ll_usb.o
                0x0000000008006f9c                USB_DeactivateEndpoint
 .text.USB_EPStartXfer
                0x0000000008007376     0x1762 ./Drivers/STM32WBxx_HAL_Driver/Src/stm32wbxx_ll_usb.o
                0x0000000008007376                USB_EPStartXfer
 .text.USB_EPSetStall
                0x0000000008008ad8       0xa2 ./Drivers/STM32WBxx_HAL_Driver/Src/stm32wbxx_ll_usb.o
                0x0000000008008ad8                USB_EPSetStall
 .text.USB_EPClearStall
                0x0000000008008b7a      0x15c ./Drivers/STM32WBxx_HAL_Driver/Src/stm32wbxx_ll_usb.o
                0x0000000008008b7a                USB_EPClearStall
 .text.USB_SetDevAddress
                0x0000000008008cd6       0x28 ./Drivers/STM32WBxx_HAL_Driver/Src/stm32wbxx_ll_usb.o
                0x0000000008008cd6                USB_SetDevAddress
 .text.USB_DevConnect
                0x0000000008008cfe       0x2e ./Drivers/STM32WBxx_HAL_Driver/Src/stm32wbxx_ll_usb.o
                0x0000000008008cfe                USB_DevConnect
 .text.USB_ReadInterrupts
                0x0000000008008d2c       0x20 ./Drivers/STM32WBxx_HAL_Driver/Src/stm32wbxx_ll_usb.o
                0x0000000008008d2c                USB_ReadInterrupts
 .text.USB_WritePMA
                0x0000000008008d4c       0x84 ./Drivers/STM32WBxx_HAL_Driver/Src/stm32wbxx_ll_usb.o
                0x0000000008008d4c                USB_WritePMA
 .text.USB_ReadPMA
                0x0000000008008dd0       0x98 ./Drivers/STM32WBxx_HAL_Driver/Src/stm32wbxx_ll_usb.o
                0x0000000008008dd0                USB_ReadPMA
 .text.USBD_CDC_Init
                0x0000000008008e68      0x1f0 ./Middlewares/ST/STM32_USB_Device_Library/Class/CDC/Src/usbd_cdc.o
 .text.USBD_CDC_DeInit
                0x0000000008009058      0x104 ./Middlewares/ST/STM32_USB_Device_Library/Class/CDC/Src/usbd_cdc.o
 .text.USBD_CDC_Setup
                0x000000000800915c      0x1b8 ./Middlewares/ST/STM32_USB_Device_Library/Class/CDC/Src/usbd_cdc.o
 .text.USBD_CDC_DataIn
                0x0000000008009314       0xfe ./Middlewares/ST/STM32_USB_Device_Library/Class/CDC/Src/usbd_cdc.o
 .text.USBD_CDC_DataOut
                0x0000000008009412       0x70 ./Middlewares/ST/STM32_USB_Device_Library/Class/CDC/Src/usbd_cdc.o
 .text.USBD_CDC_EP0_RxReady
                0x0000000008009482       0x76 ./Middlewares/ST/STM32_USB_Device_Library/Class/CDC/Src/usbd_cdc.o
 .text.USBD_CDC_GetFSCfgDesc
                0x00000000080094f8       0x70 ./Middlewares/ST/STM32_USB_Device_Library/Class/CDC/Src/usbd_cdc.o
 .text.USBD_CDC_GetHSCfgDesc
                0x0000000008009568       0x70 ./Middlewares/ST/STM32_USB_Device_Library/Class/CDC/Src/usbd_cdc.o
 .text.USBD_CDC_GetOtherSpeedCfgDesc
                0x00000000080095d8       0x70 ./Middlewares/ST/STM32_USB_Device_Library/Class/CDC/Src/usbd_cdc.o
 .text.USBD_CDC_GetDeviceQualifierDescriptor
                0x0000000008009648       0x20 ./Middlewares/ST/STM32_USB_Device_Library/Class/CDC/Src/usbd_cdc.o
                0x0000000008009648                USBD_CDC_GetDeviceQualifierDescriptor
 .text.USBD_CDC_RegisterInterface
                0x0000000008009668       0x34 ./Middlewares/ST/STM32_USB_Device_Library/Class/CDC/Src/usbd_cdc.o
                0x0000000008009668                USBD_CDC_RegisterInterface
 .text.USBD_CDC_SetTxBuffer
                0x000000000800969c       0x44 ./Middlewares/ST/STM32_USB_Device_Library/Class/CDC/Src/usbd_cdc.o
                0x000000000800969c                USBD_CDC_SetTxBuffer
 .text.USBD_CDC_SetRxBuffer
                0x00000000080096e0       0x3a ./Middlewares/ST/STM32_USB_Device_Library/Class/CDC/Src/usbd_cdc.o
                0x00000000080096e0                USBD_CDC_SetRxBuffer
 *fill*         0x000000000800971a        0x2 
 .text.USBD_CDC_ReceivePacket
                0x000000000800971c       0x6c ./Middlewares/ST/STM32_USB_Device_Library/Class/CDC/Src/usbd_cdc.o
                0x000000000800971c                USBD_CDC_ReceivePacket
 .text.USBD_Init
                0x0000000008009788       0x60 ./Middlewares/ST/STM32_USB_Device_Library/Core/Src/usbd_core.o
                0x0000000008009788                USBD_Init
 .text.USBD_RegisterClass
                0x00000000080097e8       0x6c ./Middlewares/ST/STM32_USB_Device_Library/Core/Src/usbd_core.o
                0x00000000080097e8                USBD_RegisterClass
 .text.USBD_Start
                0x0000000008009854       0x18 ./Middlewares/ST/STM32_USB_Device_Library/Core/Src/usbd_core.o
                0x0000000008009854                USBD_Start
 .text.USBD_RunTestMode
                0x000000000800986c       0x16 ./Middlewares/ST/STM32_USB_Device_Library/Core/Src/usbd_core.o
                0x000000000800986c                USBD_RunTestMode
 .text.USBD_SetClassConfig
                0x0000000008009882       0x38 ./Middlewares/ST/STM32_USB_Device_Library/Core/Src/usbd_core.o
                0x0000000008009882                USBD_SetClassConfig
 .text.USBD_ClrClassConfig
                0x00000000080098ba       0x34 ./Middlewares/ST/STM32_USB_Device_Library/Core/Src/usbd_core.o
                0x00000000080098ba                USBD_ClrClassConfig
 .text.USBD_LL_SetupStage
                0x00000000080098ee       0xaa ./Middlewares/ST/STM32_USB_Device_Library/Core/Src/usbd_core.o
                0x00000000080098ee                USBD_LL_SetupStage
 .text.USBD_LL_DataOutStage
                0x0000000008009998      0x166 ./Middlewares/ST/STM32_USB_Device_Library/Core/Src/usbd_core.o
                0x0000000008009998                USBD_LL_DataOutStage
 .text.USBD_LL_DataInStage
                0x0000000008009afe      0x164 ./Middlewares/ST/STM32_USB_Device_Library/Core/Src/usbd_core.o
                0x0000000008009afe                USBD_LL_DataInStage
 .text.USBD_LL_Reset
                0x0000000008009c62       0xa4 ./Middlewares/ST/STM32_USB_Device_Library/Core/Src/usbd_core.o
                0x0000000008009c62                USBD_LL_Reset
 .text.USBD_LL_SetSpeed
                0x0000000008009d06       0x20 ./Middlewares/ST/STM32_USB_Device_Library/Core/Src/usbd_core.o
                0x0000000008009d06                USBD_LL_SetSpeed
 .text.USBD_LL_Suspend
                0x0000000008009d26       0x38 ./Middlewares/ST/STM32_USB_Device_Library/Core/Src/usbd_core.o
                0x0000000008009d26                USBD_LL_Suspend
 .text.USBD_LL_Resume
                0x0000000008009d5e       0x30 ./Middlewares/ST/STM32_USB_Device_Library/Core/Src/usbd_core.o
                0x0000000008009d5e                USBD_LL_Resume
 .text.USBD_LL_SOF
                0x0000000008009d8e       0x40 ./Middlewares/ST/STM32_USB_Device_Library/Core/Src/usbd_core.o
                0x0000000008009d8e                USBD_LL_SOF
 .text.USBD_CoreFindIF
                0x0000000008009dce       0x1a ./Middlewares/ST/STM32_USB_Device_Library/Core/Src/usbd_core.o
                0x0000000008009dce                USBD_CoreFindIF
 .text.USBD_CoreFindEP
                0x0000000008009de8       0x1a ./Middlewares/ST/STM32_USB_Device_Library/Core/Src/usbd_core.o
                0x0000000008009de8                USBD_CoreFindEP
 .text.USBD_GetEpDesc
                0x0000000008009e02       0x74 ./Middlewares/ST/STM32_USB_Device_Library/Core/Src/usbd_core.o
                0x0000000008009e02                USBD_GetEpDesc
 .text.USBD_GetNextDesc
                0x0000000008009e76       0x3a ./Middlewares/ST/STM32_USB_Device_Library/Core/Src/usbd_core.o
                0x0000000008009e76                USBD_GetNextDesc
 .text.SWAPBYTE
                0x0000000008009eb0       0x3c ./Middlewares/ST/STM32_USB_Device_Library/Core/Src/usbd_ctlreq.o
 .text.USBD_StdDevReq
                0x0000000008009eec       0xe4 ./Middlewares/ST/STM32_USB_Device_Library/Core/Src/usbd_ctlreq.o
                0x0000000008009eec                USBD_StdDevReq
 .text.USBD_StdItfReq
                0x0000000008009fd0       0xd8 ./Middlewares/ST/STM32_USB_Device_Library/Core/Src/usbd_ctlreq.o
                0x0000000008009fd0                USBD_StdItfReq
 .text.USBD_StdEPReq
                0x000000000800a0a8      0x33a ./Middlewares/ST/STM32_USB_Device_Library/Core/Src/usbd_ctlreq.o
                0x000000000800a0a8                USBD_StdEPReq
 *fill*         0x000000000800a3e2        0x2 
 .text.USBD_GetDescriptor
                0x000000000800a3e4      0x328 ./Middlewares/ST/STM32_USB_Device_Library/Core/Src/usbd_ctlreq.o
 .text.USBD_SetAddress
                0x000000000800a70c       0x88 ./Middlewares/ST/STM32_USB_Device_Library/Core/Src/usbd_ctlreq.o
 .text.USBD_SetConfig
                0x000000000800a794      0x154 ./Middlewares/ST/STM32_USB_Device_Library/Core/Src/usbd_ctlreq.o
 .text.USBD_GetConfig
                0x000000000800a8e8       0x6c ./Middlewares/ST/STM32_USB_Device_Library/Core/Src/usbd_ctlreq.o
 .text.USBD_GetStatus
                0x000000000800a954       0x68 ./Middlewares/ST/STM32_USB_Device_Library/Core/Src/usbd_ctlreq.o
 .text.USBD_SetFeature
                0x000000000800a9bc       0x52 ./Middlewares/ST/STM32_USB_Device_Library/Core/Src/usbd_ctlreq.o
 .text.USBD_ClrFeature
                0x000000000800aa0e       0x44 ./Middlewares/ST/STM32_USB_Device_Library/Core/Src/usbd_ctlreq.o
 .text.USBD_ParseSetupRequest
                0x000000000800aa52       0x74 ./Middlewares/ST/STM32_USB_Device_Library/Core/Src/usbd_ctlreq.o
                0x000000000800aa52                USBD_ParseSetupRequest
 .text.USBD_CtlError
                0x000000000800aac6       0x22 ./Middlewares/ST/STM32_USB_Device_Library/Core/Src/usbd_ctlreq.o
                0x000000000800aac6                USBD_CtlError
 .text.USBD_GetString
                0x000000000800aae8       0x8c ./Middlewares/ST/STM32_USB_Device_Library/Core/Src/usbd_ctlreq.o
                0x000000000800aae8                USBD_GetString
 .text.USBD_GetLen
                0x000000000800ab74       0x34 ./Middlewares/ST/STM32_USB_Device_Library/Core/Src/usbd_ctlreq.o
 .text.USBD_CtlSendData
                0x000000000800aba8       0x36 ./Middlewares/ST/STM32_USB_Device_Library/Core/Src/usbd_ioreq.o
                0x000000000800aba8                USBD_CtlSendData
 .text.USBD_CtlContinueSendData
                0x000000000800abde       0x22 ./Middlewares/ST/STM32_USB_Device_Library/Core/Src/usbd_ioreq.o
                0x000000000800abde                USBD_CtlContinueSendData
 .text.USBD_CtlPrepareRx
                0x000000000800ac00       0x3a ./Middlewares/ST/STM32_USB_Device_Library/Core/Src/usbd_ioreq.o
                0x000000000800ac00                USBD_CtlPrepareRx
 .text.USBD_CtlContinueRx
                0x000000000800ac3a       0x22 ./Middlewares/ST/STM32_USB_Device_Library/Core/Src/usbd_ioreq.o
                0x000000000800ac3a                USBD_CtlContinueRx
 .text.USBD_CtlSendStatus
                0x000000000800ac5c       0x26 ./Middlewares/ST/STM32_USB_Device_Library/Core/Src/usbd_ioreq.o
                0x000000000800ac5c                USBD_CtlSendStatus
 .text.USBD_CtlReceiveStatus
                0x000000000800ac82       0x26 ./Middlewares/ST/STM32_USB_Device_Library/Core/Src/usbd_ioreq.o
                0x000000000800ac82                USBD_CtlReceiveStatus
 .text.MX_USB_Device_Init
                0x000000000800aca8       0x60 ./USB_Device/App/usb_device.o
                0x000000000800aca8                MX_USB_Device_Init
 .text.CDC_Init_FS
                0x000000000800ad08       0x28 ./USB_Device/App/usbd_cdc_if.o
 .text.CDC_DeInit_FS
                0x000000000800ad30       0x10 ./USB_Device/App/usbd_cdc_if.o
 .text.CDC_Control_FS
                0x000000000800ad40       0xbc ./USB_Device/App/usbd_cdc_if.o
 .text.CDC_Receive_FS
                0x000000000800adfc       0x28 ./USB_Device/App/usbd_cdc_if.o
 .text.CDC_TransmitCplt_FS
                0x000000000800ae24       0x22 ./USB_Device/App/usbd_cdc_if.o
 *fill*         0x000000000800ae46        0x2 
 .text.USBD_CDC_DeviceDescriptor
                0x000000000800ae48       0x24 ./USB_Device/App/usbd_desc.o
                0x000000000800ae48                USBD_CDC_DeviceDescriptor
 .text.USBD_CDC_LangIDStrDescriptor
                0x000000000800ae6c       0x24 ./USB_Device/App/usbd_desc.o
                0x000000000800ae6c                USBD_CDC_LangIDStrDescriptor
 .text.USBD_CDC_ProductStrDescriptor
                0x000000000800ae90       0x3c ./USB_Device/App/usbd_desc.o
                0x000000000800ae90                USBD_CDC_ProductStrDescriptor
 .text.USBD_CDC_ManufacturerStrDescriptor
                0x000000000800aecc       0x28 ./USB_Device/App/usbd_desc.o
                0x000000000800aecc                USBD_CDC_ManufacturerStrDescriptor
 .text.USBD_CDC_SerialStrDescriptor
                0x000000000800aef4       0x24 ./USB_Device/App/usbd_desc.o
                0x000000000800aef4                USBD_CDC_SerialStrDescriptor
 .text.USBD_CDC_ConfigStrDescriptor
                0x000000000800af18       0x3c ./USB_Device/App/usbd_desc.o
                0x000000000800af18                USBD_CDC_ConfigStrDescriptor
 .text.USBD_CDC_InterfaceStrDescriptor
                0x000000000800af54       0x3c ./USB_Device/App/usbd_desc.o
                0x000000000800af54                USBD_CDC_InterfaceStrDescriptor
 .text.Get_SerialNum
                0x000000000800af90       0x58 ./USB_Device/App/usbd_desc.o
 .text.IntToUnicode
                0x000000000800afe8       0x7e ./USB_Device/App/usbd_desc.o
 .text.LL_AHB2_GRP1_EnableClock
                0x000000000800b066       0x32 ./USB_Device/Target/usbd_conf.o
 .text.LL_APB1_GRP1_EnableClock
                0x000000000800b098       0x32 ./USB_Device/Target/usbd_conf.o
 *fill*         0x000000000800b0ca        0x2 
 .text.HAL_PCD_MspInit
                0x000000000800b0cc       0x9c ./USB_Device/Target/usbd_conf.o
                0x000000000800b0cc                HAL_PCD_MspInit
 .text.HAL_PCD_SetupStageCallback
                0x000000000800b168       0x24 ./USB_Device/Target/usbd_conf.o
                0x000000000800b168                HAL_PCD_SetupStageCallback
 .text.HAL_PCD_DataOutStageCallback
                0x000000000800b18c       0x36 ./USB_Device/Target/usbd_conf.o
                0x000000000800b18c                HAL_PCD_DataOutStageCallback
 .text.HAL_PCD_DataInStageCallback
                0x000000000800b1c2       0x34 ./USB_Device/Target/usbd_conf.o
                0x000000000800b1c2                HAL_PCD_DataInStageCallback
 .text.HAL_PCD_SOFCallback
                0x000000000800b1f6       0x1c ./USB_Device/Target/usbd_conf.o
                0x000000000800b1f6                HAL_PCD_SOFCallback
 .text.HAL_PCD_ResetCallback
                0x000000000800b212       0x3c ./USB_Device/Target/usbd_conf.o
                0x000000000800b212                HAL_PCD_ResetCallback
 *fill*         0x000000000800b24e        0x2 
 .text.HAL_PCD_SuspendCallback
                0x000000000800b250       0x34 ./USB_Device/Target/usbd_conf.o
                0x000000000800b250                HAL_PCD_SuspendCallback
 .text.HAL_PCD_ResumeCallback
                0x000000000800b284       0x38 ./USB_Device/Target/usbd_conf.o
                0x000000000800b284                HAL_PCD_ResumeCallback
 .text.USBD_LL_Init
                0x000000000800b2bc       0xc4 ./USB_Device/Target/usbd_conf.o
                0x000000000800b2bc                USBD_LL_Init
 .text.USBD_LL_Start
                0x000000000800b380       0x36 ./USB_Device/Target/usbd_conf.o
                0x000000000800b380                USBD_LL_Start
 .text.USBD_LL_OpenEP
                0x000000000800b3b6       0x4c ./USB_Device/Target/usbd_conf.o
                0x000000000800b3b6                USBD_LL_OpenEP
 .text.USBD_LL_CloseEP
                0x000000000800b402       0x3e ./USB_Device/Target/usbd_conf.o
                0x000000000800b402                USBD_LL_CloseEP
 .text.USBD_LL_StallEP
                0x000000000800b440       0x3e ./USB_Device/Target/usbd_conf.o
                0x000000000800b440                USBD_LL_StallEP
 .text.USBD_LL_ClearStallEP
                0x000000000800b47e       0x3e ./USB_Device/Target/usbd_conf.o
                0x000000000800b47e                USBD_LL_ClearStallEP
 .text.USBD_LL_IsStallEP
                0x000000000800b4bc       0x5a ./USB_Device/Target/usbd_conf.o
                0x000000000800b4bc                USBD_LL_IsStallEP
 .text.USBD_LL_SetUSBAddress
                0x000000000800b516       0x3e ./USB_Device/Target/usbd_conf.o
                0x000000000800b516                USBD_LL_SetUSBAddress
 .text.USBD_LL_Transmit
                0x000000000800b554       0x42 ./USB_Device/Target/usbd_conf.o
                0x000000000800b554                USBD_LL_Transmit
 .text.USBD_LL_PrepareReceive
                0x000000000800b596       0x42 ./USB_Device/Target/usbd_conf.o
                0x000000000800b596                USBD_LL_PrepareReceive
 .text.USBD_LL_GetRxDataSize
                0x000000000800b5d8       0x26 ./USB_Device/Target/usbd_conf.o
                0x000000000800b5d8                USBD_LL_GetRxDataSize
 *fill*         0x000000000800b5fe        0x2 
 .text.HAL_PCDEx_LPM_Callback
                0x000000000800b600       0x6c ./USB_Device/Target/usbd_conf.o
                0x000000000800b600                HAL_PCDEx_LPM_Callback
 .text.USBD_static_malloc
                0x000000000800b66c       0x1c ./USB_Device/Target/usbd_conf.o
                0x000000000800b66c                USBD_static_malloc
 .text.USBD_static_free
                0x000000000800b688       0x14 ./USB_Device/Target/usbd_conf.o
                0x000000000800b688                USBD_static_free
 .text.SystemClockConfig_Resume
                0x000000000800b69c        0xc ./USB_Device/Target/usbd_conf.o
 .text.USBD_Get_USB_Status
                0x000000000800b6a8       0x58 ./USB_Device/Target/usbd_conf.o
 .text.br_dec32le
                0x000000000800b700       0x38 ./dilithium5-AES-R/src/aes256ctr.o
 .text.br_range_dec32le
                0x000000000800b738       0x38 ./dilithium5-AES-R/src/aes256ctr.o
 .text.br_swap32
                0x000000000800b770       0x2e ./dilithium5-AES-R/src/aes256ctr.o
 .text.br_enc32le
                0x000000000800b79e       0x42 ./dilithium5-AES-R/src/aes256ctr.o
 .text.br_range_enc32le
                0x000000000800b7e0       0x38 ./dilithium5-AES-R/src/aes256ctr.o
 .text.br_aes_ct64_bitslice_Sbox
                0x000000000800b818     0x140a ./dilithium5-AES-R/src/aes256ctr.o
 .text.br_aes_ct64_ortho
                0x000000000800cc22      0x9fe ./dilithium5-AES-R/src/aes256ctr.o
 .text.br_aes_ct64_interleave_in
                0x000000000800d620      0x30c ./dilithium5-AES-R/src/aes256ctr.o
 .text.br_aes_ct64_interleave_out
                0x000000000800d92c      0x21c ./dilithium5-AES-R/src/aes256ctr.o
 .text.sub_word
                0x000000000800db48       0x4e ./dilithium5-AES-R/src/aes256ctr.o
 *fill*         0x000000000800db96        0x2 
 .text.br_aes_ct64_keysched
                0x000000000800db98      0x388 ./dilithium5-AES-R/src/aes256ctr.o
 .text.br_aes_ct64_skey_expand
                0x000000000800df20      0x1ca ./dilithium5-AES-R/src/aes256ctr.o
 .text.add_round_key
                0x000000000800e0ea      0x132 ./dilithium5-AES-R/src/aes256ctr.o
 .text.shift_rows
                0x000000000800e21c      0x17e ./dilithium5-AES-R/src/aes256ctr.o
 .text.rotr32   0x000000000800e39a       0x1c ./dilithium5-AES-R/src/aes256ctr.o
 .text.mix_columns
                0x000000000800e3b6      0x584 ./dilithium5-AES-R/src/aes256ctr.o
 .text.inc4_be  0x000000000800e93a       0x32 ./dilithium5-AES-R/src/aes256ctr.o
 .text.aes_ctr4x
                0x000000000800e96c      0x18e ./dilithium5-AES-R/src/aes256ctr.o
 .text.br_aes_ct64_ctr_init
                0x000000000800eafa       0x2a ./dilithium5-AES-R/src/aes256ctr.o
 .text.pqcrystals_aes256ctr_ref_init
                0x000000000800eb24       0xae ./dilithium5-AES-R/src/aes256ctr.o
                0x000000000800eb24                pqcrystals_aes256ctr_ref_init
 .text.pqcrystals_aes256ctr_ref_squeezeblocks
                0x000000000800ebd2       0x3a ./dilithium5-AES-R/src/aes256ctr.o
                0x000000000800ebd2                pqcrystals_aes256ctr_ref_squeezeblocks
 .text.elapsed_time_init
                0x000000000800ec0c       0x5c ./dilithium5-AES-R/src/elapsed_time.o
                0x000000000800ec0c                elapsed_time_init
 .text.elapsed_time_start
                0x000000000800ec68       0x2c ./dilithium5-AES-R/src/elapsed_time.o
                0x000000000800ec68                elapsed_time_start
 .text.elapsed_time_stop
                0x000000000800ec94       0x60 ./dilithium5-AES-R/src/elapsed_time.o
                0x000000000800ec94                elapsed_time_stop
 .text.elapsed_time_clr
                0x000000000800ecf4       0x3c ./dilithium5-AES-R/src/elapsed_time.o
                0x000000000800ecf4                elapsed_time_clr
 .text.elapsed_time_max
                0x000000000800ed30       0x24 ./dilithium5-AES-R/src/elapsed_time.o
                0x000000000800ed30                elapsed_time_max
 .text.elapsed_time_min
                0x000000000800ed54       0x24 ./dilithium5-AES-R/src/elapsed_time.o
                0x000000000800ed54                elapsed_time_min
 .text.load64   0x000000000800ed78       0x7a ./dilithium5-AES-R/src/fips202.o
 .text.store64  0x000000000800edf2       0x58 ./dilithium5-AES-R/src/fips202.o
 *fill*         0x000000000800ee4a        0x2 
 .text.KeccakF1600_StatePermute
                0x000000000800ee4c     0x30d0 ./dilithium5-AES-R/src/fips202.o
 .text.keccak_init
                0x0000000008011f1c       0x42 ./dilithium5-AES-R/src/fips202.o
 .text.keccak_absorb
                0x0000000008011f5e      0x290 ./dilithium5-AES-R/src/fips202.o
 .text.keccak_finalize
                0x00000000080121ee       0x9e ./dilithium5-AES-R/src/fips202.o
 .text.keccak_squeezeblocks
                0x000000000801228c       0x64 ./dilithium5-AES-R/src/fips202.o
 .text.keccak_squeeze
                0x00000000080122f0      0x1da ./dilithium5-AES-R/src/fips202.o
 .text.pqcrystals_fips202_ref_shake256_init
                0x00000000080124ca       0x16 ./dilithium5-AES-R/src/fips202.o
                0x00000000080124ca                pqcrystals_fips202_ref_shake256_init
 .text.pqcrystals_fips202_ref_shake256_absorb
                0x00000000080124e0       0x30 ./dilithium5-AES-R/src/fips202.o
                0x00000000080124e0                pqcrystals_fips202_ref_shake256_absorb
 .text.pqcrystals_fips202_ref_shake256_finalize
                0x0000000008012510       0x28 ./dilithium5-AES-R/src/fips202.o
                0x0000000008012510                pqcrystals_fips202_ref_shake256_finalize
 .text.pqcrystals_fips202_ref_shake256_squeezeblocks
                0x0000000008012538       0x20 ./dilithium5-AES-R/src/fips202.o
                0x0000000008012538                pqcrystals_fips202_ref_shake256_squeezeblocks
 .text.pqcrystals_fips202_ref_shake256_squeeze
                0x0000000008012558       0x30 ./dilithium5-AES-R/src/fips202.o
                0x0000000008012558                pqcrystals_fips202_ref_shake256_squeeze
 .text.pqcrystals_fips202_ref_shake256
                0x0000000008012588       0x46 ./dilithium5-AES-R/src/fips202.o
                0x0000000008012588                pqcrystals_fips202_ref_shake256
 *fill*         0x00000000080125ce        0x2 
 .text.pqcrystals_dilithium2aes_r_ref_ntt
                0x00000000080125d0       0xd8 ./dilithium5-AES-R/src/ntt.o
                0x00000000080125d0                pqcrystals_dilithium2aes_r_ref_ntt
 .text.pqcrystals_dilithium2aes_r_ref_invntt_tomont
                0x00000000080126a8      0x174 ./dilithium5-AES-R/src/ntt.o
                0x00000000080126a8                pqcrystals_dilithium2aes_r_ref_invntt_tomont
 .text.pqcrystals_dilithium2aes_r_ref_pack_pk
                0x000000000801281c       0x6e ./dilithium5-AES-R/src/packing.o
                0x000000000801281c                pqcrystals_dilithium2aes_r_ref_pack_pk
 .text.pqcrystals_dilithium2aes_r_ref_unpack_pk
                0x000000000801288a       0x6e ./dilithium5-AES-R/src/packing.o
                0x000000000801288a                pqcrystals_dilithium2aes_r_ref_unpack_pk
 .text.pqcrystals_dilithium2aes_r_ref_pack_sk
                0x00000000080128f8      0x12e ./dilithium5-AES-R/src/packing.o
                0x00000000080128f8                pqcrystals_dilithium2aes_r_ref_pack_sk
 .text.pqcrystals_dilithium2aes_r_ref_unpack_sk
                0x0000000008012a26      0x12e ./dilithium5-AES-R/src/packing.o
                0x0000000008012a26                pqcrystals_dilithium2aes_r_ref_unpack_sk
 .text.pqcrystals_dilithium2aes_r_ref_pack_sig
                0x0000000008012b54       0xec ./dilithium5-AES-R/src/packing.o
                0x0000000008012b54                pqcrystals_dilithium2aes_r_ref_pack_sig
 .text.pqcrystals_dilithium2aes_r_ref_unpack_sig
                0x0000000008012c40      0x15a ./dilithium5-AES-R/src/packing.o
                0x0000000008012c40                pqcrystals_dilithium2aes_r_ref_unpack_sig
 .text.pqcrystals_dilithium2aes_r_ref_poly_reduce
                0x0000000008012d9a       0x3c ./dilithium5-AES-R/src/poly.o
                0x0000000008012d9a                pqcrystals_dilithium2aes_r_ref_poly_reduce
 .text.pqcrystals_dilithium2aes_r_ref_poly_caddq
                0x0000000008012dd6       0x3c ./dilithium5-AES-R/src/poly.o
                0x0000000008012dd6                pqcrystals_dilithium2aes_r_ref_poly_caddq
 .text.pqcrystals_dilithium2aes_r_ref_poly_add
                0x0000000008012e12       0x46 ./dilithium5-AES-R/src/poly.o
                0x0000000008012e12                pqcrystals_dilithium2aes_r_ref_poly_add
 .text.pqcrystals_dilithium2aes_r_ref_poly_sub
                0x0000000008012e58       0x46 ./dilithium5-AES-R/src/poly.o
                0x0000000008012e58                pqcrystals_dilithium2aes_r_ref_poly_sub
 .text.pqcrystals_dilithium2aes_r_ref_poly_shiftl
                0x0000000008012e9e       0x3a ./dilithium5-AES-R/src/poly.o
                0x0000000008012e9e                pqcrystals_dilithium2aes_r_ref_poly_shiftl
 .text.pqcrystals_dilithium2aes_r_ref_poly_ntt
                0x0000000008012ed8       0x18 ./dilithium5-AES-R/src/poly.o
                0x0000000008012ed8                pqcrystals_dilithium2aes_r_ref_poly_ntt
 .text.pqcrystals_dilithium2aes_r_ref_poly_invntt_tomont
                0x0000000008012ef0       0x18 ./dilithium5-AES-R/src/poly.o
                0x0000000008012ef0                pqcrystals_dilithium2aes_r_ref_poly_invntt_tomont
 .text.pqcrystals_dilithium2aes_r_ref_poly_pointwise_montgomery
                0x0000000008012f08       0x6c ./dilithium5-AES-R/src/poly.o
                0x0000000008012f08                pqcrystals_dilithium2aes_r_ref_poly_pointwise_montgomery
 .text.pqcrystals_dilithium2aes_r_ref_poly_power2round
                0x0000000008012f74       0x48 ./dilithium5-AES-R/src/poly.o
                0x0000000008012f74                pqcrystals_dilithium2aes_r_ref_poly_power2round
 .text.pqcrystals_dilithium2aes_r_ref_poly_decompose
                0x0000000008012fbc       0x48 ./dilithium5-AES-R/src/poly.o
                0x0000000008012fbc                pqcrystals_dilithium2aes_r_ref_poly_decompose
 .text.pqcrystals_dilithium2aes_r_ref_poly_make_hint
                0x0000000008013004       0x5e ./dilithium5-AES-R/src/poly.o
                0x0000000008013004                pqcrystals_dilithium2aes_r_ref_poly_make_hint
 .text.pqcrystals_dilithium2aes_r_ref_poly_use_hint
                0x0000000008013062       0x48 ./dilithium5-AES-R/src/poly.o
                0x0000000008013062                pqcrystals_dilithium2aes_r_ref_poly_use_hint
 *fill*         0x00000000080130aa        0x2 
 .text.pqcrystals_dilithium2aes_r_ref_poly_chknorm
                0x00000000080130ac       0x6c ./dilithium5-AES-R/src/poly.o
                0x00000000080130ac                pqcrystals_dilithium2aes_r_ref_poly_chknorm
 .text.rej_uniform
                0x0000000008013118       0x94 ./dilithium5-AES-R/src/poly.o
 .text.pqcrystals_dilithium2aes_r_ref_poly_uniform
                0x00000000080131ac      0x160 ./dilithium5-AES-R/src/poly.o
                0x00000000080131ac                pqcrystals_dilithium2aes_r_ref_poly_uniform
 .text.rej_eta  0x000000000801330c       0xc2 ./dilithium5-AES-R/src/poly.o
 .text.pqcrystals_dilithium2aes_r_ref_poly_uniform_eta
                0x00000000080133ce       0xe0 ./dilithium5-AES-R/src/poly.o
                0x00000000080133ce                pqcrystals_dilithium2aes_r_ref_poly_uniform_eta
 .text.pqcrystals_dilithium2aes_r_ref_poly_challenge
                0x00000000080134ae      0x1bc ./dilithium5-AES-R/src/poly.o
                0x00000000080134ae                pqcrystals_dilithium2aes_r_ref_poly_challenge
 .text.pqcrystals_dilithium2aes_r_ref_polyeta_pack
                0x000000000801366a      0x168 ./dilithium5-AES-R/src/poly.o
                0x000000000801366a                pqcrystals_dilithium2aes_r_ref_polyeta_pack
 .text.pqcrystals_dilithium2aes_r_ref_polyeta_unpack
                0x00000000080137d2      0x254 ./dilithium5-AES-R/src/poly.o
                0x00000000080137d2                pqcrystals_dilithium2aes_r_ref_polyeta_unpack
 .text.pqcrystals_dilithium2aes_r_ref_polyt1_pack
                0x0000000008013a26      0x104 ./dilithium5-AES-R/src/poly.o
                0x0000000008013a26                pqcrystals_dilithium2aes_r_ref_polyt1_pack
 .text.pqcrystals_dilithium2aes_r_ref_polyt1_unpack
                0x0000000008013b2a      0x112 ./dilithium5-AES-R/src/poly.o
                0x0000000008013b2a                pqcrystals_dilithium2aes_r_ref_polyt1_unpack
 .text.pqcrystals_dilithium2aes_r_ref_polyt0_pack
                0x0000000008013c3c      0x382 ./dilithium5-AES-R/src/poly.o
                0x0000000008013c3c                pqcrystals_dilithium2aes_r_ref_polyt0_pack
 .text.pqcrystals_dilithium2aes_r_ref_polyt0_unpack
                0x0000000008013fbe      0x550 ./dilithium5-AES-R/src/poly.o
                0x0000000008013fbe                pqcrystals_dilithium2aes_r_ref_polyt0_unpack
 .text.pqcrystals_dilithium2aes_r_ref_polyz_pack
                0x000000000801450e      0x1be ./dilithium5-AES-R/src/poly.o
                0x000000000801450e                pqcrystals_dilithium2aes_r_ref_polyz_pack
 .text.pqcrystals_dilithium2aes_r_ref_polyz_unpack
                0x00000000080146cc      0x2e4 ./dilithium5-AES-R/src/poly.o
                0x00000000080146cc                pqcrystals_dilithium2aes_r_ref_polyz_unpack
 .text.pqcrystals_dilithium2aes_r_ref_polyw1_pack
                0x00000000080149b0      0x12a ./dilithium5-AES-R/src/poly.o
                0x00000000080149b0                pqcrystals_dilithium2aes_r_ref_polyw1_pack
 .text.pqcrystals_dilithium2aes_r_ref_polyvec_matrix_expand
                0x0000000008014ada       0x5e ./dilithium5-AES-R/src/polyvec.o
                0x0000000008014ada                pqcrystals_dilithium2aes_r_ref_polyvec_matrix_expand
 .text.pqcrystals_dilithium2aes_r_ref_polyvec_matrix_pointwise_montgomery
                0x0000000008014b38       0x40 ./dilithium5-AES-R/src/polyvec.o
                0x0000000008014b38                pqcrystals_dilithium2aes_r_ref_polyvec_matrix_pointwise_montgomery
 .text.pqcrystals_dilithium2aes_r_ref_polyvecl_uniform_eta
                0x0000000008014b78       0x40 ./dilithium5-AES-R/src/polyvec.o
                0x0000000008014b78                pqcrystals_dilithium2aes_r_ref_polyvecl_uniform_eta
 .text.pqcrystals_dilithium2aes_r_ref_polyvecl_reduce
                0x0000000008014bb8       0x32 ./dilithium5-AES-R/src/polyvec.o
                0x0000000008014bb8                pqcrystals_dilithium2aes_r_ref_polyvecl_reduce
 .text.pqcrystals_dilithium2aes_r_ref_polyvecl_add
                0x0000000008014bea       0x46 ./dilithium5-AES-R/src/polyvec.o
                0x0000000008014bea                pqcrystals_dilithium2aes_r_ref_polyvecl_add
 .text.pqcrystals_dilithium2aes_r_ref_polyvecl_ntt
                0x0000000008014c30       0x32 ./dilithium5-AES-R/src/polyvec.o
                0x0000000008014c30                pqcrystals_dilithium2aes_r_ref_polyvecl_ntt
 .text.pqcrystals_dilithium2aes_r_ref_polyvecl_invntt_tomont
                0x0000000008014c62       0x32 ./dilithium5-AES-R/src/polyvec.o
                0x0000000008014c62                pqcrystals_dilithium2aes_r_ref_polyvecl_invntt_tomont
 .text.pqcrystals_dilithium2aes_r_ref_polyvecl_pointwise_poly_montgomery
                0x0000000008014c94       0x40 ./dilithium5-AES-R/src/polyvec.o
                0x0000000008014c94                pqcrystals_dilithium2aes_r_ref_polyvecl_pointwise_poly_montgomery
 .text.pqcrystals_dilithium2aes_r_ref_polyvecl_pointwise_acc_montgomery
                0x0000000008014cd4       0xb8 ./dilithium5-AES-R/src/polyvec.o
                0x0000000008014cd4                pqcrystals_dilithium2aes_r_ref_polyvecl_pointwise_acc_montgomery
 .text.pqcrystals_dilithium2aes_r_ref_polyvecl_chknorm
                0x0000000008014d8c       0x40 ./dilithium5-AES-R/src/polyvec.o
                0x0000000008014d8c                pqcrystals_dilithium2aes_r_ref_polyvecl_chknorm
 .text.pqcrystals_dilithium2aes_r_ref_polyveck_uniform_eta
                0x0000000008014dcc       0x40 ./dilithium5-AES-R/src/polyvec.o
                0x0000000008014dcc                pqcrystals_dilithium2aes_r_ref_polyveck_uniform_eta
 .text.pqcrystals_dilithium2aes_r_ref_polyveck_reduce
                0x0000000008014e0c       0x32 ./dilithium5-AES-R/src/polyvec.o
                0x0000000008014e0c                pqcrystals_dilithium2aes_r_ref_polyveck_reduce
 .text.pqcrystals_dilithium2aes_r_ref_polyveck_caddq
                0x0000000008014e3e       0x32 ./dilithium5-AES-R/src/polyvec.o
                0x0000000008014e3e                pqcrystals_dilithium2aes_r_ref_polyveck_caddq
 .text.pqcrystals_dilithium2aes_r_ref_polyveck_add
                0x0000000008014e70       0x46 ./dilithium5-AES-R/src/polyvec.o
                0x0000000008014e70                pqcrystals_dilithium2aes_r_ref_polyveck_add
 .text.pqcrystals_dilithium2aes_r_ref_polyveck_sub
                0x0000000008014eb6       0x46 ./dilithium5-AES-R/src/polyvec.o
                0x0000000008014eb6                pqcrystals_dilithium2aes_r_ref_polyveck_sub
 .text.pqcrystals_dilithium2aes_r_ref_polyveck_shiftl
                0x0000000008014efc       0x32 ./dilithium5-AES-R/src/polyvec.o
                0x0000000008014efc                pqcrystals_dilithium2aes_r_ref_polyveck_shiftl
 .text.pqcrystals_dilithium2aes_r_ref_polyveck_ntt
                0x0000000008014f2e       0x32 ./dilithium5-AES-R/src/polyvec.o
                0x0000000008014f2e                pqcrystals_dilithium2aes_r_ref_polyveck_ntt
 .text.pqcrystals_dilithium2aes_r_ref_polyveck_invntt_tomont
                0x0000000008014f60       0x32 ./dilithium5-AES-R/src/polyvec.o
                0x0000000008014f60                pqcrystals_dilithium2aes_r_ref_polyveck_invntt_tomont
 .text.pqcrystals_dilithium2aes_r_ref_polyveck_pointwise_poly_montgomery
                0x0000000008014f92       0x40 ./dilithium5-AES-R/src/polyvec.o
                0x0000000008014f92                pqcrystals_dilithium2aes_r_ref_polyveck_pointwise_poly_montgomery
 .text.pqcrystals_dilithium2aes_r_ref_polyveck_chknorm
                0x0000000008014fd2       0x40 ./dilithium5-AES-R/src/polyvec.o
                0x0000000008014fd2                pqcrystals_dilithium2aes_r_ref_polyveck_chknorm
 .text.pqcrystals_dilithium2aes_r_ref_polyveck_power2round
                0x0000000008015012       0x46 ./dilithium5-AES-R/src/polyvec.o
                0x0000000008015012                pqcrystals_dilithium2aes_r_ref_polyveck_power2round
 .text.pqcrystals_dilithium2aes_r_ref_polyveck_decompose
                0x0000000008015058       0x46 ./dilithium5-AES-R/src/polyvec.o
                0x0000000008015058                pqcrystals_dilithium2aes_r_ref_polyveck_decompose
 .text.pqcrystals_dilithium2aes_r_ref_polyveck_make_hint
                0x000000000801509e       0x52 ./dilithium5-AES-R/src/polyvec.o
                0x000000000801509e                pqcrystals_dilithium2aes_r_ref_polyveck_make_hint
 .text.pqcrystals_dilithium2aes_r_ref_polyveck_use_hint
                0x00000000080150f0       0x46 ./dilithium5-AES-R/src/polyvec.o
                0x00000000080150f0                pqcrystals_dilithium2aes_r_ref_polyveck_use_hint
 .text.pqcrystals_dilithium2aes_r_ref_polyveck_pack_w1
                0x0000000008015136       0x44 ./dilithium5-AES-R/src/polyvec.o
                0x0000000008015136                pqcrystals_dilithium2aes_r_ref_polyveck_pack_w1
 .text.randombytes
                0x000000000801517a       0x8c ./dilithium5-AES-R/src/randombytes.o
                0x000000000801517a                randombytes
 .text.pqcrystals_dilithium2aes_r_ref_montgomery_reduce
                0x0000000008015206       0x8c ./dilithium5-AES-R/src/reduce.o
                0x0000000008015206                pqcrystals_dilithium2aes_r_ref_montgomery_reduce
 .text.pqcrystals_dilithium2aes_r_ref_reduce32
                0x0000000008015292       0x36 ./dilithium5-AES-R/src/reduce.o
                0x0000000008015292                pqcrystals_dilithium2aes_r_ref_reduce32
 .text.pqcrystals_dilithium2aes_r_ref_caddq
                0x00000000080152c8       0x28 ./dilithium5-AES-R/src/reduce.o
                0x00000000080152c8                pqcrystals_dilithium2aes_r_ref_caddq
 .text.pqcrystals_dilithium2aes_r_ref_power2round
                0x00000000080152f0       0x2e ./dilithium5-AES-R/src/rounding.o
                0x00000000080152f0                pqcrystals_dilithium2aes_r_ref_power2round
 *fill*         0x000000000801531e        0x2 
 .text.pqcrystals_dilithium2aes_r_ref_decompose
                0x0000000008015320       0x78 ./dilithium5-AES-R/src/rounding.o
                0x0000000008015320                pqcrystals_dilithium2aes_r_ref_decompose
 .text.pqcrystals_dilithium2aes_r_ref_make_hint
                0x0000000008015398       0x40 ./dilithium5-AES-R/src/rounding.o
                0x0000000008015398                pqcrystals_dilithium2aes_r_ref_make_hint
 .text.pqcrystals_dilithium2aes_r_ref_use_hint
                0x00000000080153d8       0x4e ./dilithium5-AES-R/src/rounding.o
                0x00000000080153d8                pqcrystals_dilithium2aes_r_ref_use_hint
 .text.pqcrystals_dilithium2aes_r_ref_keypair
                0x0000000008015426      0x240 ./dilithium5-AES-R/src/sign.o
                0x0000000008015426                pqcrystals_dilithium2aes_r_ref_keypair
 *fill*         0x0000000008015666        0x2 
 .text.pqcrystals_dilithium2aes_r_ref_signature
                0x0000000008015668      0x528 ./dilithium5-AES-R/src/sign.o
                0x0000000008015668                pqcrystals_dilithium2aes_r_ref_signature
 .text.pqcrystals_dilithium2aes_r_ref
                0x0000000008015b90       0x76 ./dilithium5-AES-R/src/sign.o
                0x0000000008015b90                pqcrystals_dilithium2aes_r_ref
 *fill*         0x0000000008015c06        0x2 
 .text.pqcrystals_dilithium2aes_r_ref_verify
                0x0000000008015c08      0x360 ./dilithium5-AES-R/src/sign.o
                0x0000000008015c08                pqcrystals_dilithium2aes_r_ref_verify
 .text.pqcrystals_dilithium2aes_r_ref_open
                0x0000000008015f68       0xae ./dilithium5-AES-R/src/sign.o
                0x0000000008015f68                pqcrystals_dilithium2aes_r_ref_open
 .text.pqcrystals_dilithium2aes_r_ref_dilithium_aes256ctr_init
                0x0000000008016016       0x42 ./dilithium5-AES-R/src/symmetric-aes.o
                0x0000000008016016                pqcrystals_dilithium2aes_r_ref_dilithium_aes256ctr_init
 .text.__errno  0x0000000008016058        0xc e:/tools/stm/cubeide/stm32cubeide_1.11.0/stm32cubeide/plugins/com.st.stm32cube.ide.mcu.externaltools.gnu-tools-for-stm32.10.3-2021.10.win32_1.0.100.202210260954/tools/bin/../lib/gcc/arm-none-eabi/10.3.1/../../../../arm-none-eabi/lib/thumb/v7e-m+fp/hard\libc_nano.a(lib_a-errno.o)
                0x0000000008016058                __errno
 .text.__libc_init_array
                0x0000000008016064       0x48 e:/tools/stm/cubeide/stm32cubeide_1.11.0/stm32cubeide/plugins/com.st.stm32cube.ide.mcu.externaltools.gnu-tools-for-stm32.10.3-2021.10.win32_1.0.100.202210260954/tools/bin/../lib/gcc/arm-none-eabi/10.3.1/../../../../arm-none-eabi/lib/thumb/v7e-m+fp/hard\libc_nano.a(lib_a-init.o)
                0x0000000008016064                __libc_init_array
 .text.memcpy   0x00000000080160ac       0x1c e:/tools/stm/cubeide/stm32cubeide_1.11.0/stm32cubeide/plugins/com.st.stm32cube.ide.mcu.externaltools.gnu-tools-for-stm32.10.3-2021.10.win32_1.0.100.202210260954/tools/bin/../lib/gcc/arm-none-eabi/10.3.1/../../../../arm-none-eabi/lib/thumb/v7e-m+fp/hard\libc_nano.a(lib_a-memcpy-stub.o)
                0x00000000080160ac                memcpy
 .text.memset   0x00000000080160c8       0x10 e:/tools/stm/cubeide/stm32cubeide_1.11.0/stm32cubeide/plugins/com.st.stm32cube.ide.mcu.externaltools.gnu-tools-for-stm32.10.3-2021.10.win32_1.0.100.202210260954/tools/bin/../lib/gcc/arm-none-eabi/10.3.1/../../../../arm-none-eabi/lib/thumb/v7e-m+fp/hard\libc_nano.a(lib_a-memset.o)
                0x00000000080160c8                memset
 .text.printf   0x00000000080160d8       0x30 e:/tools/stm/cubeide/stm32cubeide_1.11.0/stm32cubeide/plugins/com.st.stm32cube.ide.mcu.externaltools.gnu-tools-for-stm32.10.3-2021.10.win32_1.0.100.202210260954/tools/bin/../lib/gcc/arm-none-eabi/10.3.1/../../../../arm-none-eabi/lib/thumb/v7e-m+fp/hard\libc_nano.a(lib_a-printf.o)
                0x00000000080160d8                iprintf
                0x00000000080160d8                printf
 .text._puts_r  0x0000000008016108       0xdc e:/tools/stm/cubeide/stm32cubeide_1.11.0/stm32cubeide/plugins/com.st.stm32cube.ide.mcu.externaltools.gnu-tools-for-stm32.10.3-2021.10.win32_1.0.100.202210260954/tools/bin/../lib/gcc/arm-none-eabi/10.3.1/../../../../arm-none-eabi/lib/thumb/v7e-m+fp/hard\libc_nano.a(lib_a-puts.o)
                0x0000000008016108                _puts_r
 .text.puts     0x00000000080161e4       0x10 e:/tools/stm/cubeide/stm32cubeide_1.11.0/stm32cubeide/plugins/com.st.stm32cube.ide.mcu.externaltools.gnu-tools-for-stm32.10.3-2021.10.win32_1.0.100.202210260954/tools/bin/../lib/gcc/arm-none-eabi/10.3.1/../../../../arm-none-eabi/lib/thumb/v7e-m+fp/hard\libc_nano.a(lib_a-puts.o)
                0x00000000080161e4                puts
 .text.__swbuf_r
                0x00000000080161f4       0xa4 e:/tools/stm/cubeide/stm32cubeide_1.11.0/stm32cubeide/plugins/com.st.stm32cube.ide.mcu.externaltools.gnu-tools-for-stm32.10.3-2021.10.win32_1.0.100.202210260954/tools/bin/../lib/gcc/arm-none-eabi/10.3.1/../../../../arm-none-eabi/lib/thumb/v7e-m+fp/hard\libc_nano.a(lib_a-wbuf.o)
                0x00000000080161f4                __swbuf_r
 .text.__swsetup_r
                0x0000000008016298       0xdc e:/tools/stm/cubeide/stm32cubeide_1.11.0/stm32cubeide/plugins/com.st.stm32cube.ide.mcu.externaltools.gnu-tools-for-stm32.10.3-2021.10.win32_1.0.100.202210260954/tools/bin/../lib/gcc/arm-none-eabi/10.3.1/../../../../arm-none-eabi/lib/thumb/v7e-m+fp/hard\libc_nano.a(lib_a-wsetup.o)
                0x0000000008016298                __swsetup_r
 .text.__sflush_r
                0x0000000008016374      0x10c e:/tools/stm/cubeide/stm32cubeide_1.11.0/stm32cubeide/plugins/com.st.stm32cube.ide.mcu.externaltools.gnu-tools-for-stm32.10.3-2021.10.win32_1.0.100.202210260954/tools/bin/../lib/gcc/arm-none-eabi/10.3.1/../../../../arm-none-eabi/lib/thumb/v7e-m+fp/hard\libc_nano.a(lib_a-fflush.o)
                0x0000000008016374                __sflush_r
 .text._fflush_r
                0x0000000008016480       0x78 e:/tools/stm/cubeide/stm32cubeide_1.11.0/stm32cubeide/plugins/com.st.stm32cube.ide.mcu.externaltools.gnu-tools-for-stm32.10.3-2021.10.win32_1.0.100.202210260954/tools/bin/../lib/gcc/arm-none-eabi/10.3.1/../../../../arm-none-eabi/lib/thumb/v7e-m+fp/hard\libc_nano.a(lib_a-fflush.o)
                0x0000000008016480                _fflush_r
 .text.std      0x00000000080164f8       0x48 e:/tools/stm/cubeide/stm32cubeide_1.11.0/stm32cubeide/plugins/com.st.stm32cube.ide.mcu.externaltools.gnu-tools-for-stm32.10.3-2021.10.win32_1.0.100.202210260954/tools/bin/../lib/gcc/arm-none-eabi/10.3.1/../../../../arm-none-eabi/lib/thumb/v7e-m+fp/hard\libc_nano.a(lib_a-findfp.o)
 .text._cleanup_r
                0x0000000008016540        0xc e:/tools/stm/cubeide/stm32cubeide_1.11.0/stm32cubeide/plugins/com.st.stm32cube.ide.mcu.externaltools.gnu-tools-for-stm32.10.3-2021.10.win32_1.0.100.202210260954/tools/bin/../lib/gcc/arm-none-eabi/10.3.1/../../../../arm-none-eabi/lib/thumb/v7e-m+fp/hard\libc_nano.a(lib_a-findfp.o)
                0x0000000008016540                _cleanup_r
 .text.__sfmoreglue
                0x000000000801654c       0x2c e:/tools/stm/cubeide/stm32cubeide_1.11.0/stm32cubeide/plugins/com.st.stm32cube.ide.mcu.externaltools.gnu-tools-for-stm32.10.3-2021.10.win32_1.0.100.202210260954/tools/bin/../lib/gcc/arm-none-eabi/10.3.1/../../../../arm-none-eabi/lib/thumb/v7e-m+fp/hard\libc_nano.a(lib_a-findfp.o)
                0x000000000801654c                __sfmoreglue
 .text.__sfp_lock_acquire
                0x0000000008016578        0xc e:/tools/stm/cubeide/stm32cubeide_1.11.0/stm32cubeide/plugins/com.st.stm32cube.ide.mcu.externaltools.gnu-tools-for-stm32.10.3-2021.10.win32_1.0.100.202210260954/tools/bin/../lib/gcc/arm-none-eabi/10.3.1/../../../../arm-none-eabi/lib/thumb/v7e-m+fp/hard\libc_nano.a(lib_a-findfp.o)
                0x0000000008016578                __sfp_lock_acquire
 .text.__sfp_lock_release
                0x0000000008016584        0xc e:/tools/stm/cubeide/stm32cubeide_1.11.0/stm32cubeide/plugins/com.st.stm32cube.ide.mcu.externaltools.gnu-tools-for-stm32.10.3-2021.10.win32_1.0.100.202210260954/tools/bin/../lib/gcc/arm-none-eabi/10.3.1/../../../../arm-none-eabi/lib/thumb/v7e-m+fp/hard\libc_nano.a(lib_a-findfp.o)
                0x0000000008016584                __sfp_lock_release
 .text.__sinit_lock_acquire
                0x0000000008016590        0xc e:/tools/stm/cubeide/stm32cubeide_1.11.0/stm32cubeide/plugins/com.st.stm32cube.ide.mcu.externaltools.gnu-tools-for-stm32.10.3-2021.10.win32_1.0.100.202210260954/tools/bin/../lib/gcc/arm-none-eabi/10.3.1/../../../../arm-none-eabi/lib/thumb/v7e-m+fp/hard\libc_nano.a(lib_a-findfp.o)
                0x0000000008016590                __sinit_lock_acquire
 .text.__sinit_lock_release
                0x000000000801659c        0xc e:/tools/stm/cubeide/stm32cubeide_1.11.0/stm32cubeide/plugins/com.st.stm32cube.ide.mcu.externaltools.gnu-tools-for-stm32.10.3-2021.10.win32_1.0.100.202210260954/tools/bin/../lib/gcc/arm-none-eabi/10.3.1/../../../../arm-none-eabi/lib/thumb/v7e-m+fp/hard\libc_nano.a(lib_a-findfp.o)
                0x000000000801659c                __sinit_lock_release
 .text.__sinit  0x00000000080165a8       0x70 e:/tools/stm/cubeide/stm32cubeide_1.11.0/stm32cubeide/plugins/com.st.stm32cube.ide.mcu.externaltools.gnu-tools-for-stm32.10.3-2021.10.win32_1.0.100.202210260954/tools/bin/../lib/gcc/arm-none-eabi/10.3.1/../../../../arm-none-eabi/lib/thumb/v7e-m+fp/hard\libc_nano.a(lib_a-findfp.o)
                0x00000000080165a8                __sinit