F:/MasterDiploma2/src_STM32/Mac_802_15_4_FFD/Middlewares/ST/STM32_WPAN/mac_802_15_4/core/src/mac_802_15_4_core_wb.c:67:13:utils_mac_set_cmdCode	24	static
F:/MasterDiploma2/src_STM32/Mac_802_15_4_FFD/Middlewares/ST/STM32_WPAN/mac_802_15_4/core/src/mac_802_15_4_core_wb.c:88:19:MAC_802_15_4_CallBack_Processing	448	static
F:/MasterDiploma2/src_STM32/Mac_802_15_4_FFD/Middlewares/ST/STM32_WPAN/mac_802_15_4/core/src/mac_802_15_4_core_wb.c:305:14:MAC_MLMEAssociateReq	32	static
F:/MasterDiploma2/src_STM32/Mac_802_15_4_FFD/Middlewares/ST/STM32_WPAN/mac_802_15_4/core/src/mac_802_15_4_core_wb.c:338:14:MAC_MLMEDisassociateReq	32	static
F:/MasterDiploma2/src_STM32/Mac_802_15_4_FFD/Middlewares/ST/STM32_WPAN/mac_802_15_4/core/src/mac_802_15_4_core_wb.c:371:14:MAC_MLMEGetReq	32	static
F:/MasterDiploma2/src_STM32/Mac_802_15_4_FFD/Middlewares/ST/STM32_WPAN/mac_802_15_4/core/src/mac_802_15_4_core_wb.c:404:14:MAC_MLMEGtsReq	32	static
F:/MasterDiploma2/src_STM32/Mac_802_15_4_FFD/Middlewares/ST/STM32_WPAN/mac_802_15_4/core/src/mac_802_15_4_core_wb.c:437:14:MAC_MLMEResetReq	32	static
F:/MasterDiploma2/src_STM32/Mac_802_15_4_FFD/Middlewares/ST/STM32_WPAN/mac_802_15_4/core/src/mac_802_15_4_core_wb.c:472:14:MAC_MLMERxEnableReq	32	static
F:/MasterDiploma2/src_STM32/Mac_802_15_4_FFD/Middlewares/ST/STM32_WPAN/mac_802_15_4/core/src/mac_802_15_4_core_wb.c:506:14:MAC_MLMEScanReq	32	static
F:/MasterDiploma2/src_STM32/Mac_802_15_4_FFD/Middlewares/ST/STM32_WPAN/mac_802_15_4/core/src/mac_802_15_4_core_wb.c:539:14:MAC_MLMESetReq	32	static
F:/MasterDiploma2/src_STM32/Mac_802_15_4_FFD/Middlewares/ST/STM32_WPAN/mac_802_15_4/core/src/mac_802_15_4_core_wb.c:572:14:MAC_MLMEStartReq	32	static
F:/MasterDiploma2/src_STM32/Mac_802_15_4_FFD/Middlewares/ST/STM32_WPAN/mac_802_15_4/core/src/mac_802_15_4_core_wb.c:605:14:MAC_MLMESyncReq	32	static
F:/MasterDiploma2/src_STM32/Mac_802_15_4_FFD/Middlewares/ST/STM32_WPAN/mac_802_15_4/core/src/mac_802_15_4_core_wb.c:640:14:MAC_MLMEPollReq	32	static
F:/MasterDiploma2/src_STM32/Mac_802_15_4_FFD/Middlewares/ST/STM32_WPAN/mac_802_15_4/core/src/mac_802_15_4_core_wb.c:673:14:MAC_MLMEDpsReq	32	static
F:/MasterDiploma2/src_STM32/Mac_802_15_4_FFD/Middlewares/ST/STM32_WPAN/mac_802_15_4/core/src/mac_802_15_4_core_wb.c:706:14:MAC_MLMESoundingReq	32	static
F:/MasterDiploma2/src_STM32/Mac_802_15_4_FFD/Middlewares/ST/STM32_WPAN/mac_802_15_4/core/src/mac_802_15_4_core_wb.c:739:14:MAC_MLMECalibrateReq	32	static
F:/MasterDiploma2/src_STM32/Mac_802_15_4_FFD/Middlewares/ST/STM32_WPAN/mac_802_15_4/core/src/mac_802_15_4_core_wb.c:772:14:MAC_MCPSDataReq	32	static
F:/MasterDiploma2/src_STM32/Mac_802_15_4_FFD/Middlewares/ST/STM32_WPAN/mac_802_15_4/core/src/mac_802_15_4_core_wb.c:805:14:MAC_MCPSPurgeReq	32	static
F:/MasterDiploma2/src_STM32/Mac_802_15_4_FFD/Middlewares/ST/STM32_WPAN/mac_802_15_4/core/src/mac_802_15_4_core_wb.c:840:14:MAC_MLMEAssociateRes	32	static
F:/MasterDiploma2/src_STM32/Mac_802_15_4_FFD/Middlewares/ST/STM32_WPAN/mac_802_15_4/core/src/mac_802_15_4_core_wb.c:873:14:MAC_MLMEOrphanRes	32	static
